Archive member included to satisfy reference by file (symbol)

d:/gcc-arm-none-eabi-8-2018-q4-major-win32/bin/../lib/gcc/arm-none-eabi/7.3.1/../../../../arm-none-eabi/lib/thumb/v7-m\libc_nano.a(lib_a-exit.o)
                              d:/gcc-arm-none-eabi-8-2018-q4-major-win32/bin/../lib/gcc/arm-none-eabi/7.3.1/../../../../arm-none-eabi/lib/thumb/v7-m/crt0.o (exit)
d:/gcc-arm-none-eabi-8-2018-q4-major-win32/bin/../lib/gcc/arm-none-eabi/7.3.1/../../../../arm-none-eabi/lib/thumb/v7-m\libc_nano.a(lib_a-impure.o)
                              d:/gcc-arm-none-eabi-8-2018-q4-major-win32/bin/../lib/gcc/arm-none-eabi/7.3.1/../../../../arm-none-eabi/lib/thumb/v7-m\libc_nano.a(lib_a-exit.o) (_global_impure_ptr)
d:/gcc-arm-none-eabi-8-2018-q4-major-win32/bin/../lib/gcc/arm-none-eabi/7.3.1/../../../../arm-none-eabi/lib/thumb/v7-m\libc_nano.a(lib_a-init.o)
                              d:/gcc-arm-none-eabi-8-2018-q4-major-win32/bin/../lib/gcc/arm-none-eabi/7.3.1/../../../../arm-none-eabi/lib/thumb/v7-m/crt0.o (__libc_init_array)
d:/gcc-arm-none-eabi-8-2018-q4-major-win32/bin/../lib/gcc/arm-none-eabi/7.3.1/../../../../arm-none-eabi/lib/thumb/v7-m\libc_nano.a(lib_a-memset.o)
                              d:/gcc-arm-none-eabi-8-2018-q4-major-win32/bin/../lib/gcc/arm-none-eabi/7.3.1/../../../../arm-none-eabi/lib/thumb/v7-m/crt0.o (memset)
d:/gcc-arm-none-eabi-8-2018-q4-major-win32/bin/../lib/gcc/arm-none-eabi/7.3.1/../../../../arm-none-eabi/lib/thumb/v7-m\libc_nano.a(lib_a-puts.o)
                              build/main.o (puts)
d:/gcc-arm-none-eabi-8-2018-q4-major-win32/bin/../lib/gcc/arm-none-eabi/7.3.1/../../../../arm-none-eabi/lib/thumb/v7-m\libc_nano.a(lib_a-wbuf.o)
                              d:/gcc-arm-none-eabi-8-2018-q4-major-win32/bin/../lib/gcc/arm-none-eabi/7.3.1/../../../../arm-none-eabi/lib/thumb/v7-m\libc_nano.a(lib_a-puts.o) (__swbuf_r)
d:/gcc-arm-none-eabi-8-2018-q4-major-win32/bin/../lib/gcc/arm-none-eabi/7.3.1/../../../../arm-none-eabi/lib/thumb/v7-m\libc_nano.a(lib_a-wsetup.o)
                              d:/gcc-arm-none-eabi-8-2018-q4-major-win32/bin/../lib/gcc/arm-none-eabi/7.3.1/../../../../arm-none-eabi/lib/thumb/v7-m\libc_nano.a(lib_a-puts.o) (__swsetup_r)
d:/gcc-arm-none-eabi-8-2018-q4-major-win32/bin/../lib/gcc/arm-none-eabi/7.3.1/../../../../arm-none-eabi/lib/thumb/v7-m\libc_nano.a(lib_a-fflush.o)
                              d:/gcc-arm-none-eabi-8-2018-q4-major-win32/bin/../lib/gcc/arm-none-eabi/7.3.1/../../../../arm-none-eabi/lib/thumb/v7-m\libc_nano.a(lib_a-wbuf.o) (_fflush_r)
d:/gcc-arm-none-eabi-8-2018-q4-major-win32/bin/../lib/gcc/arm-none-eabi/7.3.1/../../../../arm-none-eabi/lib/thumb/v7-m\libc_nano.a(lib_a-findfp.o)
                              d:/gcc-arm-none-eabi-8-2018-q4-major-win32/bin/../lib/gcc/arm-none-eabi/7.3.1/../../../../arm-none-eabi/lib/thumb/v7-m\libc_nano.a(lib_a-puts.o) (__sinit)
d:/gcc-arm-none-eabi-8-2018-q4-major-win32/bin/../lib/gcc/arm-none-eabi/7.3.1/../../../../arm-none-eabi/lib/thumb/v7-m\libc_nano.a(lib_a-fwalk.o)
                              d:/gcc-arm-none-eabi-8-2018-q4-major-win32/bin/../lib/gcc/arm-none-eabi/7.3.1/../../../../arm-none-eabi/lib/thumb/v7-m\libc_nano.a(lib_a-findfp.o) (_fwalk)
d:/gcc-arm-none-eabi-8-2018-q4-major-win32/bin/../lib/gcc/arm-none-eabi/7.3.1/../../../../arm-none-eabi/lib/thumb/v7-m\libc_nano.a(lib_a-makebuf.o)
                              d:/gcc-arm-none-eabi-8-2018-q4-major-win32/bin/../lib/gcc/arm-none-eabi/7.3.1/../../../../arm-none-eabi/lib/thumb/v7-m\libc_nano.a(lib_a-wsetup.o) (__smakebuf_r)
d:/gcc-arm-none-eabi-8-2018-q4-major-win32/bin/../lib/gcc/arm-none-eabi/7.3.1/../../../../arm-none-eabi/lib/thumb/v7-m\libc_nano.a(lib_a-nano-freer.o)
                              d:/gcc-arm-none-eabi-8-2018-q4-major-win32/bin/../lib/gcc/arm-none-eabi/7.3.1/../../../../arm-none-eabi/lib/thumb/v7-m\libc_nano.a(lib_a-wsetup.o) (_free_r)
d:/gcc-arm-none-eabi-8-2018-q4-major-win32/bin/../lib/gcc/arm-none-eabi/7.3.1/../../../../arm-none-eabi/lib/thumb/v7-m\libc_nano.a(lib_a-nano-mallocr.o)
                              d:/gcc-arm-none-eabi-8-2018-q4-major-win32/bin/../lib/gcc/arm-none-eabi/7.3.1/../../../../arm-none-eabi/lib/thumb/v7-m\libc_nano.a(lib_a-findfp.o) (_malloc_r)
d:/gcc-arm-none-eabi-8-2018-q4-major-win32/bin/../lib/gcc/arm-none-eabi/7.3.1/../../../../arm-none-eabi/lib/thumb/v7-m\libc_nano.a(lib_a-sbrkr.o)
                              d:/gcc-arm-none-eabi-8-2018-q4-major-win32/bin/../lib/gcc/arm-none-eabi/7.3.1/../../../../arm-none-eabi/lib/thumb/v7-m\libc_nano.a(lib_a-nano-mallocr.o) (_sbrk_r)
d:/gcc-arm-none-eabi-8-2018-q4-major-win32/bin/../lib/gcc/arm-none-eabi/7.3.1/../../../../arm-none-eabi/lib/thumb/v7-m\libc_nano.a(lib_a-stdio.o)
                              d:/gcc-arm-none-eabi-8-2018-q4-major-win32/bin/../lib/gcc/arm-none-eabi/7.3.1/../../../../arm-none-eabi/lib/thumb/v7-m\libc_nano.a(lib_a-findfp.o) (__sread)
[...]
Memory Configuration

Name             Origin             Length             Attributes
RAM              0x20000000         0x0000c000         xrw
FLASH            0x08000000         0x00040000         xr
*default*        0x00000000         0xffffffff

Linker script and memory map

LOAD d:/gcc-arm-none-eabi-8-2018-q4-major-win32/bin/../lib/gcc/arm-none-eabi/7.3.1/thumb/v7-m/crti.o
LOAD d:/gcc-arm-none-eabi-8-2018-q4-major-win32/bin/../lib/gcc/arm-none-eabi/7.3.1/thumb/v7-m/crtbegin.o
LOAD d:/gcc-arm-none-eabi-8-2018-q4-major-win32/bin/../lib/gcc/arm-none-eabi/7.3.1/../../../../arm-none-eabi/lib/thumb/v7-m/crt0.o
LOAD build/main.o
LOAD build/gpio.o
LOAD build/usart.o
LOAD build/stm32f1xx_it.o
LOAD build/stm32f1xx_hal_msp.o
LOAD build/stm32f1xx_hal_gpio_ex.o
LOAD build/stm32f1xx_hal_tim.o
LOAD build/stm32f1xx_hal_tim_ex.o
LOAD build/stm32f1xx_hal_uart.o
LOAD build/stm32f1xx_hal.o
LOAD build/stm32f1xx_hal_rcc.o
LOAD build/stm32f1xx_hal_rcc_ex.o
LOAD build/stm32f1xx_hal_gpio.o
LOAD build/stm32f1xx_hal_dma.o
LOAD build/stm32f1xx_hal_cortex.o
LOAD build/stm32f1xx_hal_pwr.o
LOAD build/stm32f1xx_hal_flash.o
LOAD build/stm32f1xx_hal_flash_ex.o
LOAD build/stm32f1xx_hal_exti.o
LOAD build/system_stm32f1xx.o
LOAD build/startup_stm32f103xe.o
LOAD d:/gcc-arm-none-eabi-8-2018-q4-major-win32/bin/../lib/gcc/arm-none-eabi/7.3.1/../../../../arm-none-eabi/lib/thumb/v7-m\libc_nano.a
LOAD d:/gcc-arm-none-eabi-8-2018-q4-major-win32/bin/../lib/gcc/arm-none-eabi/7.3.1/../../../../arm-none-eabi/lib/thumb/v7-m\libm.a
LOAD d:/gcc-arm-none-eabi-8-2018-q4-major-win32/bin/../lib/gcc/arm-none-eabi/7.3.1/../../../../arm-none-eabi/lib/thumb/v7-m\libnosys.a
START GROUP
LOAD d:/gcc-arm-none-eabi-8-2018-q4-major-win32/bin/../lib/gcc/arm-none-eabi/7.3.1/thumb/v7-m\libgcc.a
LOAD d:/gcc-arm-none-eabi-8-2018-q4-major-win32/bin/../lib/gcc/arm-none-eabi/7.3.1/../../../../arm-none-eabi/lib/thumb/v7-m\libc_nano.a
END GROUP
START GROUP
LOAD d:/gcc-arm-none-eabi-8-2018-q4-major-win32/bin/../lib/gcc/arm-none-eabi/7.3.1/thumb/v7-m\libgcc.a
LOAD d:/gcc-arm-none-eabi-8-2018-q4-major-win32/bin/../lib/gcc/arm-none-eabi/7.3.1/../../../../arm-none-eabi/lib/thumb/v7-m\libc_nano.a
END GROUP
LOAD d:/gcc-arm-none-eabi-8-2018-q4-major-win32/bin/../lib/gcc/arm-none-eabi/7.3.1/thumb/v7-m/crtend.o
LOAD d:/gcc-arm-none-eabi-8-2018-q4-major-win32/bin/../lib/gcc/arm-none-eabi/7.3.1/thumb/v7-m/crtn.o
                0x2000c000                _estack = 0x2000c000
                0x00000200                _Min_Heap_Size = 0x200
                0x00000400                _Min_Stack_Size = 0x400

.isr_vector     0x08000000      0x1e4
                0x08000000                . = ALIGN (0x4)
 *(.isr_vector)
 .isr_vector    0x08000000      0x1e4 build/startup_stm32f103xe.o
                0x08000000                g_pfnVectors
                0x080001e4                . = ALIGN (0x4)

.text           0x080001e4     0x1d14
                0x080001e4                . = ALIGN (0x4)
 *(.text)
 .text          0x080001e4       0x40 d:/gcc-arm-none-eabi-8-2018-q4-major-win32/bin/../lib/gcc/arm-none-eabi/7.3.1/thumb/v7-m/crtbegin.o
 *(.text*)
 .text.SystemClock_Config
                0x08000224       0x52 build/main.o
                0x08000224                SystemClock_Config
 *fill*         0x08000276        0x2 
 .text.main     0x08000278       0x30 build/main.o
                0x08000278                main
 .text.Error_Handler
                0x080002a8        0x2 build/main.o
                0x080002a8                Error_Handler
 *fill*         0x080002aa        0x2 
 .text.MX_GPIO_Init
                0x080002ac       0x30 build/gpio.o
                0x080002ac                MX_GPIO_Init
 .text.MX_USART1_UART_Init
                0x080002dc       0x34 build/usart.o
                0x080002dc                MX_USART1_UART_Init
 .text.HAL_UART_MspInit
                0x08000310       0x88 build/usart.o
                0x08000310                HAL_UART_MspInit
 .text.Usart_SendString
                0x08000398       0x24 build/usart.o
                0x08000398                Usart_SendString
 .text.__io_putchar
                0x080003bc       0x24 build/usart.o
                0x080003bc                __io_putchar
 .text._write   0x080003e0       0x1c build/usart.o
                0x080003e0                _write
 .text.NMI_Handler
                0x080003fc        0x2 build/stm32f1xx_it.o
                0x080003fc                NMI_Handler
 .text.HardFault_Handler
                0x080003fe        0x2 build/stm32f1xx_it.o
                0x080003fe                HardFault_Handler
 .text.MemManage_Handler
                0x08000400        0x2 build/stm32f1xx_it.o
                0x08000400                MemManage_Handler
 .text.BusFault_Handler
                0x08000402        0x2 build/stm32f1xx_it.o
                0x08000402                BusFault_Handler
 .text.UsageFault_Handler
                0x08000404        0x2 build/stm32f1xx_it.o
                0x08000404                UsageFault_Handler
 .text.SVC_Handler
                0x08000406        0x2 build/stm32f1xx_it.o
                0x08000406                SVC_Handler
 .text.DebugMon_Handler
                0x08000408        0x2 build/stm32f1xx_it.o
                0x08000408                DebugMon_Handler
 .text.PendSV_Handler
                0x0800040a        0x2 build/stm32f1xx_it.o
                0x0800040a                PendSV_Handler
 .text.SysTick_Handler
                0x0800040c        0x8 build/stm32f1xx_it.o
                0x0800040c                SysTick_Handler
 .text.RCC_IRQHandler
                0x08000414        0x2 build/stm32f1xx_it.o
                0x08000414                RCC_IRQHandler
 *fill*         0x08000416        0x2 
 .text.USART1_IRQHandler
                0x08000418       0x10 build/stm32f1xx_it.o
                0x08000418                USART1_IRQHandler
 .text.HAL_MspInit
                0x08000428       0x5c build/stm32f1xx_hal_msp.o
                0x08000428                HAL_MspInit
 .text.UART_EndRxTransfer
                0x08000484       0x1c build/stm32f1xx_hal_uart.o
 .text.UART_Transmit_IT
                0x080004a0       0x68 build/stm32f1xx_hal_uart.o
 .text.UART_SetConfig
                0x08000508       0xcc build/stm32f1xx_hal_uart.o
 .text.UART_WaitOnFlagUntilTimeout
                0x080005d4       0x62 build/stm32f1xx_hal_uart.o
 .text.HAL_UART_Init
                0x08000636       0x5e build/stm32f1xx_hal_uart.o
                0x08000636                HAL_UART_Init
 .text.HAL_UART_Transmit
                0x08000694       0xe0 build/stm32f1xx_hal_uart.o
                0x08000694                HAL_UART_Transmit
 .text.HAL_UART_TxCpltCallback
                0x08000774        0x2 build/stm32f1xx_hal_uart.o
                0x08000774                HAL_UART_TxCpltCallback
 .text.UART_EndTransmit_IT
                0x08000776       0x1a build/stm32f1xx_hal_uart.o
 .text.HAL_UART_RxCpltCallback
                0x08000790        0x2 build/stm32f1xx_hal_uart.o
                0x08000790                HAL_UART_RxCpltCallback
 .text.UART_Receive_IT
                0x08000792       0x9c build/stm32f1xx_hal_uart.o
 .text.HAL_UART_ErrorCallback
                0x0800082e        0x2 build/stm32f1xx_hal_uart.o
                0x0800082e                HAL_UART_ErrorCallback
 .text.HAL_UART_IRQHandler
                0x08000830      0x120 build/stm32f1xx_hal_uart.o
                0x08000830                HAL_UART_IRQHandler
 .text.UART_DMAAbortOnError
                0x08000950       0x10 build/stm32f1xx_hal_uart.o
 .text.HAL_InitTick
                0x08000960       0x4c build/stm32f1xx_hal.o
                0x08000960                HAL_InitTick
 .text.HAL_Init
                0x080009ac       0x24 build/stm32f1xx_hal.o
                0x080009ac                HAL_Init
 .text.HAL_IncTick
                0x080009d0       0x18 build/stm32f1xx_hal.o
                0x080009d0                HAL_IncTick
 .text.HAL_GetTick
                0x080009e8        0xc build/stm32f1xx_hal.o
                0x080009e8                HAL_GetTick
 .text.HAL_Delay
                0x080009f4       0x28 build/stm32f1xx_hal.o
                0x080009f4                HAL_Delay
 .text.RCC_Delay
                0x08000a1c       0x2c build/stm32f1xx_hal_rcc.o
 .text.HAL_RCC_OscConfig
                0x08000a48      0x410 build/stm32f1xx_hal_rcc.o
                0x08000a48                HAL_RCC_OscConfig
 .text.HAL_RCC_GetSysClockFreq
                0x08000e58       0x7c build/stm32f1xx_hal_rcc.o
                0x08000e58                HAL_RCC_GetSysClockFreq
 .text.HAL_RCC_ClockConfig
                0x08000ed4      0x168 build/stm32f1xx_hal_rcc.o
                0x08000ed4                HAL_RCC_ClockConfig
 .text.HAL_RCC_GetHCLKFreq
                0x0800103c        0xc build/stm32f1xx_hal_rcc.o
                0x0800103c                HAL_RCC_GetHCLKFreq
 .text.HAL_RCC_GetPCLK1Freq
                0x08001048       0x20 build/stm32f1xx_hal_rcc.o
                0x08001048                HAL_RCC_GetPCLK1Freq
 .text.HAL_RCC_GetPCLK2Freq
                0x08001068       0x20 build/stm32f1xx_hal_rcc.o
                0x08001068                HAL_RCC_GetPCLK2Freq
 .text.HAL_GPIO_Init
                0x08001088      0x1f4 build/stm32f1xx_hal_gpio.o
                0x08001088                HAL_GPIO_Init
 .text.HAL_DMA_Abort_IT
                0x0800127c      0x168 build/stm32f1xx_hal_dma.o
                0x0800127c                HAL_DMA_Abort_IT
 .text.HAL_NVIC_SetPriorityGrouping
                0x080013e4       0x24 build/stm32f1xx_hal_cortex.o
                0x080013e4                HAL_NVIC_SetPriorityGrouping
 .text.HAL_NVIC_SetPriority
                0x08001408       0x68 build/stm32f1xx_hal_cortex.o
                0x08001408                HAL_NVIC_SetPriority
 .text.HAL_NVIC_EnableIRQ
                0x08001470       0x1c build/stm32f1xx_hal_cortex.o
                0x08001470                HAL_NVIC_EnableIRQ
 .text.HAL_SYSTICK_Config
                0x0800148c       0x2c build/stm32f1xx_hal_cortex.o
                0x0800148c                HAL_SYSTICK_Config
 .text.SystemInit
                0x080014b8       0x4c build/system_stm32f1xx.o
                0x080014b8                SystemInit
 .text.Reset_Handler
                0x08001504       0x48 build/startup_stm32f103xe.o
                0x08001504                Reset_Handler
 .text.Default_Handler
                0x0800154c        0x2 build/startup_stm32f103xe.o
                0x0800154c                RTC_Alarm_IRQHandler
                0x0800154c                EXTI2_IRQHandler
                0x0800154c                TIM8_TRG_COM_IRQHandler
                0x0800154c                TIM8_CC_IRQHandler
                0x0800154c                TIM1_CC_IRQHandler
                0x0800154c                TIM6_IRQHandler
                0x0800154c                PVD_IRQHandler
                0x0800154c                SDIO_IRQHandler
                0x0800154c                EXTI3_IRQHandler
                0x0800154c                EXTI0_IRQHandler
                0x0800154c                I2C2_EV_IRQHandler
                0x0800154c                ADC1_2_IRQHandler
                0x0800154c                SPI1_IRQHandler
                0x0800154c                TAMPER_IRQHandler
                0x0800154c                TIM8_UP_IRQHandler
                0x0800154c                DMA2_Channel2_IRQHandler
                0x0800154c                DMA1_Channel4_IRQHandler
                0x0800154c                USART3_IRQHandler
                0x0800154c                RTC_IRQHandler
                0x0800154c                DMA1_Channel7_IRQHandler
                0x0800154c                CAN1_RX1_IRQHandler
                0x0800154c                UART5_IRQHandler
                0x0800154c                ADC3_IRQHandler
                0x0800154c                TIM4_IRQHandler
                0x0800154c                DMA2_Channel1_IRQHandler
                0x0800154c                I2C1_EV_IRQHandler
                0x0800154c                DMA1_Channel6_IRQHandler
                0x0800154c                UART4_IRQHandler
                0x0800154c                TIM3_IRQHandler
                0x0800154c                TIM1_TRG_COM_IRQHandler
                0x0800154c                DMA1_Channel1_IRQHandler
                0x0800154c                Default_Handler
                0x0800154c                EXTI15_10_IRQHandler
                0x0800154c                TIM7_IRQHandler
                0x0800154c                TIM5_IRQHandler
                0x0800154c                EXTI9_5_IRQHandler
                0x0800154c                SPI2_IRQHandler
                0x0800154c                DMA1_Channel5_IRQHandler
                0x0800154c                EXTI4_IRQHandler
                0x0800154c                USB_LP_CAN1_RX0_IRQHandler
                0x0800154c                USB_HP_CAN1_TX_IRQHandler
                0x0800154c                DMA1_Channel3_IRQHandler
                0x0800154c                FSMC_IRQHandler
                0x0800154c                TIM1_UP_IRQHandler
                0x0800154c                WWDG_IRQHandler
                0x0800154c                TIM2_IRQHandler
                0x0800154c                TIM1_BRK_IRQHandler
                0x0800154c                EXTI1_IRQHandler
                0x0800154c                DMA2_Channel4_5_IRQHandler
                0x0800154c                USART2_IRQHandler
                0x0800154c                I2C2_ER_IRQHandler
                0x0800154c                DMA1_Channel2_IRQHandler
                0x0800154c                TIM8_BRK_IRQHandler
                0x0800154c                CAN1_SCE_IRQHandler
                0x0800154c                FLASH_IRQHandler
                0x0800154c                SPI3_IRQHandler
                0x0800154c                I2C1_ER_IRQHandler
                0x0800154c                USBWakeUp_IRQHandler
                0x0800154c                DMA2_Channel3_IRQHandler
 *fill*         0x0800154e        0x2 
 .text.__libc_init_array
                0x08001550       0x48 d:/gcc-arm-none-eabi-8-2018-q4-major-win32/bin/../lib/gcc/arm-none-eabi/7.3.1/../../../../arm-none-eabi/lib/thumb/v7-m\libc_nano.a(lib_a-init.o)
                0x08001550                __libc_init_array
 .text.memset   0x08001598       0x10 d:/gcc-arm-none-eabi-8-2018-q4-major-win32/bin/../lib/gcc/arm-none-eabi/7.3.1/../../../../arm-none-eabi/lib/thumb/v7-m\libc_nano.a(lib_a-memset.o)
                0x08001598                memset
 .text._puts_r  0x080015a8       0xb8 d:/gcc-arm-none-eabi-8-2018-q4-major-win32/bin/../lib/gcc/arm-none-eabi/7.3.1/../../../../arm-none-eabi/lib/thumb/v7-m\libc_nano.a(lib_a-puts.o)
                0x080015a8                _puts_r
 .text.puts     0x08001660       0x10 d:/gcc-arm-none-eabi-8-2018-q4-major-win32/bin/../lib/gcc/arm-none-eabi/7.3.1/../../../../arm-none-eabi/lib/thumb/v7-m\libc_nano.a(lib_a-puts.o)
                0x08001660                puts
 .text.__swbuf_r
                0x08001670       0xa4 d:/gcc-arm-none-eabi-8-2018-q4-major-win32/bin/../lib/gcc/arm-none-eabi/7.3.1/../../../../arm-none-eabi/lib/thumb/v7-m\libc_nano.a(lib_a-wbuf.o)
                0x08001670                __swbuf_r
 .text.__swsetup_r
                0x08001714       0xdc d:/gcc-arm-none-eabi-8-2018-q4-major-win32/bin/../lib/gcc/arm-none-eabi/7.3.1/../../../../arm-none-eabi/lib/thumb/v7-m\libc_nano.a(lib_a-wsetup.o)
                0x08001714                __swsetup_r
 .text.__sflush_r
                0x080017f0      0x10c d:/gcc-arm-none-eabi-8-2018-q4-major-win32/bin/../lib/gcc/arm-none-eabi/7.3.1/../../../../arm-none-eabi/lib/thumb/v7-m\libc_nano.a(lib_a-fflush.o)
                0x080017f0                __sflush_r
 .text._fflush_r
                0x080018fc       0x54 d:/gcc-arm-none-eabi-8-2018-q4-major-win32/bin/../lib/gcc/arm-none-eabi/7.3.1/../../../../arm-none-eabi/lib/thumb/v7-m\libc_nano.a(lib_a-fflush.o)
                0x080018fc                _fflush_r
 .text.std      0x08001950       0x48 d:/gcc-arm-none-eabi-8-2018-q4-major-win32/bin/../lib/gcc/arm-none-eabi/7.3.1/../../../../arm-none-eabi/lib/thumb/v7-m\libc_nano.a(lib_a-findfp.o)
 .text._cleanup_r
                0x08001998        0xc d:/gcc-arm-none-eabi-8-2018-q4-major-win32/bin/../lib/gcc/arm-none-eabi/7.3.1/../../../../arm-none-eabi/lib/thumb/v7-m\libc_nano.a(lib_a-findfp.o)
                0x08001998                _cleanup_r
 .text.__sfmoreglue
                0x080019a4       0x2c d:/gcc-arm-none-eabi-8-2018-q4-major-win32/bin/../lib/gcc/arm-none-eabi/7.3.1/../../../../arm-none-eabi/lib/thumb/v7-m\libc_nano.a(lib_a-findfp.o)
                0x080019a4                __sfmoreglue
 .text.__sinit  0x080019d0       0x60 d:/gcc-arm-none-eabi-8-2018-q4-major-win32/bin/../lib/gcc/arm-none-eabi/7.3.1/../../../../arm-none-eabi/lib/thumb/v7-m\libc_nano.a(lib_a-findfp.o)
                0x080019d0                __sinit
 .text.__sfp    0x08001a30       0x78 d:/gcc-arm-none-eabi-8-2018-q4-major-win32/bin/../lib/gcc/arm-none-eabi/7.3.1/../../../../arm-none-eabi/lib/thumb/v7-m\libc_nano.a(lib_a-findfp.o)
                0x08001a30                __sfp
 .text._fwalk_reent
                0x08001aa8       0x3c d:/gcc-arm-none-eabi-8-2018-q4-major-win32/bin/../lib/gcc/arm-none-eabi/7.3.1/../../../../arm-none-eabi/lib/thumb/v7-m\libc_nano.a(lib_a-fwalk.o)
                0x08001aa8                _fwalk_reent
 .text.__swhatbuf_r
                0x08001ae4       0x48 d:/gcc-arm-none-eabi-8-2018-q4-major-win32/bin/../lib/gcc/arm-none-eabi/7.3.1/../../../../arm-none-eabi/lib/thumb/v7-m\libc_nano.a(lib_a-makebuf.o)
                0x08001ae4                __swhatbuf_r
 .text.__smakebuf_r
                0x08001b2c       0x80 d:/gcc-arm-none-eabi-8-2018-q4-major-win32/bin/../lib/gcc/arm-none-eabi/7.3.1/../../../../arm-none-eabi/lib/thumb/v7-m\libc_nano.a(lib_a-makebuf.o)
                0x08001b2c                __smakebuf_r
 .text._free_r  0x08001bac       0x98 d:/gcc-arm-none-eabi-8-2018-q4-major-win32/bin/../lib/gcc/arm-none-eabi/7.3.1/../../../../arm-none-eabi/lib/thumb/v7-m\libc_nano.a(lib_a-nano-freer.o)
                0x08001bac                _free_r
 .text._malloc_r
                0x08001c44       0xb4 d:/gcc-arm-none-eabi-8-2018-q4-major-win32/bin/../lib/gcc/arm-none-eabi/7.3.1/../../../../arm-none-eabi/lib/thumb/v7-m\libc_nano.a(lib_a-nano-mallocr.o)
                0x08001c44                _malloc_r
 .text._sbrk_r  0x08001cf8       0x20 d:/gcc-arm-none-eabi-8-2018-q4-major-win32/bin/../lib/gcc/arm-none-eabi/7.3.1/../../../../arm-none-eabi/lib/thumb/v7-m\libc_nano.a(lib_a-sbrkr.o)
                0x08001cf8                _sbrk_r
 .text.__sread  0x08001d18       0x22 d:/gcc-arm-none-eabi-8-2018-q4-major-win32/bin/../lib/gcc/arm-none-eabi/7.3.1/../../../../arm-none-eabi/lib/thumb/v7-m\libc_nano.a(lib_a-stdio.o)
                0x08001d18                __sread
 .text.__swrite
                0x08001d3a       0x38 d:/gcc-arm-none-eabi-8-2018-q4-major-win32/bin/../lib/gcc/arm-none-eabi/7.3.1/../../../../arm-none-eabi/lib/thumb/v7-m\libc_nano.a(lib_a-stdio.o)
                0x08001d3a                __swrite
 .text.__sseek  0x08001d72       0x24 d:/gcc-arm-none-eabi-8-2018-q4-major-win32/bin/../lib/gcc/arm-none-eabi/7.3.1/../../../../arm-none-eabi/lib/thumb/v7-m\libc_nano.a(lib_a-stdio.o)
                0x08001d72                __sseek
 .text.__sclose
                0x08001d96        0x8 d:/gcc-arm-none-eabi-8-2018-q4-major-win32/bin/../lib/gcc/arm-none-eabi/7.3.1/../../../../arm-none-eabi/lib/thumb/v7-m\libc_nano.a(lib_a-stdio.o)
                0x08001d96                __sclose
 *fill*         0x08001d9e        0x2 
 .text._write_r
                0x08001da0       0x24 d:/gcc-arm-none-eabi-8-2018-q4-major-win32/bin/../lib/gcc/arm-none-eabi/7.3.1/../../../../arm-none-eabi/lib/thumb/v7-m\libc_nano.a(lib_a-writer.o)
                0x08001da0                _write_r
 .text._close_r
                0x08001dc4       0x20 d:/gcc-arm-none-eabi-8-2018-q4-major-win32/bin/../lib/gcc/arm-none-eabi/7.3.1/../../../../arm-none-eabi/lib/thumb/v7-m\libc_nano.a(lib_a-closer.o)
                0x08001dc4                _close_r
 .text._fstat_r
                0x08001de4       0x24 d:/gcc-arm-none-eabi-8-2018-q4-major-win32/bin/../lib/gcc/arm-none-eabi/7.3.1/../../../../arm-none-eabi/lib/thumb/v7-m\libc_nano.a(lib_a-fstatr.o)
                0x08001de4                _fstat_r
 .text._isatty_r
                0x08001e08       0x20 d:/gcc-arm-none-eabi-8-2018-q4-major-win32/bin/../lib/gcc/arm-none-eabi/7.3.1/../../../../arm-none-eabi/lib/thumb/v7-m\libc_nano.a(lib_a-isattyr.o)
                0x08001e08                _isatty_r
 .text._lseek_r
                0x08001e28       0x24 d:/gcc-arm-none-eabi-8-2018-q4-major-win32/bin/../lib/gcc/arm-none-eabi/7.3.1/../../../../arm-none-eabi/lib/thumb/v7-m\libc_nano.a(lib_a-lseekr.o)
                0x08001e28                _lseek_r
 .text.__malloc_lock
                0x08001e4c        0x2 d:/gcc-arm-none-eabi-8-2018-q4-major-win32/bin/../lib/gcc/arm-none-eabi/7.3.1/../../../../arm-none-eabi/lib/thumb/v7-m\libc_nano.a(lib_a-mlock.o)
                0x08001e4c                __malloc_lock
 .text.__malloc_unlock
                0x08001e4e        0x2 d:/gcc-arm-none-eabi-8-2018-q4-major-win32/bin/../lib/gcc/arm-none-eabi/7.3.1/../../../../arm-none-eabi/lib/thumb/v7-m\libc_nano.a(lib_a-mlock.o)
                0x08001e4e                __malloc_unlock
 .text._read_r  0x08001e50       0x24 d:/gcc-arm-none-eabi-8-2018-q4-major-win32/bin/../lib/gcc/arm-none-eabi/7.3.1/../../../../arm-none-eabi/lib/thumb/v7-m\libc_nano.a(lib_a-readr.o)
                0x08001e50                _read_r
 .text._close   0x08001e74       0x10 d:/gcc-arm-none-eabi-8-2018-q4-major-win32/bin/../lib/gcc/arm-none-eabi/7.3.1/../../../../arm-none-eabi/lib/thumb/v7-m\libnosys.a(close.o)
                0x08001e74                _close
 .text._fstat   0x08001e84       0x10 d:/gcc-arm-none-eabi-8-2018-q4-major-win32/bin/../lib/gcc/arm-none-eabi/7.3.1/../../../../arm-none-eabi/lib/thumb/v7-m\libnosys.a(fstat.o)
                0x08001e84                _fstat
 .text._isatty  0x08001e94       0x10 d:/gcc-arm-none-eabi-8-2018-q4-major-win32/bin/../lib/gcc/arm-none-eabi/7.3.1/../../../../arm-none-eabi/lib/thumb/v7-m\libnosys.a(isatty.o)
                0x08001e94                _isatty
 .text._lseek   0x08001ea4       0x10 d:/gcc-arm-none-eabi-8-2018-q4-major-win32/bin/../lib/gcc/arm-none-eabi/7.3.1/../../../../arm-none-eabi/lib/thumb/v7-m\libnosys.a(lseek.o)
                0x08001ea4                _lseek
 .text._read    0x08001eb4       0x10 d:/gcc-arm-none-eabi-8-2018-q4-major-win32/bin/../lib/gcc/arm-none-eabi/7.3.1/../../../../arm-none-eabi/lib/thumb/v7-m\libnosys.a(read.o)
                0x08001eb4                _read
 .text._sbrk    0x08001ec4       0x1c d:/gcc-arm-none-eabi-8-2018-q4-major-win32/bin/../lib/gcc/arm-none-eabi/7.3.1/../../../../arm-none-eabi/lib/thumb/v7-m\libnosys.a(sbrk.o)
                0x08001ec4                _sbrk
 *(.glue_7)
 .glue_7        0x08001ee0        0x0 linker stubs
 *(.glue_7t)
 .glue_7t       0x08001ee0        0x0 linker stubs
 *(.eh_frame)
 .eh_frame      0x08001ee0        0x0 d:/gcc-arm-none-eabi-8-2018-q4-major-win32/bin/../lib/gcc/arm-none-eabi/7.3.1/thumb/v7-m/crtbegin.o
 *(.init)
 .init          0x08001ee0        0x4 d:/gcc-arm-none-eabi-8-2018-q4-major-win32/bin/../lib/gcc/arm-none-eabi/7.3.1/thumb/v7-m/crti.o
                0x08001ee0                _init
 .init          0x08001ee4        0x8 d:/gcc-arm-none-eabi-8-2018-q4-major-win32/bin/../lib/gcc/arm-none-eabi/7.3.1/thumb/v7-m/crtn.o
 *(.fini)
 .fini          0x08001eec        0x4 d:/gcc-arm-none-eabi-8-2018-q4-major-win32/bin/../lib/gcc/arm-none-eabi/7.3.1/thumb/v7-m/crti.o
                0x08001eec                _fini
 .fini          0x08001ef0        0x8 d:/gcc-arm-none-eabi-8-2018-q4-major-win32/bin/../lib/gcc/arm-none-eabi/7.3.1/thumb/v7-m/crtn.o
                0x08001ef8                . = ALIGN (0x4)
                0x08001ef8                _etext = .

.vfp11_veneer   0x08001ef8        0x0
 .vfp11_veneer  0x08001ef8        0x0 linker stubs

.v4_bx          0x08001ef8        0x0
 .v4_bx         0x08001ef8        0x0 linker stubs

.iplt           0x08001ef8        0x0
 .iplt          0x08001ef8        0x0 d:/gcc-arm-none-eabi-8-2018-q4-major-win32/bin/../lib/gcc/arm-none-eabi/7.3.1/thumb/v7-m/crtbegin.o

.rodata         0x08001ef8       0xbc
                0x08001ef8                . = ALIGN (0x4)
 *(.rodata)
 .rodata        0x08001ef8       0x12 build/stm32f1xx_hal_rcc.o
 *(.rodata*)
 *fill*         0x08001f0a        0x2 
 .rodata.main.str1.4
                0x08001f0c       0x2c build/main.o
 .rodata.AHBPrescTable
                0x08001f38       0x10 build/system_stm32f1xx.o
                0x08001f38                AHBPrescTable
 .rodata.APBPrescTable
                0x08001f48        0x8 build/system_stm32f1xx.o
                0x08001f48                APBPrescTable
 .rodata._global_impure_ptr
                0x08001f50        0x4 d:/gcc-arm-none-eabi-8-2018-q4-major-win32/bin/../lib/gcc/arm-none-eabi/7.3.1/../../../../arm-none-eabi/lib/thumb/v7-m\libc_nano.a(lib_a-impure.o)
                0x08001f50                _global_impure_ptr
 .rodata.__sf_fake_stderr
                0x08001f54       0x20 d:/gcc-arm-none-eabi-8-2018-q4-major-win32/bin/../lib/gcc/arm-none-eabi/7.3.1/../../../../arm-none-eabi/lib/thumb/v7-m\libc_nano.a(lib_a-findfp.o)
                0x08001f54                __sf_fake_stderr
 .rodata.__sf_fake_stdin
                0x08001f74       0x20 d:/gcc-arm-none-eabi-8-2018-q4-major-win32/bin/../lib/gcc/arm-none-eabi/7.3.1/../../../../arm-none-eabi/lib/thumb/v7-m\libc_nano.a(lib_a-findfp.o)
                0x08001f74                __sf_fake_stdin
 .rodata.__sf_fake_stdout
                0x08001f94       0x20 d:/gcc-arm-none-eabi-8-2018-q4-major-win32/bin/../lib/gcc/arm-none-eabi/7.3.1/../../../../arm-none-eabi/lib/thumb/v7-m\libc_nano.a(lib_a-findfp.o)
                0x08001f94                __sf_fake_stdout
                0x08001fb4                . = ALIGN (0x4)

.rel.dyn        0x08001fb4        0x0
 .rel.iplt      0x08001fb4        0x0 d:/gcc-arm-none-eabi-8-2018-q4-major-win32/bin/../lib/gcc/arm-none-eabi/7.3.1/thumb/v7-m/crtbegin.o

.ARM.extab
 *(.ARM.extab* .gnu.linkonce.armextab.*)

.ARM            0x08001fb4        0x0
                0x08001fb4                __exidx_start = .
 *(.ARM.exidx*)
                0x08001fb4                __exidx_end = .

.preinit_array  0x08001fb4        0x0
                0x08001fb4                PROVIDE (__preinit_array_start = .)
 *(.preinit_array*)
                0x08001fb4                PROVIDE (__preinit_array_end = .)

.init_array     0x08001fb4        0x4
                0x08001fb4                PROVIDE (__init_array_start = .)
 *(SORT_BY_NAME(.init_array.*))
 *(.init_array*)
 .init_array    0x08001fb4        0x4 d:/gcc-arm-none-eabi-8-2018-q4-major-win32/bin/../lib/gcc/arm-none-eabi/7.3.1/thumb/v7-m/crtbegin.o
                0x08001fb8                PROVIDE (__init_array_end = .)

.fini_array     0x08001fb8        0x4
                [!provide]                PROVIDE (__fini_array_start = .)
 *(SORT_BY_NAME(.fini_array.*))
 *(.fini_array*)
 .fini_array    0x08001fb8        0x4 d:/gcc-arm-none-eabi-8-2018-q4-major-win32/bin/../lib/gcc/arm-none-eabi/7.3.1/thumb/v7-m/crtbegin.o
                [!provide]                PROVIDE (__fini_array_end = .)
                0x08001fbc                _sidata = LOADADDR (.data)

.data           0x20000000       0x70 load address 0x08001fbc
                0x20000000                . = ALIGN (0x4)
                0x20000000                _sdata = .
 *(.data)
 *(.data*)
 .data.uwTickFreq
                0x20000000        0x1 build/stm32f1xx_hal.o
                0x20000000                uwTickFreq
 *fill*         0x20000001        0x3 
 .data.uwTickPrio
                0x20000004        0x4 build/stm32f1xx_hal.o
                0x20000004                uwTickPrio
 .data.SystemCoreClock
                0x20000008        0x4 build/system_stm32f1xx.o
                0x20000008                SystemCoreClock
 .data._impure_ptr
                0x2000000c        0x4 d:/gcc-arm-none-eabi-8-2018-q4-major-win32/bin/../lib/gcc/arm-none-eabi/7.3.1/../../../../arm-none-eabi/lib/thumb/v7-m\libc_nano.a(lib_a-impure.o)
                0x2000000c                _impure_ptr
 .data.impure_data
                0x20000010       0x60 d:/gcc-arm-none-eabi-8-2018-q4-major-win32/bin/../lib/gcc/arm-none-eabi/7.3.1/../../../../arm-none-eabi/lib/thumb/v7-m\libc_nano.a(lib_a-impure.o)
                0x20000070                . = ALIGN (0x4)
                0x20000070                _edata = .

.igot.plt       0x20000070        0x0 load address 0x0800202c
 .igot.plt      0x20000070        0x0 d:/gcc-arm-none-eabi-8-2018-q4-major-win32/bin/../lib/gcc/arm-none-eabi/7.3.1/thumb/v7-m/crtbegin.o
                0x20000070                . = ALIGN (0x4)

.bss            0x20000070       0x70 load address 0x0800202c
                0x20000070                _sbss = .
                0x20000070                __bss_start__ = _sbss
 *(.bss)
 .bss           0x20000070       0x1c d:/gcc-arm-none-eabi-8-2018-q4-major-win32/bin/../lib/gcc/arm-none-eabi/7.3.1/thumb/v7-m/crtbegin.o
 *(.bss*)
 .bss.__malloc_free_list
                0x2000008c        0x4 d:/gcc-arm-none-eabi-8-2018-q4-major-win32/bin/../lib/gcc/arm-none-eabi/7.3.1/../../../../arm-none-eabi/lib/thumb/v7-m\libc_nano.a(lib_a-nano-mallocr.o)
                0x2000008c                __malloc_free_list
 .bss.__malloc_sbrk_start
                0x20000090        0x4 d:/gcc-arm-none-eabi-8-2018-q4-major-win32/bin/../lib/gcc/arm-none-eabi/7.3.1/../../../../arm-none-eabi/lib/thumb/v7-m\libc_nano.a(lib_a-nano-mallocr.o)
                0x20000090                __malloc_sbrk_start
 .bss.heap_end.4102
                0x20000094        0x4 d:/gcc-arm-none-eabi-8-2018-q4-major-win32/bin/../lib/gcc/arm-none-eabi/7.3.1/../../../../arm-none-eabi/lib/thumb/v7-m\libnosys.a(sbrk.o)
 *(COMMON)
 COMMON         0x20000098       0x40 build/usart.o
                0x20000098                huart1
 COMMON         0x200000d8        0x4 build/stm32f1xx_hal.o
                0x200000d8                uwTick
 COMMON         0x200000dc        0x4 d:/gcc-arm-none-eabi-8-2018-q4-major-win32/bin/../lib/gcc/arm-none-eabi/7.3.1/../../../../arm-none-eabi/lib/thumb/v7-m\libc_nano.a(lib_a-reent.o)
                0x200000dc                errno
                0x200000e0                . = ALIGN (0x4)
                0x200000e0                _ebss = .
                0x200000e0                __bss_end__ = _ebss

._user_heap_stack
                0x200000e0      0x600 load address 0x0800202c
                0x200000e0                . = ALIGN (0x8)
                0x200000e0                PROVIDE (end = .)
                [!provide]                PROVIDE (_end = .)
                0x200002e0                . = (. + _Min_Heap_Size)
 *fill*         0x200000e0      0x200 
                0x200006e0                . = (. + _Min_Stack_Size)
 *fill*         0x200002e0      0x400 
                0x200006e0                . = ALIGN (0x8)

/DISCARD/
 libc.a(*)
 libm.a(*)
 libgcc.a(*)

.ARM.attributes
                0x00000000       0x29
 *(.ARM.attributes)
 .ARM.attributes
                0x00000000       0x1d d:/gcc-arm-none-eabi-8-2018-q4-major-win32/bin/../lib/gcc/arm-none-eabi/7.3.1/thumb/v7-m/crti.o
 .ARM.attributes
                0x0000001d       0x2d d:/gcc-arm-none-eabi-8-2018-q4-major-win32/bin/../lib/gcc/arm-none-eabi/7.3.1/thumb/v7-m/crtbegin.o
 .ARM.attributes
                0x0000004a       0x33 build/main.o
 .ARM.attributes
                0x0000007d       0x33 build/gpio.o
 .ARM.attributes
                0x000000b0       0x33 build/usart.o
 .ARM.attributes
                0x000000e3       0x33 build/stm32f1xx_it.o
 .ARM.attributes
                0x00000116       0x33 build/stm32f1xx_hal_msp.o
 .ARM.attributes
                0x00000149       0x33 build/stm32f1xx_hal_uart.o
 .ARM.attributes
                0x0000017c       0x33 build/stm32f1xx_hal.o
 .ARM.attributes
                0x000001af       0x33 build/stm32f1xx_hal_rcc.o
 .ARM.attributes
                0x000001e2       0x33 build/stm32f1xx_hal_gpio.o
 .ARM.attributes
                0x00000215       0x33 build/stm32f1xx_hal_dma.o
 .ARM.attributes
                0x00000248       0x33 build/stm32f1xx_hal_cortex.o
 .ARM.attributes
                0x0000027b       0x33 build/system_stm32f1xx.o
 .ARM.attributes
                0x000002ae       0x21 build/startup_stm32f103xe.o
 .ARM.attributes
                0x000002cf       0x2d d:/gcc-arm-none-eabi-8-2018-q4-major-win32/bin/../lib/gcc/arm-none-eabi/7.3.1/../../../../arm-none-eabi/lib/thumb/v7-m\libc_nano.a(lib_a-impure.o)
 .ARM.attributes
                0x000002fc       0x2d d:/gcc-arm-none-eabi-8-2018-q4-major-win32/bin/../lib/gcc/arm-none-eabi/7.3.1/../../../../arm-none-eabi/lib/thumb/v7-m\libc_nano.a(lib_a-init.o)
 .ARM.attributes
                0x00000329       0x2d d:/gcc-arm-none-eabi-8-2018-q4-major-win32/bin/../lib/gcc/arm-none-eabi/7.3.1/../../../../arm-none-eabi/lib/thumb/v7-m\libc_nano.a(lib_a-memset.o)
 .ARM.attributes
                0x00000356       0x2d d:/gcc-arm-none-eabi-8-2018-q4-major-win32/bin/../lib/gcc/arm-none-eabi/7.3.1/../../../../arm-none-eabi/lib/thumb/v7-m\libc_nano.a(lib_a-puts.o)
 .ARM.attributes
                0x00000383       0x2d d:/gcc-arm-none-eabi-8-2018-q4-major-win32/bin/../lib/gcc/arm-none-eabi/7.3.1/../../../../arm-none-eabi/lib/thumb/v7-m\libc_nano.a(lib_a-wbuf.o)
 .ARM.attributes
                0x000003b0       0x2d d:/gcc-arm-none-eabi-8-2018-q4-major-win32/bin/../lib/gcc/arm-none-eabi/7.3.1/../../../../arm-none-eabi/lib/thumb/v7-m\libc_nano.a(lib_a-wsetup.o)
 .ARM.attributes
                0x000003dd       0x2d d:/gcc-arm-none-eabi-8-2018-q4-major-win32/bin/../lib/gcc/arm-none-eabi/7.3.1/../../../../arm-none-eabi/lib/thumb/v7-m\libc_nano.a(lib_a-fflush.o)
 .ARM.attributes
                0x0000040a       0x2d d:/gcc-arm-none-eabi-8-2018-q4-major-win32/bin/../lib/gcc/arm-none-eabi/7.3.1/../../../../arm-none-eabi/lib/thumb/v7-m\libc_nano.a(lib_a-findfp.o)
 .ARM.attributes
                0x00000437       0x2d d:/gcc-arm-none-eabi-8-2018-q4-major-win32/bin/../lib/gcc/arm-none-eabi/7.3.1/../../../../arm-none-eabi/lib/thumb/v7-m\libc_nano.a(lib_a-fwalk.o)
 .ARM.attributes
                0x00000464       0x2d d:/gcc-arm-none-eabi-8-2018-q4-major-win32/bin/../lib/gcc/arm-none-eabi/7.3.1/../../../../arm-none-eabi/lib/thumb/v7-m\libc_nano.a(lib_a-makebuf.o)
 .ARM.attributes
                0x00000491       0x2d d:/gcc-arm-none-eabi-8-2018-q4-major-win32/bin/../lib/gcc/arm-none-eabi/7.3.1/../../../../arm-none-eabi/lib/thumb/v7-m\libc_nano.a(lib_a-nano-freer.o)
 .ARM.attributes
                0x000004be       0x2d d:/gcc-arm-none-eabi-8-2018-q4-major-win32/bin/../lib/gcc/arm-none-eabi/7.3.1/../../../../arm-none-eabi/lib/thumb/v7-m\libc_nano.a(lib_a-nano-mallocr.o)
 .ARM.attributes
                0x000004eb       0x2d d:/gcc-arm-none-eabi-8-2018-q4-major-win32/bin/../lib/gcc/arm-none-eabi/7.3.1/../../../../arm-none-eabi/lib/thumb/v7-m\libc_nano.a(lib_a-sbrkr.o)
 .ARM.attributes
                0x00000518       0x2d d:/gcc-arm-none-eabi-8-2018-q4-major-win32/bin/../lib/gcc/arm-none-eabi/7.3.1/../../../../arm-none-eabi/lib/thumb/v7-m\libc_nano.a(lib_a-stdio.o)
 .ARM.attributes
                0x00000545       0x2d d:/gcc-arm-none-eabi-8-2018-q4-major-win32/bin/../lib/gcc/arm-none-eabi/7.3.1/../../../../arm-none-eabi/lib/thumb/v7-m\libc_nano.a(lib_a-writer.o)
 .ARM.attributes
                0x00000572       0x2d d:/gcc-arm-none-eabi-8-2018-q4-major-win32/bin/../lib/gcc/arm-none-eabi/7.3.1/../../../../arm-none-eabi/lib/thumb/v7-m\libc_nano.a(lib_a-closer.o)
 .ARM.attributes
                0x0000059f       0x2d d:/gcc-arm-none-eabi-8-2018-q4-major-win32/bin/../lib/gcc/arm-none-eabi/7.3.1/../../../../arm-none-eabi/lib/thumb/v7-m\libc_nano.a(lib_a-fstatr.o)
 .ARM.attributes
                0x000005cc       0x2d d:/gcc-arm-none-eabi-8-2018-q4-major-win32/bin/../lib/gcc/arm-none-eabi/7.3.1/../../../../arm-none-eabi/lib/thumb/v7-m\libc_nano.a(lib_a-isattyr.o)
 .ARM.attributes
                0x000005f9       0x2d d:/gcc-arm-none-eabi-8-2018-q4-major-win32/bin/../lib/gcc/arm-none-eabi/7.3.1/../../../../arm-none-eabi/lib/thumb/v7-m\libc_nano.a(lib_a-lseekr.o)
 .ARM.attributes
                0x00000626       0x2d d:/gcc-arm-none-eabi-8-2018-q4-major-win32/bin/../lib/gcc/arm-none-eabi/7.3.1/../../../../arm-none-eabi/lib/thumb/v7-m\libc_nano.a(lib_a-mlock.o)
 .ARM.attributes
                0x00000653       0x2d d:/gcc-arm-none-eabi-8-2018-q4-major-win32/bin/../lib/gcc/arm-none-eabi/7.3.1/../../../../arm-none-eabi/lib/thumb/v7-m\libc_nano.a(lib_a-readr.o)
 .ARM.attributes
                0x00000680       0x2d d:/gcc-arm-none-eabi-8-2018-q4-major-win32/bin/../lib/gcc/arm-none-eabi/7.3.1/../../../../arm-none-eabi/lib/thumb/v7-m\libc_nano.a(lib_a-reent.o)
 .ARM.attributes
                0x000006ad       0x2d d:/gcc-arm-none-eabi-8-2018-q4-major-win32/bin/../lib/gcc/arm-none-eabi/7.3.1/../../../../arm-none-eabi/lib/thumb/v7-m\libnosys.a(close.o)
 .ARM.attributes
                0x000006da       0x2d d:/gcc-arm-none-eabi-8-2018-q4-major-win32/bin/../lib/gcc/arm-none-eabi/7.3.1/../../../../arm-none-eabi/lib/thumb/v7-m\libnosys.a(fstat.o)
 .ARM.attributes
                0x00000707       0x2d d:/gcc-arm-none-eabi-8-2018-q4-major-win32/bin/../lib/gcc/arm-none-eabi/7.3.1/../../../../arm-none-eabi/lib/thumb/v7-m\libnosys.a(isatty.o)
 .ARM.attributes
                0x00000734       0x2d d:/gcc-arm-none-eabi-8-2018-q4-major-win32/bin/../lib/gcc/arm-none-eabi/7.3.1/../../../../arm-none-eabi/lib/thumb/v7-m\libnosys.a(lseek.o)
 .ARM.attributes
                0x00000761       0x2d d:/gcc-arm-none-eabi-8-2018-q4-major-win32/bin/../lib/gcc/arm-none-eabi/7.3.1/../../../../arm-none-eabi/lib/thumb/v7-m\libnosys.a(read.o)
 .ARM.attributes
                0x0000078e       0x2d d:/gcc-arm-none-eabi-8-2018-q4-major-win32/bin/../lib/gcc/arm-none-eabi/7.3.1/../../../../arm-none-eabi/lib/thumb/v7-m\libnosys.a(sbrk.o)
 .ARM.attributes
                0x000007bb       0x1d d:/gcc-arm-none-eabi-8-2018-q4-major-win32/bin/../lib/gcc/arm-none-eabi/7.3.1/thumb/v7-m/crtn.o
OUTPUT(build/USART1.elf elf32-littlearm)

.debug_info     0x00000000     0x7a21
 .debug_info    0x00000000     0x11af build/main.o
 .debug_info    0x000011af      0x268 build/gpio.o
 .debug_info    0x00001417      0xc50 build/usart.o
 .debug_info    0x00002067      0x722 build/stm32f1xx_it.o
 .debug_info    0x00002789      0x516 build/stm32f1xx_hal_msp.o
 .debug_info    0x00002c9f     0x180e build/stm32f1xx_hal_uart.o
 .debug_info    0x000044ad      0x8bd build/stm32f1xx_hal.o
 .debug_info    0x00004d6a      0xa9a build/stm32f1xx_hal_rcc.o
 .debug_info    0x00005804      0x700 build/stm32f1xx_hal_gpio.o
 .debug_info    0x00005f04      0x8b7 build/stm32f1xx_hal_dma.o
 .debug_info    0x000067bb      0xdbb build/stm32f1xx_hal_cortex.o
 .debug_info    0x00007576      0x489 build/system_stm32f1xx.o
 .debug_info    0x000079ff       0x22 build/startup_stm32f103xe.o

.debug_abbrev   0x00000000     0x1832
 .debug_abbrev  0x00000000      0x268 build/main.o
 .debug_abbrev  0x00000268      0x108 build/gpio.o
 .debug_abbrev  0x00000370      0x21a build/usart.o
 .debug_abbrev  0x0000058a      0x167 build/stm32f1xx_it.o
 .debug_abbrev  0x000006f1      0x140 build/stm32f1xx_hal_msp.o
 .debug_abbrev  0x00000831      0x2ad build/stm32f1xx_hal_uart.o
 .debug_abbrev  0x00000ade      0x1fe build/stm32f1xx_hal.o
 .debug_abbrev  0x00000cdc      0x272 build/stm32f1xx_hal_rcc.o
 .debug_abbrev  0x00000f4e      0x213 build/stm32f1xx_hal_gpio.o
 .debug_abbrev  0x00001161      0x274 build/stm32f1xx_hal_dma.o
 .debug_abbrev  0x000013d5      0x318 build/stm32f1xx_hal_cortex.o
 .debug_abbrev  0x000016ed      0x133 build/system_stm32f1xx.o
 .debug_abbrev  0x00001820       0x12 build/startup_stm32f103xe.o

.debug_loc      0x00000000     0x3a0b
 .debug_loc     0x00000000       0x59 build/main.o
 .debug_loc     0x00000059       0x2c build/gpio.o
 .debug_loc     0x00000085      0x261 build/usart.o
 .debug_loc     0x000002e6       0x40 build/stm32f1xx_it.o
 .debug_loc     0x00000326       0x38 build/stm32f1xx_hal_msp.o
 .debug_loc     0x0000035e     0x19e7 build/stm32f1xx_hal_uart.o
 .debug_loc     0x00001d45      0x1b0 build/stm32f1xx_hal.o
 .debug_loc     0x00001ef5      0x68f build/stm32f1xx_hal_rcc.o
 .debug_loc     0x00002584      0x48c build/stm32f1xx_hal_gpio.o
 .debug_loc     0x00002a10      0x8df build/stm32f1xx_hal_dma.o
 .debug_loc     0x000032ef      0x63d build/stm32f1xx_hal_cortex.o
 .debug_loc     0x0000392c       0xdf build/system_stm32f1xx.o

.debug_aranges  0x00000000      0x620
 .debug_aranges
                0x00000000       0x30 build/main.o
 .debug_aranges
                0x00000030       0x20 build/gpio.o
 .debug_aranges
                0x00000050       0x48 build/usart.o
 .debug_aranges
                0x00000098       0x70 build/stm32f1xx_it.o
 .debug_aranges
                0x00000108       0x20 build/stm32f1xx_hal_msp.o
 .debug_aranges
                0x00000128      0x1d0 build/stm32f1xx_hal_uart.o
 .debug_aranges
                0x000002f8       0xe0 build/stm32f1xx_hal.o
 .debug_aranges
                0x000003d8       0x90 build/stm32f1xx_hal_rcc.o
 .debug_aranges
                0x00000468       0x58 build/stm32f1xx_hal_gpio.o
 .debug_aranges
                0x000004c0       0x80 build/stm32f1xx_hal_dma.o
 .debug_aranges
                0x00000540       0x90 build/stm32f1xx_hal_cortex.o
 .debug_aranges
                0x000005d0       0x28 build/system_stm32f1xx.o
 .debug_aranges
                0x000005f8       0x28 build/startup_stm32f103xe.o

.debug_ranges   0x00000000      0x5d8
 .debug_ranges  0x00000000       0x20 build/main.o
 .debug_ranges  0x00000020       0x10 build/gpio.o
 .debug_ranges  0x00000030       0x38 build/usart.o
 .debug_ranges  0x00000068       0x60 build/stm32f1xx_it.o
 .debug_ranges  0x000000c8       0x10 build/stm32f1xx_hal_msp.o
 .debug_ranges  0x000000d8      0x1c0 build/stm32f1xx_hal_uart.o
 .debug_ranges  0x00000298       0xd0 build/stm32f1xx_hal.o
 .debug_ranges  0x00000368       0xa0 build/stm32f1xx_hal_rcc.o
 .debug_ranges  0x00000408       0x48 build/stm32f1xx_hal_gpio.o
 .debug_ranges  0x00000450       0x70 build/stm32f1xx_hal_dma.o
 .debug_ranges  0x000004c0       0xe0 build/stm32f1xx_hal_cortex.o
 .debug_ranges  0x000005a0       0x18 build/system_stm32f1xx.o
 .debug_ranges  0x000005b8       0x20 build/startup_stm32f103xe.o

.debug_line     0x00000000     0x3105
 .debug_line    0x00000000      0x2f3 build/main.o
 .debug_line    0x000002f3      0x195 build/gpio.o
 .debug_line    0x00000488      0x2c6 build/usart.o
 .debug_line    0x0000074e      0x28a build/stm32f1xx_it.o
 .debug_line    0x000009d8      0x1c1 build/stm32f1xx_hal_msp.o
 .debug_line    0x00000b99      0xb39 build/stm32f1xx_hal_uart.o
 .debug_line    0x000016d2      0x3b8 build/stm32f1xx_hal.o
 .debug_line    0x00001a8a      0x4fc build/stm32f1xx_hal_rcc.o
 .debug_line    0x00001f86      0x39d build/stm32f1xx_hal_gpio.o
 .debug_line    0x00002323      0x7dc build/stm32f1xx_hal_dma.o
 .debug_line    0x00002aff      0x3a4 build/stm32f1xx_hal_cortex.o
 .debug_line    0x00002ea3      0x1f0 build/system_stm32f1xx.o
 .debug_line    0x00003093       0x72 build/startup_stm32f103xe.o

.debug_str      0x00000000     0x2202
 .debug_str     0x00000000      0xad9 build/main.o
                                0xb96 (size before relaxing)
 .debug_str     0x00000ad9       0x51 build/gpio.o
                                0x28b (size before relaxing)
 .debug_str     0x00000b2a      0x4c6 build/usart.o
                                0xb45 (size before relaxing)
 .debug_str     0x00000ff0       0xe4 build/stm32f1xx_it.o
                                0x6b3 (size before relaxing)
 .debug_str     0x000010d4       0x6f build/stm32f1xx_hal_msp.o
                                0x6c3 (size before relaxing)
 .debug_str     0x00001143      0x594 build/stm32f1xx_hal_uart.o
                                0xc24 (size before relaxing)
 .debug_str     0x000016d7      0x235 build/stm32f1xx_hal.o
                                0x91c (size before relaxing)
 .debug_str     0x0000190c      0x1bc build/stm32f1xx_hal_rcc.o
                                0x68d (size before relaxing)
 .debug_str     0x00001ac8      0x145 build/stm32f1xx_hal_gpio.o
                                0x4ab (size before relaxing)
 .debug_str     0x00001c0d      0x1f6 build/stm32f1xx_hal_dma.o
                                0x6a8 (size before relaxing)
 .debug_str     0x00001e03      0x391 build/stm32f1xx_hal_cortex.o
                                0xa3e (size before relaxing)
 .debug_str     0x00002194       0x4a build/system_stm32f1xx.o
                                0x31a (size before relaxing)
 .debug_str     0x000021de       0x24 build/startup_stm32f103xe.o
                                 0x40 (size before relaxing)

.comment        0x00000000       0x7f
 .comment       0x00000000       0x7f build/main.o
                                 0x80 (size before relaxing)
 .comment       0x0000007f       0x80 build/gpio.o
 .comment       0x0000007f       0x80 build/usart.o
 .comment       0x0000007f       0x80 build/stm32f1xx_it.o
 .comment       0x0000007f       0x80 build/stm32f1xx_hal_msp.o
 .comment       0x0000007f       0x80 build/stm32f1xx_hal_uart.o
 .comment       0x0000007f       0x80 build/stm32f1xx_hal.o
 .comment       0x0000007f       0x80 build/stm32f1xx_hal_rcc.o
 .comment       0x0000007f       0x80 build/stm32f1xx_hal_gpio.o
 .comment       0x0000007f       0x80 build/stm32f1xx_hal_dma.o
 .comment       0x0000007f       0x80 build/stm32f1xx_hal_cortex.o
 .comment       0x0000007f       0x80 build/system_stm32f1xx.o

.debug_frame    0x00000000     0x15e0
 .debug_frame   0x00000000       0x60 build/main.o
 .debug_frame   0x00000060       0x28 build/gpio.o
 .debug_frame   0x00000088       0xcc build/usart.o
 .debug_frame   0x00000154       0xd8 build/stm32f1xx_it.o
 .debug_frame   0x0000022c       0x2c build/stm32f1xx_hal_msp.o
 .debug_frame   0x00000258      0x570 build/stm32f1xx_hal_uart.o
 .debug_frame   0x000007c8      0x1e4 build/stm32f1xx_hal.o
 .debug_frame   0x000009ac      0x1cc build/stm32f1xx_hal_rcc.o
 .debug_frame   0x00000b78      0x104 build/stm32f1xx_hal_gpio.o
 .debug_frame   0x00000c7c      0x168 build/stm32f1xx_hal_dma.o
 .debug_frame   0x00000de4      0x13c build/stm32f1xx_hal_cortex.o
 .debug_frame   0x00000f20       0x30 build/system_stm32f1xx.o
 .debug_frame   0x00000f50       0x2c d:/gcc-arm-none-eabi-8-2018-q4-major-win32/bin/../lib/gcc/arm-none-eabi/7.3.1/../../../../arm-none-eabi/lib/thumb/v7-m\libc_nano.a(lib_a-init.o)
 .debug_frame   0x00000f7c       0x20 d:/gcc-arm-none-eabi-8-2018-q4-major-win32/bin/../lib/gcc/arm-none-eabi/7.3.1/../../../../arm-none-eabi/lib/thumb/v7-m\libc_nano.a(lib_a-memset.o)
 .debug_frame   0x00000f9c       0x3c d:/gcc-arm-none-eabi-8-2018-q4-major-win32/bin/../lib/gcc/arm-none-eabi/7.3.1/../../../../arm-none-eabi/lib/thumb/v7-m\libc_nano.a(lib_a-puts.o)
 .debug_frame   0x00000fd8       0x40 d:/gcc-arm-none-eabi-8-2018-q4-major-win32/bin/../lib/gcc/arm-none-eabi/7.3.1/../../../../arm-none-eabi/lib/thumb/v7-m\libc_nano.a(lib_a-wbuf.o)
 .debug_frame   0x00001018       0x2c d:/gcc-arm-none-eabi-8-2018-q4-major-win32/bin/../lib/gcc/arm-none-eabi/7.3.1/../../../../arm-none-eabi/lib/thumb/v7-m\libc_nano.a(lib_a-wsetup.o)
 .debug_frame   0x00001044       0x68 d:/gcc-arm-none-eabi-8-2018-q4-major-win32/bin/../lib/gcc/arm-none-eabi/7.3.1/../../../../arm-none-eabi/lib/thumb/v7-m\libc_nano.a(lib_a-fflush.o)
 .debug_frame   0x000010ac      0x11c d:/gcc-arm-none-eabi-8-2018-q4-major-win32/bin/../lib/gcc/arm-none-eabi/7.3.1/../../../../arm-none-eabi/lib/thumb/v7-m\libc_nano.a(lib_a-findfp.o)
 .debug_frame   0x000011c8       0x54 d:/gcc-arm-none-eabi-8-2018-q4-major-win32/bin/../lib/gcc/arm-none-eabi/7.3.1/../../../../arm-none-eabi/lib/thumb/v7-m\libc_nano.a(lib_a-fwalk.o)
 .debug_frame   0x0000121c       0x58 d:/gcc-arm-none-eabi-8-2018-q4-major-win32/bin/../lib/gcc/arm-none-eabi/7.3.1/../../../../arm-none-eabi/lib/thumb/v7-m\libc_nano.a(lib_a-makebuf.o)
 .debug_frame   0x00001274       0x38 d:/gcc-arm-none-eabi-8-2018-q4-major-win32/bin/../lib/gcc/arm-none-eabi/7.3.1/../../../../arm-none-eabi/lib/thumb/v7-m\libc_nano.a(lib_a-nano-freer.o)
 .debug_frame   0x000012ac       0x2c d:/gcc-arm-none-eabi-8-2018-q4-major-win32/bin/../lib/gcc/arm-none-eabi/7.3.1/../../../../arm-none-eabi/lib/thumb/v7-m\libc_nano.a(lib_a-nano-mallocr.o)
 .debug_frame   0x000012d8       0x2c d:/gcc-arm-none-eabi-8-2018-q4-major-win32/bin/../lib/gcc/arm-none-eabi/7.3.1/../../../../arm-none-eabi/lib/thumb/v7-m\libc_nano.a(lib_a-sbrkr.o)
 .debug_frame   0x00001304       0x88 d:/gcc-arm-none-eabi-8-2018-q4-major-win32/bin/../lib/gcc/arm-none-eabi/7.3.1/../../../../arm-none-eabi/lib/thumb/v7-m\libc_nano.a(lib_a-stdio.o)
 .debug_frame   0x0000138c       0x2c d:/gcc-arm-none-eabi-8-2018-q4-major-win32/bin/../lib/gcc/arm-none-eabi/7.3.1/../../../../arm-none-eabi/lib/thumb/v7-m\libc_nano.a(lib_a-writer.o)
 .debug_frame   0x000013b8       0x2c d:/gcc-arm-none-eabi-8-2018-q4-major-win32/bin/../lib/gcc/arm-none-eabi/7.3.1/../../../../arm-none-eabi/lib/thumb/v7-m\libc_nano.a(lib_a-closer.o)
 .debug_frame   0x000013e4       0x2c d:/gcc-arm-none-eabi-8-2018-q4-major-win32/bin/../lib/gcc/arm-none-eabi/7.3.1/../../../../arm-none-eabi/lib/thumb/v7-m\libc_nano.a(lib_a-fstatr.o)
 .debug_frame   0x00001410       0x2c d:/gcc-arm-none-eabi-8-2018-q4-major-win32/bin/../lib/gcc/arm-none-eabi/7.3.1/../../../../arm-none-eabi/lib/thumb/v7-m\libc_nano.a(lib_a-isattyr.o)
 .debug_frame   0x0000143c       0x2c d:/gcc-arm-none-eabi-8-2018-q4-major-win32/bin/../lib/gcc/arm-none-eabi/7.3.1/../../../../arm-none-eabi/lib/thumb/v7-m\libc_nano.a(lib_a-lseekr.o)
 .debug_frame   0x00001468       0x30 d:/gcc-arm-none-eabi-8-2018-q4-major-win32/bin/../lib/gcc/arm-none-eabi/7.3.1/../../../../arm-none-eabi/lib/thumb/v7-m\libc_nano.a(lib_a-mlock.o)
 .debug_frame   0x00001498       0x2c d:/gcc-arm-none-eabi-8-2018-q4-major-win32/bin/../lib/gcc/arm-none-eabi/7.3.1/../../../../arm-none-eabi/lib/thumb/v7-m\libc_nano.a(lib_a-readr.o)
 .debug_frame   0x000014c4       0x5c d:/gcc-arm-none-eabi-8-2018-q4-major-win32/bin/../lib/gcc/arm-none-eabi/7.3.1/../../../../arm-none-eabi/lib/thumb/v7-m\libc_nano.a(lib_a-reent.o)
 .debug_frame   0x00001520       0x20 d:/gcc-arm-none-eabi-8-2018-q4-major-win32/bin/../lib/gcc/arm-none-eabi/7.3.1/../../../../arm-none-eabi/lib/thumb/v7-m\libnosys.a(close.o)
 .debug_frame   0x00001540       0x20 d:/gcc-arm-none-eabi-8-2018-q4-major-win32/bin/../lib/gcc/arm-none-eabi/7.3.1/../../../../arm-none-eabi/lib/thumb/v7-m\libnosys.a(fstat.o)
 .debug_frame   0x00001560       0x20 d:/gcc-arm-none-eabi-8-2018-q4-major-win32/bin/../lib/gcc/arm-none-eabi/7.3.1/../../../../arm-none-eabi/lib/thumb/v7-m\libnosys.a(isatty.o)
 .debug_frame   0x00001580       0x20 d:/gcc-arm-none-eabi-8-2018-q4-major-win32/bin/../lib/gcc/arm-none-eabi/7.3.1/../../../../arm-none-eabi/lib/thumb/v7-m\libnosys.a(lseek.o)
 .debug_frame   0x000015a0       0x20 d:/gcc-arm-none-eabi-8-2018-q4-major-win32/bin/../lib/gcc/arm-none-eabi/7.3.1/../../../../arm-none-eabi/lib/thumb/v7-m\libnosys.a(read.o)
 .debug_frame   0x000015c0       0x20 d:/gcc-arm-none-eabi-8-2018-q4-major-win32/bin/../lib/gcc/arm-none-eabi/7.3.1/../../../../arm-none-eabi/lib/thumb/v7-m\libnosys.a(sbrk.o)

.stab           0x00000000       0x84
 .stab          0x00000000       0x24 d:/gcc-arm-none-eabi-8-2018-q4-major-win32/bin/../lib/gcc/arm-none-eabi/7.3.1/../../../../arm-none-eabi/lib/thumb/v7-m\libnosys.a(close.o)
 .stab          0x00000024       0x18 d:/gcc-arm-none-eabi-8-2018-q4-major-win32/bin/../lib/gcc/arm-none-eabi/7.3.1/../../../../arm-none-eabi/lib/thumb/v7-m\libnosys.a(fstat.o)
                                 0x24 (size before relaxing)
 .stab          0x0000003c       0x18 d:/gcc-arm-none-eabi-8-2018-q4-major-win32/bin/../lib/gcc/arm-none-eabi/7.3.1/../../../../arm-none-eabi/lib/thumb/v7-m\libnosys.a(isatty.o)
                                 0x24 (size before relaxing)
 .stab          0x00000054       0x18 d:/gcc-arm-none-eabi-8-2018-q4-major-win32/bin/../lib/gcc/arm-none-eabi/7.3.1/../../../../arm-none-eabi/lib/thumb/v7-m\libnosys.a(lseek.o)
                                 0x24 (size before relaxing)
 .stab          0x0000006c       0x18 d:/gcc-arm-none-eabi-8-2018-q4-major-win32/bin/../lib/gcc/arm-none-eabi/7.3.1/../../../../arm-none-eabi/lib/thumb/v7-m\libnosys.a(read.o)
                                 0x24 (size before relaxing)

.stabstr        0x00000000      0x117
 .stabstr       0x00000000      0x117 d:/gcc-arm-none-eabi-8-2018-q4-major-win32/bin/../lib/gcc/arm-none-eabi/7.3.1/../../../../arm-none-eabi/lib/thumb/v7-m\libnosys.a(close.o)

Cross Reference Table

Symbol                                            File
ADC1_2_IRQHandler                                 build/startup_stm32f103xe.o
ADC3_IRQHandler                                   build/startup_stm32f103xe.o
AHBPrescTable                                     build/system_stm32f1xx.o
                                                  build/stm32f1xx_hal_rcc.o
APBPrescTable                                     build/system_stm32f1xx.o
                                                  build/stm32f1xx_hal_rcc.o
BusFault_Handler                                  build/stm32f1xx_it.o
CAN1_RX1_IRQHandler                               build/startup_stm32f103xe.o
CAN1_SCE_IRQHandler                               build/startup_stm32f103xe.o
DMA1_Channel1_IRQHandler                          build/startup_stm32f103xe.o
DMA1_Channel2_IRQHandler                          build/startup_stm32f103xe.o
DMA1_Channel3_IRQHandler                          build/startup_stm32f103xe.o
DMA1_Channel4_IRQHandler                          build/startup_stm32f103xe.o
DMA1_Channel5_IRQHandler                          build/startup_stm32f103xe.o
DMA1_Channel6_IRQHandler                          build/startup_stm32f103xe.o
DMA1_Channel7_IRQHandler                          build/startup_stm32f103xe.o
DMA2_Channel1_IRQHandler                          build/startup_stm32f103xe.o
DMA2_Channel2_IRQHandler                          build/startup_stm32f103xe.o
DMA2_Channel3_IRQHandler                          build/startup_stm32f103xe.o
DMA2_Channel4_5_IRQHandler                        build/startup_stm32f103xe.o
DebugMon_Handler                                  build/stm32f1xx_it.o
Default_Handler                                   build/startup_stm32f103xe.o
EXTI0_IRQHandler                                  build/startup_stm32f103xe.o
EXTI15_10_IRQHandler                              build/startup_stm32f103xe.o
EXTI1_IRQHandler                                  build/startup_stm32f103xe.o
EXTI2_IRQHandler                                  build/startup_stm32f103xe.o
EXTI3_IRQHandler                                  build/startup_stm32f103xe.o
EXTI4_IRQHandler                                  build/startup_stm32f103xe.o
EXTI9_5_IRQHandler                                build/startup_stm32f103xe.o
Error_Handler                                     build/main.o
                                                  build/usart.o
FLASH_IRQHandler                                  build/startup_stm32f103xe.o
FLASH_PageErase                                   build/stm32f1xx_hal_flash_ex.o
                                                  build/stm32f1xx_hal_flash.o
FLASH_WaitForLastOperation                        build/stm32f1xx_hal_flash.o
                                                  build/stm32f1xx_hal_flash_ex.o
FSMC_IRQHandler                                   build/startup_stm32f103xe.o
HAL_DBGMCU_DisableDBGSleepMode                    build/stm32f1xx_hal.o
HAL_DBGMCU_DisableDBGStandbyMode                  build/stm32f1xx_hal.o
HAL_DBGMCU_DisableDBGStopMode                     build/stm32f1xx_hal.o
HAL_DBGMCU_EnableDBGSleepMode                     build/stm32f1xx_hal.o
HAL_DBGMCU_EnableDBGStandbyMode                   build/stm32f1xx_hal.o
HAL_DBGMCU_EnableDBGStopMode                      build/stm32f1xx_hal.o
HAL_DMA_Abort                                     build/stm32f1xx_hal_dma.o
                                                  build/stm32f1xx_hal_uart.o
HAL_DMA_Abort_IT                                  build/stm32f1xx_hal_dma.o
                                                  build/stm32f1xx_hal_uart.o
HAL_DMA_DeInit                                    build/stm32f1xx_hal_dma.o
HAL_DMA_GetError                                  build/stm32f1xx_hal_dma.o
                                                  build/stm32f1xx_hal_uart.o
HAL_DMA_GetState                                  build/stm32f1xx_hal_dma.o
HAL_DMA_IRQHandler                                build/stm32f1xx_hal_dma.o
HAL_DMA_Init                                      build/stm32f1xx_hal_dma.o
HAL_DMA_PollForTransfer                           build/stm32f1xx_hal_dma.o
HAL_DMA_RegisterCallback                          build/stm32f1xx_hal_dma.o
HAL_DMA_Start                                     build/stm32f1xx_hal_dma.o
HAL_DMA_Start_IT                                  build/stm32f1xx_hal_dma.o
                                                  build/stm32f1xx_hal_uart.o
HAL_DMA_UnRegisterCallback                        build/stm32f1xx_hal_dma.o
HAL_DeInit                                        build/stm32f1xx_hal.o
HAL_Delay                                         build/stm32f1xx_hal.o
                                                  build/main.o
HAL_EXTI_ClearConfigLine                          build/stm32f1xx_hal_exti.o
HAL_EXTI_ClearPending                             build/stm32f1xx_hal_exti.o
HAL_EXTI_GenerateSWI                              build/stm32f1xx_hal_exti.o
HAL_EXTI_GetConfigLine                            build/stm32f1xx_hal_exti.o
HAL_EXTI_GetHandle                                build/stm32f1xx_hal_exti.o
HAL_EXTI_GetPending                               build/stm32f1xx_hal_exti.o
HAL_EXTI_IRQHandler                               build/stm32f1xx_hal_exti.o
HAL_EXTI_RegisterCallback                         build/stm32f1xx_hal_exti.o
HAL_EXTI_SetConfigLine                            build/stm32f1xx_hal_exti.o
HAL_FLASHEx_Erase                                 build/stm32f1xx_hal_flash_ex.o
HAL_FLASHEx_Erase_IT                              build/stm32f1xx_hal_flash_ex.o
HAL_FLASHEx_OBErase                               build/stm32f1xx_hal_flash_ex.o
HAL_FLASHEx_OBGetConfig                           build/stm32f1xx_hal_flash_ex.o
HAL_FLASHEx_OBGetUserData                         build/stm32f1xx_hal_flash_ex.o
HAL_FLASHEx_OBProgram                             build/stm32f1xx_hal_flash_ex.o
HAL_FLASH_EndOfOperationCallback                  build/stm32f1xx_hal_flash.o
HAL_FLASH_GetError                                build/stm32f1xx_hal_flash.o
HAL_FLASH_IRQHandler                              build/stm32f1xx_hal_flash.o
HAL_FLASH_Lock                                    build/stm32f1xx_hal_flash.o
HAL_FLASH_OB_Launch                               build/stm32f1xx_hal_flash.o
HAL_FLASH_OB_Lock                                 build/stm32f1xx_hal_flash.o
HAL_FLASH_OB_Unlock                               build/stm32f1xx_hal_flash.o
HAL_FLASH_OperationErrorCallback                  build/stm32f1xx_hal_flash.o
HAL_FLASH_Program                                 build/stm32f1xx_hal_flash.o
HAL_FLASH_Program_IT                              build/stm32f1xx_hal_flash.o
HAL_FLASH_Unlock                                  build/stm32f1xx_hal_flash.o
HAL_GPIOEx_ConfigEventout                         build/stm32f1xx_hal_gpio_ex.o
HAL_GPIOEx_DisableEventout                        build/stm32f1xx_hal_gpio_ex.o
HAL_GPIOEx_EnableEventout                         build/stm32f1xx_hal_gpio_ex.o
HAL_GPIO_DeInit                                   build/stm32f1xx_hal_gpio.o
                                                  build/usart.o
HAL_GPIO_EXTI_Callback                            build/stm32f1xx_hal_gpio.o
HAL_GPIO_EXTI_IRQHandler                          build/stm32f1xx_hal_gpio.o
HAL_GPIO_Init                                     build/stm32f1xx_hal_gpio.o
                                                  build/stm32f1xx_hal_rcc.o
                                                  build/usart.o
HAL_GPIO_LockPin                                  build/stm32f1xx_hal_gpio.o
HAL_GPIO_ReadPin                                  build/stm32f1xx_hal_gpio.o
HAL_GPIO_TogglePin                                build/stm32f1xx_hal_gpio.o
HAL_GPIO_WritePin                                 build/stm32f1xx_hal_gpio.o
HAL_GetDEVID                                      build/stm32f1xx_hal.o
HAL_GetHalVersion                                 build/stm32f1xx_hal.o
HAL_GetREVID                                      build/stm32f1xx_hal.o
HAL_GetTick                                       build/stm32f1xx_hal.o
                                                  build/stm32f1xx_hal_flash.o
                                                  build/stm32f1xx_hal_dma.o
                                                  build/stm32f1xx_hal_rcc_ex.o
                                                  build/stm32f1xx_hal_rcc.o
                                                  build/stm32f1xx_hal_uart.o
HAL_GetTickFreq                                   build/stm32f1xx_hal.o
HAL_GetTickPrio                                   build/stm32f1xx_hal.o
HAL_GetUIDw0                                      build/stm32f1xx_hal.o
HAL_GetUIDw1                                      build/stm32f1xx_hal.o
HAL_GetUIDw2                                      build/stm32f1xx_hal.o
HAL_HalfDuplex_EnableReceiver                     build/stm32f1xx_hal_uart.o
HAL_HalfDuplex_EnableTransmitter                  build/stm32f1xx_hal_uart.o
HAL_HalfDuplex_Init                               build/stm32f1xx_hal_uart.o
HAL_IncTick                                       build/stm32f1xx_hal.o
                                                  build/stm32f1xx_it.o
HAL_Init                                          build/stm32f1xx_hal.o
                                                  build/main.o
HAL_InitTick                                      build/stm32f1xx_hal.o
                                                  build/stm32f1xx_hal_rcc.o
HAL_LIN_Init                                      build/stm32f1xx_hal_uart.o
HAL_LIN_SendBreak                                 build/stm32f1xx_hal_uart.o
HAL_MspDeInit                                     build/stm32f1xx_hal.o
HAL_MspInit                                       build/stm32f1xx_hal_msp.o
HAL_MultiProcessor_EnterMuteMode                  build/stm32f1xx_hal_uart.o
HAL_MultiProcessor_ExitMuteMode                   build/stm32f1xx_hal_uart.o
HAL_MultiProcessor_Init                           build/stm32f1xx_hal_uart.o
HAL_NVIC_ClearPendingIRQ                          build/stm32f1xx_hal_cortex.o
HAL_NVIC_DisableIRQ                               build/stm32f1xx_hal_cortex.o
                                                  build/usart.o
HAL_NVIC_EnableIRQ                                build/stm32f1xx_hal_cortex.o
                                                  build/stm32f1xx_hal_msp.o
                                                  build/usart.o
HAL_NVIC_GetActive                                build/stm32f1xx_hal_cortex.o
HAL_NVIC_GetPendingIRQ                            build/stm32f1xx_hal_cortex.o
HAL_NVIC_GetPriority                              build/stm32f1xx_hal_cortex.o
HAL_NVIC_GetPriorityGrouping                      build/stm32f1xx_hal_cortex.o
HAL_NVIC_SetPendingIRQ                            build/stm32f1xx_hal_cortex.o
HAL_NVIC_SetPriority                              build/stm32f1xx_hal_cortex.o
                                                  build/stm32f1xx_hal.o
                                                  build/stm32f1xx_hal_msp.o
                                                  build/usart.o
HAL_NVIC_SetPriorityGrouping                      build/stm32f1xx_hal_cortex.o
                                                  build/stm32f1xx_hal.o
                                                  build/stm32f1xx_hal_msp.o
HAL_NVIC_SystemReset                              build/stm32f1xx_hal_cortex.o
                                                  build/stm32f1xx_hal_flash.o
HAL_PWR_ConfigPVD                                 build/stm32f1xx_hal_pwr.o
HAL_PWR_DeInit                                    build/stm32f1xx_hal_pwr.o
HAL_PWR_DisableBkUpAccess                         build/stm32f1xx_hal_pwr.o
HAL_PWR_DisablePVD                                build/stm32f1xx_hal_pwr.o
HAL_PWR_DisableSEVOnPend                          build/stm32f1xx_hal_pwr.o
HAL_PWR_DisableSleepOnExit                        build/stm32f1xx_hal_pwr.o
HAL_PWR_DisableWakeUpPin                          build/stm32f1xx_hal_pwr.o
HAL_PWR_EnableBkUpAccess                          build/stm32f1xx_hal_pwr.o
HAL_PWR_EnablePVD                                 build/stm32f1xx_hal_pwr.o
HAL_PWR_EnableSEVOnPend                           build/stm32f1xx_hal_pwr.o
HAL_PWR_EnableSleepOnExit                         build/stm32f1xx_hal_pwr.o
HAL_PWR_EnableWakeUpPin                           build/stm32f1xx_hal_pwr.o
HAL_PWR_EnterSLEEPMode                            build/stm32f1xx_hal_pwr.o
HAL_PWR_EnterSTANDBYMode                          build/stm32f1xx_hal_pwr.o
HAL_PWR_EnterSTOPMode                             build/stm32f1xx_hal_pwr.o
HAL_PWR_PVDCallback                               build/stm32f1xx_hal_pwr.o
HAL_PWR_PVD_IRQHandler                            build/stm32f1xx_hal_pwr.o
HAL_RCCEx_GetPeriphCLKConfig                      build/stm32f1xx_hal_rcc_ex.o
HAL_RCCEx_GetPeriphCLKFreq                        build/stm32f1xx_hal_rcc_ex.o
HAL_RCCEx_PeriphCLKConfig                         build/stm32f1xx_hal_rcc_ex.o
HAL_RCC_CSSCallback                               build/stm32f1xx_hal_rcc.o
HAL_RCC_ClockConfig                               build/stm32f1xx_hal_rcc.o
                                                  build/main.o
HAL_RCC_DeInit                                    build/stm32f1xx_hal_rcc.o
HAL_RCC_DisableCSS                                build/stm32f1xx_hal_rcc.o
HAL_RCC_EnableCSS                                 build/stm32f1xx_hal_rcc.o
HAL_RCC_GetClockConfig                            build/stm32f1xx_hal_rcc.o
HAL_RCC_GetHCLKFreq                               build/stm32f1xx_hal_rcc.o
HAL_RCC_GetOscConfig                              build/stm32f1xx_hal_rcc.o
HAL_RCC_GetPCLK1Freq                              build/stm32f1xx_hal_rcc.o
                                                  build/stm32f1xx_hal_uart.o
HAL_RCC_GetPCLK2Freq                              build/stm32f1xx_hal_rcc.o
                                                  build/stm32f1xx_hal_rcc_ex.o
                                                  build/stm32f1xx_hal_uart.o
HAL_RCC_GetSysClockFreq                           build/stm32f1xx_hal_rcc.o
                                                  build/stm32f1xx_hal_rcc_ex.o
HAL_RCC_MCOConfig                                 build/stm32f1xx_hal_rcc.o
HAL_RCC_NMI_IRQHandler                            build/stm32f1xx_hal_rcc.o
HAL_RCC_OscConfig                                 build/stm32f1xx_hal_rcc.o
                                                  build/main.o
HAL_ResumeTick                                    build/stm32f1xx_hal.o
HAL_SYSTICK_CLKSourceConfig                       build/stm32f1xx_hal_cortex.o
HAL_SYSTICK_Callback                              build/stm32f1xx_hal_cortex.o
HAL_SYSTICK_Config                                build/stm32f1xx_hal_cortex.o
                                                  build/stm32f1xx_hal.o
HAL_SYSTICK_IRQHandler                            build/stm32f1xx_hal_cortex.o
HAL_SetTickFreq                                   build/stm32f1xx_hal.o
HAL_SuspendTick                                   build/stm32f1xx_hal.o
HAL_UART_Abort                                    build/stm32f1xx_hal_uart.o
HAL_UART_AbortCpltCallback                        build/stm32f1xx_hal_uart.o
HAL_UART_AbortReceive                             build/stm32f1xx_hal_uart.o
HAL_UART_AbortReceiveCpltCallback                 build/stm32f1xx_hal_uart.o
HAL_UART_AbortReceive_IT                          build/stm32f1xx_hal_uart.o
HAL_UART_AbortTransmit                            build/stm32f1xx_hal_uart.o
HAL_UART_AbortTransmitCpltCallback                build/stm32f1xx_hal_uart.o
HAL_UART_AbortTransmit_IT                         build/stm32f1xx_hal_uart.o
HAL_UART_Abort_IT                                 build/stm32f1xx_hal_uart.o
HAL_UART_DMAPause                                 build/stm32f1xx_hal_uart.o
HAL_UART_DMAResume                                build/stm32f1xx_hal_uart.o
HAL_UART_DMAStop                                  build/stm32f1xx_hal_uart.o
HAL_UART_DeInit                                   build/stm32f1xx_hal_uart.o
HAL_UART_ErrorCallback                            build/stm32f1xx_hal_uart.o
HAL_UART_GetError                                 build/stm32f1xx_hal_uart.o
HAL_UART_GetState                                 build/stm32f1xx_hal_uart.o
HAL_UART_IRQHandler                               build/stm32f1xx_hal_uart.o
                                                  build/stm32f1xx_it.o
HAL_UART_Init                                     build/stm32f1xx_hal_uart.o
                                                  build/usart.o
HAL_UART_MspDeInit                                build/usart.o
HAL_UART_MspInit                                  build/usart.o
HAL_UART_Receive                                  build/stm32f1xx_hal_uart.o
HAL_UART_Receive_DMA                              build/stm32f1xx_hal_uart.o
HAL_UART_Receive_IT                               build/stm32f1xx_hal_uart.o
HAL_UART_RxCpltCallback                           build/stm32f1xx_hal_uart.o
HAL_UART_RxHalfCpltCallback                       build/stm32f1xx_hal_uart.o
HAL_UART_Transmit                                 build/stm32f1xx_hal_uart.o
                                                  build/usart.o
HAL_UART_Transmit_DMA                             build/stm32f1xx_hal_uart.o
HAL_UART_Transmit_IT                              build/stm32f1xx_hal_uart.o
HAL_UART_TxCpltCallback                           build/stm32f1xx_hal_uart.o
HAL_UART_TxHalfCpltCallback                       build/stm32f1xx_hal_uart.o
HardFault_Handler                                 build/stm32f1xx_it.o
I2C1_ER_IRQHandler                                build/startup_stm32f103xe.o
I2C1_EV_IRQHandler                                build/startup_stm32f103xe.o
I2C2_ER_IRQHandler                                build/startup_stm32f103xe.o
I2C2_EV_IRQHandler                                build/startup_stm32f103xe.o
MX_GPIO_Init                                      build/gpio.o
                                                  build/main.o
MX_USART1_UART_Init                               build/usart.o
                                                  build/main.o
MemManage_Handler                                 build/stm32f1xx_it.o
NMI_Handler                                       build/stm32f1xx_it.o
PVD_IRQHandler                                    build/startup_stm32f103xe.o
PendSV_Handler                                    build/stm32f1xx_it.o
RCC_IRQHandler                                    build/stm32f1xx_it.o
RTC_Alarm_IRQHandler                              build/startup_stm32f103xe.o
RTC_IRQHandler                                    build/startup_stm32f103xe.o
Reset_Handler                                     build/startup_stm32f103xe.o
SDIO_IRQHandler                                   build/startup_stm32f103xe.o
SPI1_IRQHandler                                   build/startup_stm32f103xe.o
SPI2_IRQHandler                                   build/startup_stm32f103xe.o
SPI3_IRQHandler                                   build/startup_stm32f103xe.o
SVC_Handler                                       build/stm32f1xx_it.o
SysTick_Handler                                   build/stm32f1xx_it.o
SystemClock_Config                                build/main.o
SystemCoreClock                                   build/system_stm32f1xx.o
                                                  build/stm32f1xx_hal_rcc.o
                                                  build/stm32f1xx_hal.o
SystemCoreClockUpdate                             build/system_stm32f1xx.o
SystemInit                                        build/system_stm32f1xx.o
                                                  build/startup_stm32f103xe.o
TAMPER_IRQHandler                                 build/startup_stm32f103xe.o
TIM1_BRK_IRQHandler                               build/startup_stm32f103xe.o
TIM1_CC_IRQHandler                                build/startup_stm32f103xe.o
TIM1_TRG_COM_IRQHandler                           build/startup_stm32f103xe.o
TIM1_UP_IRQHandler                                build/startup_stm32f103xe.o
TIM2_IRQHandler                                   build/startup_stm32f103xe.o
TIM3_IRQHandler                                   build/startup_stm32f103xe.o
TIM4_IRQHandler                                   build/startup_stm32f103xe.o
TIM5_IRQHandler                                   build/startup_stm32f103xe.o
TIM6_IRQHandler                                   build/startup_stm32f103xe.o
TIM7_IRQHandler                                   build/startup_stm32f103xe.o
TIM8_BRK_IRQHandler                               build/startup_stm32f103xe.o
TIM8_CC_IRQHandler                                build/startup_stm32f103xe.o
TIM8_TRG_COM_IRQHandler                           build/startup_stm32f103xe.o
TIM8_UP_IRQHandler                                build/startup_stm32f103xe.o
UART4_IRQHandler                                  build/startup_stm32f103xe.o
UART5_IRQHandler                                  build/startup_stm32f103xe.o
USART1_IRQHandler                                 build/stm32f1xx_it.o
USART2_IRQHandler                                 build/startup_stm32f103xe.o
USART3_IRQHandler                                 build/startup_stm32f103xe.o
USBWakeUp_IRQHandler                              build/startup_stm32f103xe.o
USB_HP_CAN1_TX_IRQHandler                         build/startup_stm32f103xe.o
USB_LP_CAN1_RX0_IRQHandler                        build/startup_stm32f103xe.o
UsageFault_Handler                                build/stm32f1xx_it.o
Usart_SendString                                  build/usart.o
                                                  build/main.o
WWDG_IRQHandler                                   build/startup_stm32f103xe.o
__bss_end__                                       d:/gcc-arm-none-eabi-8-2018-q4-major-win32/bin/../lib/gcc/arm-none-eabi/7.3.1/../../../../arm-none-eabi/lib/thumb/v7-m/crt0.o
__bss_start__                                     d:/gcc-arm-none-eabi-8-2018-q4-major-win32/bin/../lib/gcc/arm-none-eabi/7.3.1/../../../../arm-none-eabi/lib/thumb/v7-m/crt0.o
__call_exitprocs                                  d:/gcc-arm-none-eabi-8-2018-q4-major-win32/bin/../lib/gcc/arm-none-eabi/7.3.1/../../../../arm-none-eabi/lib/thumb/v7-m\libc_nano.a(lib_a-exit.o)
__deregister_frame_info                           d:/gcc-arm-none-eabi-8-2018-q4-major-win32/bin/../lib/gcc/arm-none-eabi/7.3.1/thumb/v7-m/crtbegin.o
__dso_handle                                      d:/gcc-arm-none-eabi-8-2018-q4-major-win32/bin/../lib/gcc/arm-none-eabi/7.3.1/thumb/v7-m/crtbegin.o
__fp_lock_all                                     d:/gcc-arm-none-eabi-8-2018-q4-major-win32/bin/../lib/gcc/arm-none-eabi/7.3.1/../../../../arm-none-eabi/lib/thumb/v7-m\libc_nano.a(lib_a-findfp.o)
__fp_unlock_all                                   d:/gcc-arm-none-eabi-8-2018-q4-major-win32/bin/../lib/gcc/arm-none-eabi/7.3.1/../../../../arm-none-eabi/lib/thumb/v7-m\libc_nano.a(lib_a-findfp.o)
__init_array_end                                  d:/gcc-arm-none-eabi-8-2018-q4-major-win32/bin/../lib/gcc/arm-none-eabi/7.3.1/../../../../arm-none-eabi/lib/thumb/v7-m\libc_nano.a(lib_a-init.o)
__init_array_start                                d:/gcc-arm-none-eabi-8-2018-q4-major-win32/bin/../lib/gcc/arm-none-eabi/7.3.1/../../../../arm-none-eabi/lib/thumb/v7-m\libc_nano.a(lib_a-init.o)
__io_putchar                                      build/usart.o
__libc_fini_array                                 d:/gcc-arm-none-eabi-8-2018-q4-major-win32/bin/../lib/gcc/arm-none-eabi/7.3.1/../../../../arm-none-eabi/lib/thumb/v7-m/crt0.o
__libc_init_array                                 d:/gcc-arm-none-eabi-8-2018-q4-major-win32/bin/../lib/gcc/arm-none-eabi/7.3.1/../../../../arm-none-eabi/lib/thumb/v7-m\libc_nano.a(lib_a-init.o)
                                                  build/startup_stm32f103xe.o
                                                  d:/gcc-arm-none-eabi-8-2018-q4-major-win32/bin/../lib/gcc/arm-none-eabi/7.3.1/../../../../arm-none-eabi/lib/thumb/v7-m/crt0.o
__malloc_free_list                                d:/gcc-arm-none-eabi-8-2018-q4-major-win32/bin/../lib/gcc/arm-none-eabi/7.3.1/../../../../arm-none-eabi/lib/thumb/v7-m\libc_nano.a(lib_a-nano-mallocr.o)
                                                  d:/gcc-arm-none-eabi-8-2018-q4-major-win32/bin/../lib/gcc/arm-none-eabi/7.3.1/../../../../arm-none-eabi/lib/thumb/v7-m\libc_nano.a(lib_a-nano-freer.o)
__malloc_lock                                     d:/gcc-arm-none-eabi-8-2018-q4-major-win32/bin/../lib/gcc/arm-none-eabi/7.3.1/../../../../arm-none-eabi/lib/thumb/v7-m\libc_nano.a(lib_a-mlock.o)
                                                  d:/gcc-arm-none-eabi-8-2018-q4-major-win32/bin/../lib/gcc/arm-none-eabi/7.3.1/../../../../arm-none-eabi/lib/thumb/v7-m\libc_nano.a(lib_a-nano-mallocr.o)
                                                  d:/gcc-arm-none-eabi-8-2018-q4-major-win32/bin/../lib/gcc/arm-none-eabi/7.3.1/../../../../arm-none-eabi/lib/thumb/v7-m\libc_nano.a(lib_a-nano-freer.o)
__malloc_sbrk_start                               d:/gcc-arm-none-eabi-8-2018-q4-major-win32/bin/../lib/gcc/arm-none-eabi/7.3.1/../../../../arm-none-eabi/lib/thumb/v7-m\libc_nano.a(lib_a-nano-mallocr.o)
__malloc_unlock                                   d:/gcc-arm-none-eabi-8-2018-q4-major-win32/bin/../lib/gcc/arm-none-eabi/7.3.1/../../../../arm-none-eabi/lib/thumb/v7-m\libc_nano.a(lib_a-mlock.o)
                                                  d:/gcc-arm-none-eabi-8-2018-q4-major-win32/bin/../lib/gcc/arm-none-eabi/7.3.1/../../../../arm-none-eabi/lib/thumb/v7-m\libc_nano.a(lib_a-nano-mallocr.o)
                                                  d:/gcc-arm-none-eabi-8-2018-q4-major-win32/bin/../lib/gcc/arm-none-eabi/7.3.1/../../../../arm-none-eabi/lib/thumb/v7-m\libc_nano.a(lib_a-nano-freer.o)
__preinit_array_end                               d:/gcc-arm-none-eabi-8-2018-q4-major-win32/bin/../lib/gcc/arm-none-eabi/7.3.1/../../../../arm-none-eabi/lib/thumb/v7-m\libc_nano.a(lib_a-init.o)
__preinit_array_start                             d:/gcc-arm-none-eabi-8-2018-q4-major-win32/bin/../lib/gcc/arm-none-eabi/7.3.1/../../../../arm-none-eabi/lib/thumb/v7-m\libc_nano.a(lib_a-init.o)
__register_frame_info                             d:/gcc-arm-none-eabi-8-2018-q4-major-win32/bin/../lib/gcc/arm-none-eabi/7.3.1/thumb/v7-m/crtbegin.o
__sclose                                          d:/gcc-arm-none-eabi-8-2018-q4-major-win32/bin/../lib/gcc/arm-none-eabi/7.3.1/../../../../arm-none-eabi/lib/thumb/v7-m\libc_nano.a(lib_a-stdio.o)
                                                  d:/gcc-arm-none-eabi-8-2018-q4-major-win32/bin/../lib/gcc/arm-none-eabi/7.3.1/../../../../arm-none-eabi/lib/thumb/v7-m\libc_nano.a(lib_a-findfp.o)
__seofread                                        d:/gcc-arm-none-eabi-8-2018-q4-major-win32/bin/../lib/gcc/arm-none-eabi/7.3.1/../../../../arm-none-eabi/lib/thumb/v7-m\libc_nano.a(lib_a-stdio.o)
__sf_fake_stderr                                  d:/gcc-arm-none-eabi-8-2018-q4-major-win32/bin/../lib/gcc/arm-none-eabi/7.3.1/../../../../arm-none-eabi/lib/thumb/v7-m\libc_nano.a(lib_a-findfp.o)
                                                  d:/gcc-arm-none-eabi-8-2018-q4-major-win32/bin/../lib/gcc/arm-none-eabi/7.3.1/../../../../arm-none-eabi/lib/thumb/v7-m\libc_nano.a(lib_a-fflush.o)
                                                  d:/gcc-arm-none-eabi-8-2018-q4-major-win32/bin/../lib/gcc/arm-none-eabi/7.3.1/../../../../arm-none-eabi/lib/thumb/v7-m\libc_nano.a(lib_a-wsetup.o)
                                                  d:/gcc-arm-none-eabi-8-2018-q4-major-win32/bin/../lib/gcc/arm-none-eabi/7.3.1/../../../../arm-none-eabi/lib/thumb/v7-m\libc_nano.a(lib_a-wbuf.o)
                                                  d:/gcc-arm-none-eabi-8-2018-q4-major-win32/bin/../lib/gcc/arm-none-eabi/7.3.1/../../../../arm-none-eabi/lib/thumb/v7-m\libc_nano.a(lib_a-puts.o)
                                                  d:/gcc-arm-none-eabi-8-2018-q4-major-win32/bin/../lib/gcc/arm-none-eabi/7.3.1/../../../../arm-none-eabi/lib/thumb/v7-m\libc_nano.a(lib_a-impure.o)
__sf_fake_stdin                                   d:/gcc-arm-none-eabi-8-2018-q4-major-win32/bin/../lib/gcc/arm-none-eabi/7.3.1/../../../../arm-none-eabi/lib/thumb/v7-m\libc_nano.a(lib_a-findfp.o)
                                                  d:/gcc-arm-none-eabi-8-2018-q4-major-win32/bin/../lib/gcc/arm-none-eabi/7.3.1/../../../../arm-none-eabi/lib/thumb/v7-m\libc_nano.a(lib_a-fflush.o)
                                                  d:/gcc-arm-none-eabi-8-2018-q4-major-win32/bin/../lib/gcc/arm-none-eabi/7.3.1/../../../../arm-none-eabi/lib/thumb/v7-m\libc_nano.a(lib_a-wsetup.o)
                                                  d:/gcc-arm-none-eabi-8-2018-q4-major-win32/bin/../lib/gcc/arm-none-eabi/7.3.1/../../../../arm-none-eabi/lib/thumb/v7-m\libc_nano.a(lib_a-wbuf.o)
                                                  d:/gcc-arm-none-eabi-8-2018-q4-major-win32/bin/../lib/gcc/arm-none-eabi/7.3.1/../../../../arm-none-eabi/lib/thumb/v7-m\libc_nano.a(lib_a-puts.o)
                                                  d:/gcc-arm-none-eabi-8-2018-q4-major-win32/bin/../lib/gcc/arm-none-eabi/7.3.1/../../../../arm-none-eabi/lib/thumb/v7-m\libc_nano.a(lib_a-impure.o)
__sf_fake_stdout                                  d:/gcc-arm-none-eabi-8-2018-q4-major-win32/bin/../lib/gcc/arm-none-eabi/7.3.1/../../../../arm-none-eabi/lib/thumb/v7-m\libc_nano.a(lib_a-findfp.o)
                                                  d:/gcc-arm-none-eabi-8-2018-q4-major-win32/bin/../lib/gcc/arm-none-eabi/7.3.1/../../../../arm-none-eabi/lib/thumb/v7-m\libc_nano.a(lib_a-fflush.o)
                                                  d:/gcc-arm-none-eabi-8-2018-q4-major-win32/bin/../lib/gcc/arm-none-eabi/7.3.1/../../../../arm-none-eabi/lib/thumb/v7-m\libc_nano.a(lib_a-wsetup.o)
                                                  d:/gcc-arm-none-eabi-8-2018-q4-major-win32/bin/../lib/gcc/arm-none-eabi/7.3.1/../../../../arm-none-eabi/lib/thumb/v7-m\libc_nano.a(lib_a-wbuf.o)
                                                  d:/gcc-arm-none-eabi-8-2018-q4-major-win32/bin/../lib/gcc/arm-none-eabi/7.3.1/../../../../arm-none-eabi/lib/thumb/v7-m\libc_nano.a(lib_a-puts.o)
                                                  d:/gcc-arm-none-eabi-8-2018-q4-major-win32/bin/../lib/gcc/arm-none-eabi/7.3.1/../../../../arm-none-eabi/lib/thumb/v7-m\libc_nano.a(lib_a-impure.o)
__sflush_r                                        d:/gcc-arm-none-eabi-8-2018-q4-major-win32/bin/../lib/gcc/arm-none-eabi/7.3.1/../../../../arm-none-eabi/lib/thumb/v7-m\libc_nano.a(lib_a-fflush.o)
__sfmoreglue                                      d:/gcc-arm-none-eabi-8-2018-q4-major-win32/bin/../lib/gcc/arm-none-eabi/7.3.1/../../../../arm-none-eabi/lib/thumb/v7-m\libc_nano.a(lib_a-findfp.o)
__sfp                                             d:/gcc-arm-none-eabi-8-2018-q4-major-win32/bin/../lib/gcc/arm-none-eabi/7.3.1/../../../../arm-none-eabi/lib/thumb/v7-m\libc_nano.a(lib_a-findfp.o)
__sfp_lock_acquire                                d:/gcc-arm-none-eabi-8-2018-q4-major-win32/bin/../lib/gcc/arm-none-eabi/7.3.1/../../../../arm-none-eabi/lib/thumb/v7-m\libc_nano.a(lib_a-findfp.o)
__sfp_lock_release                                d:/gcc-arm-none-eabi-8-2018-q4-major-win32/bin/../lib/gcc/arm-none-eabi/7.3.1/../../../../arm-none-eabi/lib/thumb/v7-m\libc_nano.a(lib_a-findfp.o)
__sinit                                           d:/gcc-arm-none-eabi-8-2018-q4-major-win32/bin/../lib/gcc/arm-none-eabi/7.3.1/../../../../arm-none-eabi/lib/thumb/v7-m\libc_nano.a(lib_a-findfp.o)
                                                  d:/gcc-arm-none-eabi-8-2018-q4-major-win32/bin/../lib/gcc/arm-none-eabi/7.3.1/../../../../arm-none-eabi/lib/thumb/v7-m\libc_nano.a(lib_a-fflush.o)
                                                  d:/gcc-arm-none-eabi-8-2018-q4-major-win32/bin/../lib/gcc/arm-none-eabi/7.3.1/../../../../arm-none-eabi/lib/thumb/v7-m\libc_nano.a(lib_a-wsetup.o)
                                                  d:/gcc-arm-none-eabi-8-2018-q4-major-win32/bin/../lib/gcc/arm-none-eabi/7.3.1/../../../../arm-none-eabi/lib/thumb/v7-m\libc_nano.a(lib_a-wbuf.o)
                                                  d:/gcc-arm-none-eabi-8-2018-q4-major-win32/bin/../lib/gcc/arm-none-eabi/7.3.1/../../../../arm-none-eabi/lib/thumb/v7-m\libc_nano.a(lib_a-puts.o)
__sinit_lock_acquire                              d:/gcc-arm-none-eabi-8-2018-q4-major-win32/bin/../lib/gcc/arm-none-eabi/7.3.1/../../../../arm-none-eabi/lib/thumb/v7-m\libc_nano.a(lib_a-findfp.o)
__sinit_lock_release                              d:/gcc-arm-none-eabi-8-2018-q4-major-win32/bin/../lib/gcc/arm-none-eabi/7.3.1/../../../../arm-none-eabi/lib/thumb/v7-m\libc_nano.a(lib_a-findfp.o)
__smakebuf_r                                      d:/gcc-arm-none-eabi-8-2018-q4-major-win32/bin/../lib/gcc/arm-none-eabi/7.3.1/../../../../arm-none-eabi/lib/thumb/v7-m\libc_nano.a(lib_a-makebuf.o)
                                                  d:/gcc-arm-none-eabi-8-2018-q4-major-win32/bin/../lib/gcc/arm-none-eabi/7.3.1/../../../../arm-none-eabi/lib/thumb/v7-m\libc_nano.a(lib_a-wsetup.o)
__sread                                           d:/gcc-arm-none-eabi-8-2018-q4-major-win32/bin/../lib/gcc/arm-none-eabi/7.3.1/../../../../arm-none-eabi/lib/thumb/v7-m\libc_nano.a(lib_a-stdio.o)
                                                  d:/gcc-arm-none-eabi-8-2018-q4-major-win32/bin/../lib/gcc/arm-none-eabi/7.3.1/../../../../arm-none-eabi/lib/thumb/v7-m\libc_nano.a(lib_a-findfp.o)
__sseek                                           d:/gcc-arm-none-eabi-8-2018-q4-major-win32/bin/../lib/gcc/arm-none-eabi/7.3.1/../../../../arm-none-eabi/lib/thumb/v7-m\libc_nano.a(lib_a-stdio.o)
                                                  d:/gcc-arm-none-eabi-8-2018-q4-major-win32/bin/../lib/gcc/arm-none-eabi/7.3.1/../../../../arm-none-eabi/lib/thumb/v7-m\libc_nano.a(lib_a-findfp.o)
__stack                                           d:/gcc-arm-none-eabi-8-2018-q4-major-win32/bin/../lib/gcc/arm-none-eabi/7.3.1/../../../../arm-none-eabi/lib/thumb/v7-m/crt0.o
__swbuf                                           d:/gcc-arm-none-eabi-8-2018-q4-major-win32/bin/../lib/gcc/arm-none-eabi/7.3.1/../../../../arm-none-eabi/lib/thumb/v7-m\libc_nano.a(lib_a-wbuf.o)
__swbuf_r                                         d:/gcc-arm-none-eabi-8-2018-q4-major-win32/bin/../lib/gcc/arm-none-eabi/7.3.1/../../../../arm-none-eabi/lib/thumb/v7-m\libc_nano.a(lib_a-wbuf.o)
                                                  d:/gcc-arm-none-eabi-8-2018-q4-major-win32/bin/../lib/gcc/arm-none-eabi/7.3.1/../../../../arm-none-eabi/lib/thumb/v7-m\libc_nano.a(lib_a-puts.o)
__swhatbuf_r                                      d:/gcc-arm-none-eabi-8-2018-q4-major-win32/bin/../lib/gcc/arm-none-eabi/7.3.1/../../../../arm-none-eabi/lib/thumb/v7-m\libc_nano.a(lib_a-makebuf.o)
__swrite                                          d:/gcc-arm-none-eabi-8-2018-q4-major-win32/bin/../lib/gcc/arm-none-eabi/7.3.1/../../../../arm-none-eabi/lib/thumb/v7-m\libc_nano.a(lib_a-stdio.o)
                                                  d:/gcc-arm-none-eabi-8-2018-q4-major-win32/bin/../lib/gcc/arm-none-eabi/7.3.1/../../../../arm-none-eabi/lib/thumb/v7-m\libc_nano.a(lib_a-findfp.o)
__swsetup_r                                       d:/gcc-arm-none-eabi-8-2018-q4-major-win32/bin/../lib/gcc/arm-none-eabi/7.3.1/../../../../arm-none-eabi/lib/thumb/v7-m\libc_nano.a(lib_a-wsetup.o)
                                                  d:/gcc-arm-none-eabi-8-2018-q4-major-win32/bin/../lib/gcc/arm-none-eabi/7.3.1/../../../../arm-none-eabi/lib/thumb/v7-m\libc_nano.a(lib_a-wbuf.o)
                                                  d:/gcc-arm-none-eabi-8-2018-q4-major-win32/bin/../lib/gcc/arm-none-eabi/7.3.1/../../../../arm-none-eabi/lib/thumb/v7-m\libc_nano.a(lib_a-puts.o)
_cleanup                                          d:/gcc-arm-none-eabi-8-2018-q4-major-win32/bin/../lib/gcc/arm-none-eabi/7.3.1/../../../../arm-none-eabi/lib/thumb/v7-m\libc_nano.a(lib_a-findfp.o)
_cleanup_r                                        d:/gcc-arm-none-eabi-8-2018-q4-major-win32/bin/../lib/gcc/arm-none-eabi/7.3.1/../../../../arm-none-eabi/lib/thumb/v7-m\libc_nano.a(lib_a-findfp.o)
                                                  d:/gcc-arm-none-eabi-8-2018-q4-major-win32/bin/../lib/gcc/arm-none-eabi/7.3.1/../../../../arm-none-eabi/lib/thumb/v7-m\libc_nano.a(lib_a-makebuf.o)
_close                                            d:/gcc-arm-none-eabi-8-2018-q4-major-win32/bin/../lib/gcc/arm-none-eabi/7.3.1/../../../../arm-none-eabi/lib/thumb/v7-m\libnosys.a(close.o)
                                                  d:/gcc-arm-none-eabi-8-2018-q4-major-win32/bin/../lib/gcc/arm-none-eabi/7.3.1/../../../../arm-none-eabi/lib/thumb/v7-m\libc_nano.a(lib_a-closer.o)
_close_r                                          d:/gcc-arm-none-eabi-8-2018-q4-major-win32/bin/../lib/gcc/arm-none-eabi/7.3.1/../../../../arm-none-eabi/lib/thumb/v7-m\libc_nano.a(lib_a-closer.o)
                                                  d:/gcc-arm-none-eabi-8-2018-q4-major-win32/bin/../lib/gcc/arm-none-eabi/7.3.1/../../../../arm-none-eabi/lib/thumb/v7-m\libc_nano.a(lib_a-stdio.o)
_ebss                                             build/startup_stm32f103xe.o
_edata                                            build/startup_stm32f103xe.o
_estack                                           build/startup_stm32f103xe.o
_exit                                             d:/gcc-arm-none-eabi-8-2018-q4-major-win32/bin/../lib/gcc/arm-none-eabi/7.3.1/../../../../arm-none-eabi/lib/thumb/v7-m\libnosys.a(_exit.o)
                                                  d:/gcc-arm-none-eabi-8-2018-q4-major-win32/bin/../lib/gcc/arm-none-eabi/7.3.1/../../../../arm-none-eabi/lib/thumb/v7-m\libc_nano.a(lib_a-exit.o)
_fflush_r                                         d:/gcc-arm-none-eabi-8-2018-q4-major-win32/bin/../lib/gcc/arm-none-eabi/7.3.1/../../../../arm-none-eabi/lib/thumb/v7-m\libc_nano.a(lib_a-fflush.o)
                                                  d:/gcc-arm-none-eabi-8-2018-q4-major-win32/bin/../lib/gcc/arm-none-eabi/7.3.1/../../../../arm-none-eabi/lib/thumb/v7-m\libc_nano.a(lib_a-findfp.o)
                                                  d:/gcc-arm-none-eabi-8-2018-q4-major-win32/bin/../lib/gcc/arm-none-eabi/7.3.1/../../../../arm-none-eabi/lib/thumb/v7-m\libc_nano.a(lib_a-wbuf.o)
_fini                                             d:/gcc-arm-none-eabi-8-2018-q4-major-win32/bin/../lib/gcc/arm-none-eabi/7.3.1/thumb/v7-m/crti.o
_free_r                                           d:/gcc-arm-none-eabi-8-2018-q4-major-win32/bin/../lib/gcc/arm-none-eabi/7.3.1/../../../../arm-none-eabi/lib/thumb/v7-m\libc_nano.a(lib_a-nano-freer.o)
                                                  d:/gcc-arm-none-eabi-8-2018-q4-major-win32/bin/../lib/gcc/arm-none-eabi/7.3.1/../../../../arm-none-eabi/lib/thumb/v7-m\libc_nano.a(lib_a-reent.o)
                                                  d:/gcc-arm-none-eabi-8-2018-q4-major-win32/bin/../lib/gcc/arm-none-eabi/7.3.1/../../../../arm-none-eabi/lib/thumb/v7-m\libc_nano.a(lib_a-fflush.o)
                                                  d:/gcc-arm-none-eabi-8-2018-q4-major-win32/bin/../lib/gcc/arm-none-eabi/7.3.1/../../../../arm-none-eabi/lib/thumb/v7-m\libc_nano.a(lib_a-wsetup.o)
_fstat                                            d:/gcc-arm-none-eabi-8-2018-q4-major-win32/bin/../lib/gcc/arm-none-eabi/7.3.1/../../../../arm-none-eabi/lib/thumb/v7-m\libnosys.a(fstat.o)
                                                  d:/gcc-arm-none-eabi-8-2018-q4-major-win32/bin/../lib/gcc/arm-none-eabi/7.3.1/../../../../arm-none-eabi/lib/thumb/v7-m\libc_nano.a(lib_a-fstatr.o)