Archive member included to satisfy reference by file (symbol)

d:/gcc-arm-none-eabi-8-2018-q4-major-win32/bin/../lib/gcc/arm-none-eabi/7.3.1/../../../../arm-none-eabi/lib/thumb/v7-m\libc_nano.a(lib_a-exit.o)
                              d:/gcc-arm-none-eabi-8-2018-q4-major-win32/bin/../lib/gcc/arm-none-eabi/7.3.1/../../../../arm-none-eabi/lib/thumb/v7-m/crt0.o (exit)
d:/gcc-arm-none-eabi-8-2018-q4-major-win32/bin/../lib/gcc/arm-none-eabi/7.3.1/../../../../arm-none-eabi/lib/thumb/v7-m\libc_nano.a(lib_a-impure.o)
                              d:/gcc-arm-none-eabi-8-2018-q4-major-win32/bin/../lib/gcc/arm-none-eabi/7.3.1/../../../../arm-none-eabi/lib/thumb/v7-m\libc_nano.a(lib_a-exit.o) (_global_impure_ptr)
d:/gcc-arm-none-eabi-8-2018-q4-major-win32/bin/../lib/gcc/arm-none-eabi/7.3.1/../../../../arm-none-eabi/lib/thumb/v7-m\libc_nano.a(lib_a-init.o)
                              d:/gcc-arm-none-eabi-8-2018-q4-major-win32/bin/../lib/gcc/arm-none-eabi/7.3.1/../../../../arm-none-eabi/lib/thumb/v7-m/crt0.o (__libc_init_array)
d:/gcc-arm-none-eabi-8-2018-q4-major-win32/bin/../lib/gcc/arm-none-eabi/7.3.1/../../../../arm-none-eabi/lib/thumb/v7-m\libc_nano.a(lib_a-memset.o)
                              d:/gcc-arm-none-eabi-8-2018-q4-major-win32/bin/../lib/gcc/arm-none-eabi/7.3.1/../../../../arm-none-eabi/lib/thumb/v7-m/crt0.o (memset)
d:/gcc-arm-none-eabi-8-2018-q4-major-win32/bin/../lib/gcc/arm-none-eabi/7.3.1/../../../../arm-none-eabi/lib/thumb/v7-m\libnosys.a(_exit.o)
                              d:/gcc-arm-none-eabi-8-2018-q4-major-win32/bin/../lib/gcc/arm-none-eabi/7.3.1/../../../../arm-none-eabi/lib/thumb/v7-m\libc_nano.a(lib_a-exit.o) (_exit)

Allocating common symbols
Common symbol       size              file

aDST_Buffer         0x80              build/main.o
uwTick              0x4               build/stm32f1xx_hal.o
pFlash              0x20              build/stm32f1xx_hal_flash.o
hdma_memtomem_dma1_channel1
                    0x44              build/dma.o

Discarded input sections

 .text          0x00000000        0x0 d:/gcc-arm-none-eabi-8-2018-q4-major-win32/bin/../lib/gcc/arm-none-eabi/7.3.1/thumb/v7-m/crti.o
 .data          0x00000000        0x0 d:/gcc-arm-none-eabi-8-2018-q4-major-win32/bin/../lib/gcc/arm-none-eabi/7.3.1/thumb/v7-m/crti.o
 .bss           0x00000000        0x0 d:/gcc-arm-none-eabi-8-2018-q4-major-win32/bin/../lib/gcc/arm-none-eabi/7.3.1/thumb/v7-m/crti.o
 .data          0x00000000        0x4 d:/gcc-arm-none-eabi-8-2018-q4-major-win32/bin/../lib/gcc/arm-none-eabi/7.3.1/thumb/v7-m/crtbegin.o
 .text          0x00000000       0x74 d:/gcc-arm-none-eabi-8-2018-q4-major-win32/bin/../lib/gcc/arm-none-eabi/7.3.1/../../../../arm-none-eabi/lib/thumb/v7-m/crt0.o
 .data          0x00000000        0x0 d:/gcc-arm-none-eabi-8-2018-q4-major-win32/bin/../lib/gcc/arm-none-eabi/7.3.1/../../../../arm-none-eabi/lib/thumb/v7-m/crt0.o
 .bss           0x00000000        0x0 d:/gcc-arm-none-eabi-8-2018-q4-major-win32/bin/../lib/gcc/arm-none-eabi/7.3.1/../../../../arm-none-eabi/lib/thumb/v7-m/crt0.o
 .ARM.extab     0x00000000        0x0 d:/gcc-arm-none-eabi-8-2018-q4-major-win32/bin/../lib/gcc/arm-none-eabi/7.3.1/../../../../arm-none-eabi/lib/thumb/v7-m/crt0.o
 .ARM.exidx     0x00000000        0x8 d:/gcc-arm-none-eabi-8-2018-q4-major-win32/bin/../lib/gcc/arm-none-eabi/7.3.1/../../../../arm-none-eabi/lib/thumb/v7-m/crt0.o
 .ARM.attributes
                0x00000000       0x1b d:/gcc-arm-none-eabi-8-2018-q4-major-win32/bin/../lib/gcc/arm-none-eabi/7.3.1/../../../../arm-none-eabi/lib/thumb/v7-m/crt0.o
 .text          0x00000000        0x0 build/main.o
 .data          0x00000000        0x0 build/main.o
 .bss           0x00000000        0x0 build/main.o
 .text          0x00000000        0x0 build/gpio.o
 .data          0x00000000        0x0 build/gpio.o
 .bss           0x00000000        0x0 build/gpio.o
 .text          0x00000000        0x0 build/dma.o
 .data          0x00000000        0x0 build/dma.o
 .bss           0x00000000        0x0 build/dma.o
 .text          0x00000000        0x0 build/stm32f1xx_it.o
 .data          0x00000000        0x0 build/stm32f1xx_it.o
 .bss           0x00000000        0x0 build/stm32f1xx_it.o
 .text          0x00000000        0x0 build/stm32f1xx_hal_msp.o
 .data          0x00000000        0x0 build/stm32f1xx_hal_msp.o
 .bss           0x00000000        0x0 build/stm32f1xx_hal_msp.o
 .text          0x00000000        0x0 build/stm32f1xx_hal_gpio_ex.o
 .data          0x00000000        0x0 build/stm32f1xx_hal_gpio_ex.o
 .bss           0x00000000        0x0 build/stm32f1xx_hal_gpio_ex.o
 .text.HAL_GPIOEx_ConfigEventout
                0x00000000       0x14 build/stm32f1xx_hal_gpio_ex.o
 .text.HAL_GPIOEx_EnableEventout
                0x00000000       0x10 build/stm32f1xx_hal_gpio_ex.o
 .text.HAL_GPIOEx_DisableEventout
                0x00000000       0x10 build/stm32f1xx_hal_gpio_ex.o
 .debug_info    0x00000000      0x244 build/stm32f1xx_hal_gpio_ex.o
 .debug_abbrev  0x00000000      0x10c build/stm32f1xx_hal_gpio_ex.o
 .debug_loc     0x00000000       0x21 build/stm32f1xx_hal_gpio_ex.o
 .debug_aranges
                0x00000000       0x30 build/stm32f1xx_hal_gpio_ex.o
 .debug_ranges  0x00000000       0x20 build/stm32f1xx_hal_gpio_ex.o
 .debug_line    0x00000000      0x1e7 build/stm32f1xx_hal_gpio_ex.o
 .debug_str     0x00000000      0x304 build/stm32f1xx_hal_gpio_ex.o
 .comment       0x00000000       0x80 build/stm32f1xx_hal_gpio_ex.o
 .debug_frame   0x00000000       0x40 build/stm32f1xx_hal_gpio_ex.o
 .ARM.attributes
                0x00000000       0x33 build/stm32f1xx_hal_gpio_ex.o
 .text          0x00000000        0x0 build/stm32f1xx_hal_tim.o
 .data          0x00000000        0x0 build/stm32f1xx_hal_tim.o
 .bss           0x00000000        0x0 build/stm32f1xx_hal_tim.o
 .debug_info    0x00000000      0x161 build/stm32f1xx_hal_tim.o
 .debug_abbrev  0x00000000       0x8f build/stm32f1xx_hal_tim.o
 .debug_aranges
                0x00000000       0x18 build/stm32f1xx_hal_tim.o
 .debug_line    0x00000000      0x164 build/stm32f1xx_hal_tim.o
 .debug_str     0x00000000      0x264 build/stm32f1xx_hal_tim.o
 .comment       0x00000000       0x80 build/stm32f1xx_hal_tim.o
 .ARM.attributes
                0x00000000       0x33 build/stm32f1xx_hal_tim.o
 .text          0x00000000        0x0 build/stm32f1xx_hal_tim_ex.o
 .data          0x00000000        0x0 build/stm32f1xx_hal_tim_ex.o
 .bss           0x00000000        0x0 build/stm32f1xx_hal_tim_ex.o
 .debug_info    0x00000000      0x161 build/stm32f1xx_hal_tim_ex.o
 .debug_abbrev  0x00000000       0x8f build/stm32f1xx_hal_tim_ex.o
 .debug_aranges
                0x00000000       0x18 build/stm32f1xx_hal_tim_ex.o
 .debug_line    0x00000000      0x164 build/stm32f1xx_hal_tim_ex.o
 .debug_str     0x00000000      0x267 build/stm32f1xx_hal_tim_ex.o
 .comment       0x00000000       0x80 build/stm32f1xx_hal_tim_ex.o
 .ARM.attributes
                0x00000000       0x33 build/stm32f1xx_hal_tim_ex.o
 .text          0x00000000        0x0 build/stm32f1xx_hal.o
 .data          0x00000000        0x0 build/stm32f1xx_hal.o
 .bss           0x00000000        0x0 build/stm32f1xx_hal.o
 .text.HAL_MspInit
                0x00000000        0x2 build/stm32f1xx_hal.o
 .text.HAL_MspDeInit
                0x00000000        0x2 build/stm32f1xx_hal.o
 .text.HAL_DeInit
                0x00000000       0x20 build/stm32f1xx_hal.o
 .text.HAL_GetTickPrio
                0x00000000        0xc build/stm32f1xx_hal.o
 .text.HAL_SetTickFreq
                0x00000000       0x30 build/stm32f1xx_hal.o
 .text.HAL_GetTickFreq
                0x00000000        0xc build/stm32f1xx_hal.o
 .text.HAL_Delay
                0x00000000       0x28 build/stm32f1xx_hal.o
 .text.HAL_SuspendTick
                0x00000000       0x10 build/stm32f1xx_hal.o
 .text.HAL_ResumeTick
                0x00000000       0x10 build/stm32f1xx_hal.o
 .text.HAL_GetHalVersion
                0x00000000        0x8 build/stm32f1xx_hal.o
 .text.HAL_GetREVID
                0x00000000        0xc build/stm32f1xx_hal.o
 .text.HAL_GetDEVID
                0x00000000       0x10 build/stm32f1xx_hal.o
 .text.HAL_GetUIDw0
                0x00000000        0xc build/stm32f1xx_hal.o
 .text.HAL_GetUIDw1
                0x00000000        0xc build/stm32f1xx_hal.o
 .text.HAL_GetUIDw2
                0x00000000        0xc build/stm32f1xx_hal.o
 .text.HAL_DBGMCU_EnableDBGSleepMode
                0x00000000       0x10 build/stm32f1xx_hal.o
 .text.HAL_DBGMCU_DisableDBGSleepMode
                0x00000000       0x10 build/stm32f1xx_hal.o
 .text.HAL_DBGMCU_EnableDBGStopMode
                0x00000000       0x10 build/stm32f1xx_hal.o
 .text.HAL_DBGMCU_DisableDBGStopMode
                0x00000000       0x10 build/stm32f1xx_hal.o
 .text.HAL_DBGMCU_EnableDBGStandbyMode
                0x00000000       0x10 build/stm32f1xx_hal.o
 .text.HAL_DBGMCU_DisableDBGStandbyMode
                0x00000000       0x10 build/stm32f1xx_hal.o
 .text          0x00000000        0x0 build/stm32f1xx_hal_rcc.o
 .data          0x00000000        0x0 build/stm32f1xx_hal_rcc.o
 .bss           0x00000000        0x0 build/stm32f1xx_hal_rcc.o
 .text.HAL_RCC_DeInit
                0x00000000       0xf4 build/stm32f1xx_hal_rcc.o
 .text.HAL_RCC_MCOConfig
                0x00000000       0x4c build/stm32f1xx_hal_rcc.o
 .text.HAL_RCC_EnableCSS
                0x00000000        0xc build/stm32f1xx_hal_rcc.o
 .text.HAL_RCC_DisableCSS
                0x00000000        0xc build/stm32f1xx_hal_rcc.o
 .text.HAL_RCC_GetHCLKFreq
                0x00000000        0xc build/stm32f1xx_hal_rcc.o
 .text.HAL_RCC_GetPCLK1Freq
                0x00000000       0x20 build/stm32f1xx_hal_rcc.o
 .text.HAL_RCC_GetPCLK2Freq
                0x00000000       0x20 build/stm32f1xx_hal_rcc.o
 .text.HAL_RCC_GetOscConfig
                0x00000000       0xb4 build/stm32f1xx_hal_rcc.o
 .text.HAL_RCC_GetClockConfig
                0x00000000       0x3c build/stm32f1xx_hal_rcc.o
 .text.HAL_RCC_CSSCallback
                0x00000000        0x2 build/stm32f1xx_hal_rcc.o
 .text.HAL_RCC_NMI_IRQHandler
                0x00000000       0x24 build/stm32f1xx_hal_rcc.o
 .text          0x00000000        0x0 build/stm32f1xx_hal_rcc_ex.o
 .data          0x00000000        0x0 build/stm32f1xx_hal_rcc_ex.o
 .bss           0x00000000        0x0 build/stm32f1xx_hal_rcc_ex.o
 .text.HAL_RCCEx_PeriphCLKConfig
                0x00000000      0x114 build/stm32f1xx_hal_rcc_ex.o
 .text.HAL_RCCEx_GetPeriphCLKConfig
                0x00000000       0x34 build/stm32f1xx_hal_rcc_ex.o
 .text.HAL_RCCEx_GetPeriphCLKFreq
                0x00000000      0x118 build/stm32f1xx_hal_rcc_ex.o
 .rodata        0x00000000       0x12 build/stm32f1xx_hal_rcc_ex.o
 .debug_info    0x00000000      0x508 build/stm32f1xx_hal_rcc_ex.o
 .debug_abbrev  0x00000000      0x1c9 build/stm32f1xx_hal_rcc_ex.o
 .debug_loc     0x00000000      0x392 build/stm32f1xx_hal_rcc_ex.o
 .debug_aranges
                0x00000000       0x30 build/stm32f1xx_hal_rcc_ex.o
 .debug_ranges  0x00000000       0x38 build/stm32f1xx_hal_rcc_ex.o
 .debug_line    0x00000000      0x2d1 build/stm32f1xx_hal_rcc_ex.o
 .debug_str     0x00000000      0x4ac build/stm32f1xx_hal_rcc_ex.o
 .comment       0x00000000       0x80 build/stm32f1xx_hal_rcc_ex.o
 .debug_frame   0x00000000       0x74 build/stm32f1xx_hal_rcc_ex.o
 .ARM.attributes
                0x00000000       0x33 build/stm32f1xx_hal_rcc_ex.o
 .text          0x00000000        0x0 build/stm32f1xx_hal_gpio.o
 .data          0x00000000        0x0 build/stm32f1xx_hal_gpio.o
 .bss           0x00000000        0x0 build/stm32f1xx_hal_gpio.o
 .text.HAL_GPIO_DeInit
                0x00000000      0x110 build/stm32f1xx_hal_gpio.o
 .text.HAL_GPIO_ReadPin
                0x00000000        0xe build/stm32f1xx_hal_gpio.o
 .text.HAL_GPIO_TogglePin
                0x00000000        0xe build/stm32f1xx_hal_gpio.o
 .text.HAL_GPIO_LockPin
                0x00000000       0x2e build/stm32f1xx_hal_gpio.o
 .text.HAL_GPIO_EXTI_Callback
                0x00000000        0x2 build/stm32f1xx_hal_gpio.o
 .text.HAL_GPIO_EXTI_IRQHandler
                0x00000000       0x1c build/stm32f1xx_hal_gpio.o
 .text          0x00000000        0x0 build/stm32f1xx_hal_dma.o
 .data          0x00000000        0x0 build/stm32f1xx_hal_dma.o
 .bss           0x00000000        0x0 build/stm32f1xx_hal_dma.o
 .text.HAL_DMA_DeInit
                0x00000000       0x90 build/stm32f1xx_hal_dma.o
 .text.HAL_DMA_Start_IT
                0x00000000       0x74 build/stm32f1xx_hal_dma.o
 .text.HAL_DMA_Abort
                0x00000000       0x44 build/stm32f1xx_hal_dma.o
 .text.HAL_DMA_Abort_IT
                0x00000000      0x168 build/stm32f1xx_hal_dma.o
 .text.HAL_DMA_PollForTransfer
                0x00000000      0x548 build/stm32f1xx_hal_dma.o
 .text.HAL_DMA_IRQHandler
                0x00000000      0x2ec build/stm32f1xx_hal_dma.o
 .text.HAL_DMA_RegisterCallback
                0x00000000       0x4e build/stm32f1xx_hal_dma.o
 .text.HAL_DMA_UnRegisterCallback
                0x00000000       0x5c build/stm32f1xx_hal_dma.o
 .text.HAL_DMA_GetState
                0x00000000        0x6 build/stm32f1xx_hal_dma.o
 .text.HAL_DMA_GetError
                0x00000000        0x4 build/stm32f1xx_hal_dma.o
 .text          0x00000000        0x0 build/stm32f1xx_hal_cortex.o
 .data          0x00000000        0x0 build/stm32f1xx_hal_cortex.o
 .bss           0x00000000        0x0 build/stm32f1xx_hal_cortex.o
 .text.HAL_NVIC_EnableIRQ
                0x00000000       0x1c build/stm32f1xx_hal_cortex.o
 .text.HAL_NVIC_DisableIRQ
                0x00000000       0x24 build/stm32f1xx_hal_cortex.o
 .text.HAL_NVIC_SystemReset
                0x00000000       0x24 build/stm32f1xx_hal_cortex.o
 .text.HAL_NVIC_GetPriorityGrouping
                0x00000000       0x10 build/stm32f1xx_hal_cortex.o
 .text.HAL_NVIC_GetPriority
                0x00000000       0x60 build/stm32f1xx_hal_cortex.o
 .text.HAL_NVIC_SetPendingIRQ
                0x00000000       0x1c build/stm32f1xx_hal_cortex.o
 .text.HAL_NVIC_GetPendingIRQ
                0x00000000       0x24 build/stm32f1xx_hal_cortex.o
 .text.HAL_NVIC_ClearPendingIRQ
                0x00000000       0x1c build/stm32f1xx_hal_cortex.o
 .text.HAL_NVIC_GetActive
                0x00000000       0x24 build/stm32f1xx_hal_cortex.o
 .text.HAL_SYSTICK_CLKSourceConfig
                0x00000000       0x20 build/stm32f1xx_hal_cortex.o
 .text.HAL_SYSTICK_Callback
                0x00000000        0x2 build/stm32f1xx_hal_cortex.o
 .text.HAL_SYSTICK_IRQHandler
                0x00000000        0x8 build/stm32f1xx_hal_cortex.o
 .text          0x00000000        0x0 build/stm32f1xx_hal_pwr.o
 .data          0x00000000        0x0 build/stm32f1xx_hal_pwr.o
 .bss           0x00000000        0x0 build/stm32f1xx_hal_pwr.o
 .text.PWR_OverloadWfe
                0x00000000        0x6 build/stm32f1xx_hal_pwr.o
 .text.HAL_PWR_DeInit
                0x00000000       0x18 build/stm32f1xx_hal_pwr.o
 .text.HAL_PWR_EnableBkUpAccess
                0x00000000        0xc build/stm32f1xx_hal_pwr.o
 .text.HAL_PWR_DisableBkUpAccess
                0x00000000        0xc build/stm32f1xx_hal_pwr.o
 .text.HAL_PWR_ConfigPVD
                0x00000000       0x84 build/stm32f1xx_hal_pwr.o
 .text.HAL_PWR_EnablePVD
                0x00000000        0xc build/stm32f1xx_hal_pwr.o
 .text.HAL_PWR_DisablePVD
                0x00000000        0xc build/stm32f1xx_hal_pwr.o
 .text.HAL_PWR_EnableWakeUpPin
                0x00000000       0x18 build/stm32f1xx_hal_pwr.o
 .text.HAL_PWR_DisableWakeUpPin
                0x00000000       0x18 build/stm32f1xx_hal_pwr.o
 .text.HAL_PWR_EnterSLEEPMode
                0x00000000       0x20 build/stm32f1xx_hal_pwr.o
 .text.HAL_PWR_EnterSTOPMode
                0x00000000       0x48 build/stm32f1xx_hal_pwr.o
 .text.HAL_PWR_EnterSTANDBYMode
                0x00000000       0x20 build/stm32f1xx_hal_pwr.o
 .text.HAL_PWR_EnableSleepOnExit
                0x00000000       0x10 build/stm32f1xx_hal_pwr.o
 .text.HAL_PWR_DisableSleepOnExit
                0x00000000       0x10 build/stm32f1xx_hal_pwr.o
 .text.HAL_PWR_EnableSEVOnPend
                0x00000000       0x10 build/stm32f1xx_hal_pwr.o
 .text.HAL_PWR_DisableSEVOnPend
                0x00000000       0x10 build/stm32f1xx_hal_pwr.o
 .text.HAL_PWR_PVDCallback
                0x00000000        0x2 build/stm32f1xx_hal_pwr.o
 .text.HAL_PWR_PVD_IRQHandler
                0x00000000       0x20 build/stm32f1xx_hal_pwr.o
 .debug_info    0x00000000      0x79d build/stm32f1xx_hal_pwr.o
 .debug_abbrev  0x00000000      0x1f1 build/stm32f1xx_hal_pwr.o
 .debug_loc     0x00000000       0xf5 build/stm32f1xx_hal_pwr.o
 .debug_aranges
                0x00000000       0xa8 build/stm32f1xx_hal_pwr.o
 .debug_ranges  0x00000000       0x98 build/stm32f1xx_hal_pwr.o
 .debug_line    0x00000000      0x361 build/stm32f1xx_hal_pwr.o
 .debug_str     0x00000000      0x536 build/stm32f1xx_hal_pwr.o
 .comment       0x00000000       0x80 build/stm32f1xx_hal_pwr.o
 .debug_frame   0x00000000      0x148 build/stm32f1xx_hal_pwr.o
 .ARM.attributes
                0x00000000       0x33 build/stm32f1xx_hal_pwr.o
 .text          0x00000000        0x0 build/stm32f1xx_hal_flash.o
 .data          0x00000000        0x0 build/stm32f1xx_hal_flash.o
 .bss           0x00000000        0x0 build/stm32f1xx_hal_flash.o
 .text.FLASH_Program_HalfWord
                0x00000000       0x1c build/stm32f1xx_hal_flash.o
 .text.FLASH_SetErrorCode
                0x00000000       0x74 build/stm32f1xx_hal_flash.o
 .text.HAL_FLASH_Program_IT
                0x00000000       0x64 build/stm32f1xx_hal_flash.o
 .text.HAL_FLASH_EndOfOperationCallback
                0x00000000        0x2 build/stm32f1xx_hal_flash.o
 .text.HAL_FLASH_OperationErrorCallback
                0x00000000        0x2 build/stm32f1xx_hal_flash.o
 .text.HAL_FLASH_IRQHandler
                0x00000000      0x154 build/stm32f1xx_hal_flash.o
 .text.HAL_FLASH_Unlock
                0x00000000       0x34 build/stm32f1xx_hal_flash.o
 .text.HAL_FLASH_Lock
                0x00000000       0x14 build/stm32f1xx_hal_flash.o
 .text.HAL_FLASH_OB_Unlock
                0x00000000       0x28 build/stm32f1xx_hal_flash.o
 .text.HAL_FLASH_OB_Lock
                0x00000000       0x14 build/stm32f1xx_hal_flash.o
 .text.HAL_FLASH_OB_Launch
                0x00000000        0x8 build/stm32f1xx_hal_flash.o
 .text.HAL_FLASH_GetError
                0x00000000        0xc build/stm32f1xx_hal_flash.o
 .text.FLASH_WaitForLastOperation
                0x00000000       0x6c build/stm32f1xx_hal_flash.o
 .text.HAL_FLASH_Program
                0x00000000       0x9c build/stm32f1xx_hal_flash.o
 .debug_info    0x00000000      0x746 build/stm32f1xx_hal_flash.o
 .debug_abbrev  0x00000000      0x279 build/stm32f1xx_hal_flash.o
 .debug_loc     0x00000000      0x3d7 build/stm32f1xx_hal_flash.o
 .debug_aranges
                0x00000000       0x88 build/stm32f1xx_hal_flash.o
 .debug_ranges  0x00000000       0x78 build/stm32f1xx_hal_flash.o
 .debug_line    0x00000000      0x408 build/stm32f1xx_hal_flash.o
 .debug_str     0x00000000      0x5ca build/stm32f1xx_hal_flash.o
 .comment       0x00000000       0x80 build/stm32f1xx_hal_flash.o
 .debug_frame   0x00000000      0x150 build/stm32f1xx_hal_flash.o
 .ARM.attributes
                0x00000000       0x33 build/stm32f1xx_hal_flash.o
 COMMON         0x00000000       0x20 build/stm32f1xx_hal_flash.o
 .text          0x00000000        0x0 build/stm32f1xx_hal_flash_ex.o
 .data          0x00000000        0x0 build/stm32f1xx_hal_flash_ex.o
 .bss           0x00000000        0x0 build/stm32f1xx_hal_flash_ex.o
 .text.FLASH_MassErase
                0x00000000       0x24 build/stm32f1xx_hal_flash_ex.o
 .text.FLASH_OB_GetWRP
                0x00000000        0xc build/stm32f1xx_hal_flash_ex.o
 .text.FLASH_OB_GetRDP
                0x00000000       0x18 build/stm32f1xx_hal_flash_ex.o
 .text.FLASH_OB_GetUser
                0x00000000       0x10 build/stm32f1xx_hal_flash_ex.o
 .text.FLASH_OB_RDP_LevelConfig
                0x00000000       0x70 build/stm32f1xx_hal_flash_ex.o
 .text.FLASH_OB_UserConfig
                0x00000000       0x4c build/stm32f1xx_hal_flash_ex.o
 .text.FLASH_OB_ProgramData
                0x00000000       0x48 build/stm32f1xx_hal_flash_ex.o
 .text.HAL_FLASHEx_OBErase
                0x00000000       0x58 build/stm32f1xx_hal_flash_ex.o
 .text.FLASH_OB_EnableWRP
                0x00000000       0xc0 build/stm32f1xx_hal_flash_ex.o
 .text.FLASH_OB_DisableWRP
                0x00000000       0xc0 build/stm32f1xx_hal_flash_ex.o
 .text.HAL_FLASHEx_OBProgram
                0x00000000       0xa8 build/stm32f1xx_hal_flash_ex.o
 .text.HAL_FLASHEx_OBGetConfig
                0x00000000       0x1c build/stm32f1xx_hal_flash_ex.o
 .text.HAL_FLASHEx_OBGetUserData
                0x00000000       0x24 build/stm32f1xx_hal_flash_ex.o
 .text.FLASH_PageErase
                0x00000000       0x24 build/stm32f1xx_hal_flash_ex.o
 .text.HAL_FLASHEx_Erase
                0x00000000       0xa4 build/stm32f1xx_hal_flash_ex.o
 .text.HAL_FLASHEx_Erase_IT
                0x00000000       0x5c build/stm32f1xx_hal_flash_ex.o
 .debug_info    0x00000000      0xb62 build/stm32f1xx_hal_flash_ex.o
 .debug_abbrev  0x00000000      0x279 build/stm32f1xx_hal_flash_ex.o
 .debug_loc     0x00000000      0x9b1 build/stm32f1xx_hal_flash_ex.o
 .debug_aranges
                0x00000000       0x98 build/stm32f1xx_hal_flash_ex.o
 .debug_ranges  0x00000000       0x88 build/stm32f1xx_hal_flash_ex.o
 .debug_line    0x00000000      0x490 build/stm32f1xx_hal_flash_ex.o
 .debug_str     0x00000000      0x6e0 build/stm32f1xx_hal_flash_ex.o
 .comment       0x00000000       0x80 build/stm32f1xx_hal_flash_ex.o
 .debug_frame   0x00000000      0x1c8 build/stm32f1xx_hal_flash_ex.o
 .ARM.attributes
                0x00000000       0x33 build/stm32f1xx_hal_flash_ex.o
 .text          0x00000000        0x0 build/stm32f1xx_hal_exti.o
 .data          0x00000000        0x0 build/stm32f1xx_hal_exti.o
 .bss           0x00000000        0x0 build/stm32f1xx_hal_exti.o
 .text.HAL_EXTI_SetConfigLine
                0x00000000       0xd8 build/stm32f1xx_hal_exti.o
 .text.HAL_EXTI_GetConfigLine
                0x00000000       0xa8 build/stm32f1xx_hal_exti.o
 .text.HAL_EXTI_ClearConfigLine
                0x00000000       0x7c build/stm32f1xx_hal_exti.o
 .text.HAL_EXTI_RegisterCallback
                0x00000000        0xc build/stm32f1xx_hal_exti.o
 .text.HAL_EXTI_GetHandle
                0x00000000        0xc build/stm32f1xx_hal_exti.o
 .text.HAL_EXTI_IRQHandler
                0x00000000       0x24 build/stm32f1xx_hal_exti.o
 .text.HAL_EXTI_GetPending
                0x00000000       0x1c build/stm32f1xx_hal_exti.o
 .text.HAL_EXTI_ClearPending
                0x00000000       0x14 build/stm32f1xx_hal_exti.o
 .text.HAL_EXTI_GenerateSWI
                0x00000000       0x14 build/stm32f1xx_hal_exti.o
 .debug_info    0x00000000      0x630 build/stm32f1xx_hal_exti.o
 .debug_abbrev  0x00000000      0x204 build/stm32f1xx_hal_exti.o
 .debug_loc     0x00000000      0x53a build/stm32f1xx_hal_exti.o
 .debug_aranges
                0x00000000       0x60 build/stm32f1xx_hal_exti.o
 .debug_ranges  0x00000000       0x50 build/stm32f1xx_hal_exti.o
 .debug_line    0x00000000      0x326 build/stm32f1xx_hal_exti.o
 .debug_str     0x00000000      0x483 build/stm32f1xx_hal_exti.o
 .comment       0x00000000       0x80 build/stm32f1xx_hal_exti.o
 .debug_frame   0x00000000       0xfc build/stm32f1xx_hal_exti.o
 .ARM.attributes
                0x00000000       0x33 build/stm32f1xx_hal_exti.o
 .text          0x00000000        0x0 build/system_stm32f1xx.o
 .data          0x00000000        0x0 build/system_stm32f1xx.o
 .bss           0x00000000        0x0 build/system_stm32f1xx.o
 .text.SystemCoreClockUpdate
                0x00000000       0x94 build/system_stm32f1xx.o
 .rodata.APBPrescTable
                0x00000000        0x8 build/system_stm32f1xx.o
 .text          0x00000000       0x14 build/startup_stm32f103xe.o
 .data          0x00000000        0x0 build/startup_stm32f103xe.o
 .bss           0x00000000        0x0 build/startup_stm32f103xe.o
 .text          0x00000000        0x0 d:/gcc-arm-none-eabi-8-2018-q4-major-win32/bin/../lib/gcc/arm-none-eabi/7.3.1/../../../../arm-none-eabi/lib/thumb/v7-m\libc_nano.a(lib_a-exit.o)
 .data          0x00000000        0x0 d:/gcc-arm-none-eabi-8-2018-q4-major-win32/bin/../lib/gcc/arm-none-eabi/7.3.1/../../../../arm-none-eabi/lib/thumb/v7-m\libc_nano.a(lib_a-exit.o)
 .bss           0x00000000        0x0 d:/gcc-arm-none-eabi-8-2018-q4-major-win32/bin/../lib/gcc/arm-none-eabi/7.3.1/../../../../arm-none-eabi/lib/thumb/v7-m\libc_nano.a(lib_a-exit.o)
 .text.exit     0x00000000       0x28 d:/gcc-arm-none-eabi-8-2018-q4-major-win32/bin/../lib/gcc/arm-none-eabi/7.3.1/../../../../arm-none-eabi/lib/thumb/v7-m\libc_nano.a(lib_a-exit.o)
 .debug_frame   0x00000000       0x28 d:/gcc-arm-none-eabi-8-2018-q4-major-win32/bin/../lib/gcc/arm-none-eabi/7.3.1/../../../../arm-none-eabi/lib/thumb/v7-m\libc_nano.a(lib_a-exit.o)
 .ARM.attributes
                0x00000000       0x2d d:/gcc-arm-none-eabi-8-2018-q4-major-win32/bin/../lib/gcc/arm-none-eabi/7.3.1/../../../../arm-none-eabi/lib/thumb/v7-m\libc_nano.a(lib_a-exit.o)
 .text          0x00000000        0x0 d:/gcc-arm-none-eabi-8-2018-q4-major-win32/bin/../lib/gcc/arm-none-eabi/7.3.1/../../../../arm-none-eabi/lib/thumb/v7-m\libc_nano.a(lib_a-impure.o)
 .data          0x00000000        0x0 d:/gcc-arm-none-eabi-8-2018-q4-major-win32/bin/../lib/gcc/arm-none-eabi/7.3.1/../../../../arm-none-eabi/lib/thumb/v7-m\libc_nano.a(lib_a-impure.o)
 .bss           0x00000000        0x0 d:/gcc-arm-none-eabi-8-2018-q4-major-win32/bin/../lib/gcc/arm-none-eabi/7.3.1/../../../../arm-none-eabi/lib/thumb/v7-m\libc_nano.a(lib_a-impure.o)
 .data._impure_ptr
                0x00000000        0x4 d:/gcc-arm-none-eabi-8-2018-q4-major-win32/bin/../lib/gcc/arm-none-eabi/7.3.1/../../../../arm-none-eabi/lib/thumb/v7-m\libc_nano.a(lib_a-impure.o)
 .data.impure_data
                0x00000000       0x60 d:/gcc-arm-none-eabi-8-2018-q4-major-win32/bin/../lib/gcc/arm-none-eabi/7.3.1/../../../../arm-none-eabi/lib/thumb/v7-m\libc_nano.a(lib_a-impure.o)
 .rodata._global_impure_ptr
                0x00000000        0x4 d:/gcc-arm-none-eabi-8-2018-q4-major-win32/bin/../lib/gcc/arm-none-eabi/7.3.1/../../../../arm-none-eabi/lib/thumb/v7-m\libc_nano.a(lib_a-impure.o)
 .ARM.attributes
                0x00000000       0x2d d:/gcc-arm-none-eabi-8-2018-q4-major-win32/bin/../lib/gcc/arm-none-eabi/7.3.1/../../../../arm-none-eabi/lib/thumb/v7-m\libc_nano.a(lib_a-impure.o)
 .text          0x00000000        0x0 d:/gcc-arm-none-eabi-8-2018-q4-major-win32/bin/../lib/gcc/arm-none-eabi/7.3.1/../../../../arm-none-eabi/lib/thumb/v7-m\libc_nano.a(lib_a-init.o)
 .data          0x00000000        0x0 d:/gcc-arm-none-eabi-8-2018-q4-major-win32/bin/../lib/gcc/arm-none-eabi/7.3.1/../../../../arm-none-eabi/lib/thumb/v7-m\libc_nano.a(lib_a-init.o)
 .bss           0x00000000        0x0 d:/gcc-arm-none-eabi-8-2018-q4-major-win32/bin/../lib/gcc/arm-none-eabi/7.3.1/../../../../arm-none-eabi/lib/thumb/v7-m\libc_nano.a(lib_a-init.o)
 .text          0x00000000        0x0 d:/gcc-arm-none-eabi-8-2018-q4-major-win32/bin/../lib/gcc/arm-none-eabi/7.3.1/../../../../arm-none-eabi/lib/thumb/v7-m\libc_nano.a(lib_a-memset.o)
 .data          0x00000000        0x0 d:/gcc-arm-none-eabi-8-2018-q4-major-win32/bin/../lib/gcc/arm-none-eabi/7.3.1/../../../../arm-none-eabi/lib/thumb/v7-m\libc_nano.a(lib_a-memset.o)
 .bss           0x00000000        0x0 d:/gcc-arm-none-eabi-8-2018-q4-major-win32/bin/../lib/gcc/arm-none-eabi/7.3.1/../../../../arm-none-eabi/lib/thumb/v7-m\libc_nano.a(lib_a-memset.o)
 .text.memset   0x00000000       0x10 d:/gcc-arm-none-eabi-8-2018-q4-major-win32/bin/../lib/gcc/arm-none-eabi/7.3.1/../../../../arm-none-eabi/lib/thumb/v7-m\libc_nano.a(lib_a-memset.o)
 .debug_frame   0x00000000       0x20 d:/gcc-arm-none-eabi-8-2018-q4-major-win32/bin/../lib/gcc/arm-none-eabi/7.3.1/../../../../arm-none-eabi/lib/thumb/v7-m\libc_nano.a(lib_a-memset.o)
 .ARM.attributes
                0x00000000       0x2d d:/gcc-arm-none-eabi-8-2018-q4-major-win32/bin/../lib/gcc/arm-none-eabi/7.3.1/../../../../arm-none-eabi/lib/thumb/v7-m\libc_nano.a(lib_a-memset.o)
 .text          0x00000000        0x0 d:/gcc-arm-none-eabi-8-2018-q4-major-win32/bin/../lib/gcc/arm-none-eabi/7.3.1/../../../../arm-none-eabi/lib/thumb/v7-m\libnosys.a(_exit.o)
 .data          0x00000000        0x0 d:/gcc-arm-none-eabi-8-2018-q4-major-win32/bin/../lib/gcc/arm-none-eabi/7.3.1/../../../../arm-none-eabi/lib/thumb/v7-m\libnosys.a(_exit.o)
 .bss           0x00000000        0x0 d:/gcc-arm-none-eabi-8-2018-q4-major-win32/bin/../lib/gcc/arm-none-eabi/7.3.1/../../../../arm-none-eabi/lib/thumb/v7-m\libnosys.a(_exit.o)
 .text._exit    0x00000000        0x4 d:/gcc-arm-none-eabi-8-2018-q4-major-win32/bin/../lib/gcc/arm-none-eabi/7.3.1/../../../../arm-none-eabi/lib/thumb/v7-m\libnosys.a(_exit.o)
 .debug_frame   0x00000000       0x20 d:/gcc-arm-none-eabi-8-2018-q4-major-win32/bin/../lib/gcc/arm-none-eabi/7.3.1/../../../../arm-none-eabi/lib/thumb/v7-m\libnosys.a(_exit.o)
 .ARM.attributes
                0x00000000       0x2d d:/gcc-arm-none-eabi-8-2018-q4-major-win32/bin/../lib/gcc/arm-none-eabi/7.3.1/../../../../arm-none-eabi/lib/thumb/v7-m\libnosys.a(_exit.o)
 .text          0x00000000        0x0 d:/gcc-arm-none-eabi-8-2018-q4-major-win32/bin/../lib/gcc/arm-none-eabi/7.3.1/thumb/v7-m/crtend.o
 .data          0x00000000        0x0 d:/gcc-arm-none-eabi-8-2018-q4-major-win32/bin/../lib/gcc/arm-none-eabi/7.3.1/thumb/v7-m/crtend.o
 .bss           0x00000000        0x0 d:/gcc-arm-none-eabi-8-2018-q4-major-win32/bin/../lib/gcc/arm-none-eabi/7.3.1/thumb/v7-m/crtend.o
 .eh_frame      0x00000000        0x4 d:/gcc-arm-none-eabi-8-2018-q4-major-win32/bin/../lib/gcc/arm-none-eabi/7.3.1/thumb/v7-m/crtend.o
 .ARM.attributes
                0x00000000       0x2d d:/gcc-arm-none-eabi-8-2018-q4-major-win32/bin/../lib/gcc/arm-none-eabi/7.3.1/thumb/v7-m/crtend.o
 .text          0x00000000        0x0 d:/gcc-arm-none-eabi-8-2018-q4-major-win32/bin/../lib/gcc/arm-none-eabi/7.3.1/thumb/v7-m/crtn.o
 .data          0x00000000        0x0 d:/gcc-arm-none-eabi-8-2018-q4-major-win32/bin/../lib/gcc/arm-none-eabi/7.3.1/thumb/v7-m/crtn.o
 .bss           0x00000000        0x0 d:/gcc-arm-none-eabi-8-2018-q4-major-win32/bin/../lib/gcc/arm-none-eabi/7.3.1/thumb/v7-m/crtn.o

Memory Configuration

Name             Origin             Length             Attributes
RAM              0x20000000         0x0000c000         xrw
FLASH            0x08000000         0x00040000         xr
*default*        0x00000000         0xffffffff

Linker script and memory map

LOAD d:/gcc-arm-none-eabi-8-2018-q4-major-win32/bin/../lib/gcc/arm-none-eabi/7.3.1/thumb/v7-m/crti.o
LOAD d:/gcc-arm-none-eabi-8-2018-q4-major-win32/bin/../lib/gcc/arm-none-eabi/7.3.1/thumb/v7-m/crtbegin.o
LOAD d:/gcc-arm-none-eabi-8-2018-q4-major-win32/bin/../lib/gcc/arm-none-eabi/7.3.1/../../../../arm-none-eabi/lib/thumb/v7-m/crt0.o
LOAD build/main.o
LOAD build/gpio.o
LOAD build/dma.o
LOAD build/stm32f1xx_it.o
LOAD build/stm32f1xx_hal_msp.o
LOAD build/stm32f1xx_hal_gpio_ex.o
LOAD build/stm32f1xx_hal_tim.o
LOAD build/stm32f1xx_hal_tim_ex.o
LOAD build/stm32f1xx_hal.o
LOAD build/stm32f1xx_hal_rcc.o
LOAD build/stm32f1xx_hal_rcc_ex.o
LOAD build/stm32f1xx_hal_gpio.o
LOAD build/stm32f1xx_hal_dma.o
LOAD build/stm32f1xx_hal_cortex.o
LOAD build/stm32f1xx_hal_pwr.o
LOAD build/stm32f1xx_hal_flash.o
LOAD build/stm32f1xx_hal_flash_ex.o
LOAD build/stm32f1xx_hal_exti.o
LOAD build/system_stm32f1xx.o
LOAD build/startup_stm32f103xe.o
LOAD d:/gcc-arm-none-eabi-8-2018-q4-major-win32/bin/../lib/gcc/arm-none-eabi/7.3.1/../../../../arm-none-eabi/lib/thumb/v7-m\libc_nano.a
LOAD d:/gcc-arm-none-eabi-8-2018-q4-major-win32/bin/../lib/gcc/arm-none-eabi/7.3.1/../../../../arm-none-eabi/lib/thumb/v7-m\libm.a
LOAD d:/gcc-arm-none-eabi-8-2018-q4-major-win32/bin/../lib/gcc/arm-none-eabi/7.3.1/../../../../arm-none-eabi/lib/thumb/v7-m\libnosys.a
START GROUP
LOAD d:/gcc-arm-none-eabi-8-2018-q4-major-win32/bin/../lib/gcc/arm-none-eabi/7.3.1/thumb/v7-m\libgcc.a
LOAD d:/gcc-arm-none-eabi-8-2018-q4-major-win32/bin/../lib/gcc/arm-none-eabi/7.3.1/../../../../arm-none-eabi/lib/thumb/v7-m\libc_nano.a
END GROUP
START GROUP
LOAD d:/gcc-arm-none-eabi-8-2018-q4-major-win32/bin/../lib/gcc/arm-none-eabi/7.3.1/thumb/v7-m\libgcc.a
LOAD d:/gcc-arm-none-eabi-8-2018-q4-major-win32/bin/../lib/gcc/arm-none-eabi/7.3.1/../../../../arm-none-eabi/lib/thumb/v7-m\libc_nano.a
END GROUP
LOAD d:/gcc-arm-none-eabi-8-2018-q4-major-win32/bin/../lib/gcc/arm-none-eabi/7.3.1/thumb/v7-m/crtend.o
LOAD d:/gcc-arm-none-eabi-8-2018-q4-major-win32/bin/../lib/gcc/arm-none-eabi/7.3.1/thumb/v7-m/crtn.o
                0x2000c000                _estack = 0x2000c000
                0x00000200                _Min_Heap_Size = 0x200
                0x00000400                _Min_Stack_Size = 0x400

.isr_vector     0x08000000      0x1e4
                0x08000000                . = ALIGN (0x4)
 *(.isr_vector)
 .isr_vector    0x08000000      0x1e4 build/startup_stm32f103xe.o
                0x08000000                g_pfnVectors
                0x080001e4                . = ALIGN (0x4)

.text           0x080001e4      0xe14
                0x080001e4                . = ALIGN (0x4)
 *(.text)
 .text          0x080001e4       0x40 d:/gcc-arm-none-eabi-8-2018-q4-major-win32/bin/../lib/gcc/arm-none-eabi/7.3.1/thumb/v7-m/crtbegin.o
 *(.text*)
 .text.Delay    0x08000224       0x16 build/main.o
 .text.SystemClock_Config
                0x0800023a       0x52 build/main.o
                0x0800023a                SystemClock_Config
 .text.Buffercmp
                0x0800028c       0x2c build/main.o
                0x0800028c                Buffercmp
 .text.main     0x080002b8       0xa8 build/main.o
                0x080002b8                main
 .text.Error_Handler
                0x08000360        0x2 build/main.o
                0x08000360                Error_Handler
 *fill*         0x08000362        0x2 
 .text.MX_GPIO_Init
                0x08000364       0x6c build/gpio.o
                0x08000364                MX_GPIO_Init
 .text.MX_DMA_Init
                0x080003d0       0x60 build/dma.o
                0x080003d0                MX_DMA_Init
 .text.NMI_Handler
                0x08000430        0x2 build/stm32f1xx_it.o
                0x08000430                NMI_Handler
 .text.HardFault_Handler
                0x08000432        0x2 build/stm32f1xx_it.o
                0x08000432                HardFault_Handler
 .text.MemManage_Handler
                0x08000434        0x2 build/stm32f1xx_it.o
                0x08000434                MemManage_Handler
 .text.BusFault_Handler
                0x08000436        0x2 build/stm32f1xx_it.o
                0x08000436                BusFault_Handler
 .text.UsageFault_Handler
                0x08000438        0x2 build/stm32f1xx_it.o
                0x08000438                UsageFault_Handler
 .text.SVC_Handler
                0x0800043a        0x2 build/stm32f1xx_it.o
                0x0800043a                SVC_Handler
 .text.DebugMon_Handler
                0x0800043c        0x2 build/stm32f1xx_it.o
                0x0800043c                DebugMon_Handler
 .text.PendSV_Handler
                0x0800043e        0x2 build/stm32f1xx_it.o
                0x0800043e                PendSV_Handler
 .text.SysTick_Handler
                0x08000440        0x8 build/stm32f1xx_it.o
                0x08000440                SysTick_Handler
 .text.HAL_MspInit
                0x08000448       0x44 build/stm32f1xx_hal_msp.o
                0x08000448                HAL_MspInit
 .text.HAL_InitTick
                0x0800048c       0x4c build/stm32f1xx_hal.o
                0x0800048c                HAL_InitTick
 .text.HAL_Init
                0x080004d8       0x24 build/stm32f1xx_hal.o
                0x080004d8                HAL_Init
 .text.HAL_IncTick
                0x080004fc       0x18 build/stm32f1xx_hal.o
                0x080004fc                HAL_IncTick
 .text.HAL_GetTick
                0x08000514        0xc build/stm32f1xx_hal.o
                0x08000514                HAL_GetTick
 .text.RCC_Delay
                0x08000520       0x2c build/stm32f1xx_hal_rcc.o
 .text.HAL_RCC_OscConfig
                0x0800054c      0x410 build/stm32f1xx_hal_rcc.o
                0x0800054c                HAL_RCC_OscConfig
 .text.HAL_RCC_GetSysClockFreq
                0x0800095c       0x70 build/stm32f1xx_hal_rcc.o
                0x0800095c                HAL_RCC_GetSysClockFreq
 .text.HAL_RCC_ClockConfig
                0x080009cc      0x168 build/stm32f1xx_hal_rcc.o
                0x080009cc                HAL_RCC_ClockConfig
 .text.HAL_GPIO_Init
                0x08000b34      0x1f4 build/stm32f1xx_hal_gpio.o
                0x08000b34                HAL_GPIO_Init
 .text.HAL_GPIO_WritePin
                0x08000d28        0xc build/stm32f1xx_hal_gpio.o
                0x08000d28                HAL_GPIO_WritePin
 .text.DMA_SetConfig
                0x08000d34       0x2c build/stm32f1xx_hal_dma.o
 .text.HAL_DMA_Init
                0x08000d60       0x98 build/stm32f1xx_hal_dma.o
                0x08000d60                HAL_DMA_Init
 .text.HAL_DMA_Start
                0x08000df8       0x50 build/stm32f1xx_hal_dma.o
                0x08000df8                HAL_DMA_Start
 .text.HAL_NVIC_SetPriorityGrouping
                0x08000e48       0x24 build/stm32f1xx_hal_cortex.o
                0x08000e48                HAL_NVIC_SetPriorityGrouping
 .text.HAL_NVIC_SetPriority
                0x08000e6c       0x68 build/stm32f1xx_hal_cortex.o
                0x08000e6c                HAL_NVIC_SetPriority
 .text.HAL_SYSTICK_Config
                0x08000ed4       0x2c build/stm32f1xx_hal_cortex.o
                0x08000ed4                HAL_SYSTICK_Config
 .text.SystemInit
                0x08000f00       0x4c build/system_stm32f1xx.o
                0x08000f00                SystemInit
 .text.Reset_Handler
                0x08000f4c       0x48 build/startup_stm32f103xe.o
                0x08000f4c                Reset_Handler
 .text.Default_Handler
                0x08000f94        0x2 build/startup_stm32f103xe.o
                0x08000f94                RTC_Alarm_IRQHandler
                0x08000f94                EXTI2_IRQHandler
                0x08000f94                TIM8_TRG_COM_IRQHandler
                0x08000f94                TIM8_CC_IRQHandler
                0x08000f94                TIM1_CC_IRQHandler
                0x08000f94                TIM6_IRQHandler
                0x08000f94                PVD_IRQHandler
                0x08000f94                SDIO_IRQHandler
                0x08000f94                EXTI3_IRQHandler
                0x08000f94                EXTI0_IRQHandler
                0x08000f94                I2C2_EV_IRQHandler
                0x08000f94                ADC1_2_IRQHandler
                0x08000f94                SPI1_IRQHandler
                0x08000f94                TAMPER_IRQHandler
                0x08000f94                TIM8_UP_IRQHandler
                0x08000f94                DMA2_Channel2_IRQHandler
                0x08000f94                DMA1_Channel4_IRQHandler
                0x08000f94                USART3_IRQHandler
                0x08000f94                RTC_IRQHandler
                0x08000f94                DMA1_Channel7_IRQHandler
                0x08000f94                CAN1_RX1_IRQHandler
                0x08000f94                UART5_IRQHandler
                0x08000f94                ADC3_IRQHandler
                0x08000f94                TIM4_IRQHandler
                0x08000f94                DMA2_Channel1_IRQHandler
                0x08000f94                I2C1_EV_IRQHandler
                0x08000f94                DMA1_Channel6_IRQHandler
                0x08000f94                UART4_IRQHandler
                0x08000f94                TIM3_IRQHandler
                0x08000f94                RCC_IRQHandler
                0x08000f94                TIM1_TRG_COM_IRQHandler
                0x08000f94                DMA1_Channel1_IRQHandler
                0x08000f94                Default_Handler
                0x08000f94                EXTI15_10_IRQHandler
                0x08000f94                TIM7_IRQHandler
                0x08000f94                TIM5_IRQHandler
                0x08000f94                EXTI9_5_IRQHandler
                0x08000f94                SPI2_IRQHandler
                0x08000f94                DMA1_Channel5_IRQHandler
                0x08000f94                EXTI4_IRQHandler
                0x08000f94                USB_LP_CAN1_RX0_IRQHandler
                0x08000f94                USB_HP_CAN1_TX_IRQHandler
                0x08000f94                DMA1_Channel3_IRQHandler
                0x08000f94                FSMC_IRQHandler
                0x08000f94                TIM1_UP_IRQHandler
                0x08000f94                WWDG_IRQHandler
                0x08000f94                TIM2_IRQHandler
                0x08000f94                TIM1_BRK_IRQHandler
                0x08000f94                EXTI1_IRQHandler
                0x08000f94                DMA2_Channel4_5_IRQHandler
                0x08000f94                USART2_IRQHandler
                0x08000f94                I2C2_ER_IRQHandler
                0x08000f94                DMA1_Channel2_IRQHandler
                0x08000f94                TIM8_BRK_IRQHandler
                0x08000f94                CAN1_SCE_IRQHandler
                0x08000f94                FLASH_IRQHandler
                0x08000f94                USART1_IRQHandler
                0x08000f94                SPI3_IRQHandler
                0x08000f94                I2C1_ER_IRQHandler
                0x08000f94                USBWakeUp_IRQHandler
                0x08000f94                DMA2_Channel3_IRQHandler
 *fill*         0x08000f96        0x2 
 .text.__libc_init_array
                0x08000f98       0x48 d:/gcc-arm-none-eabi-8-2018-q4-major-win32/bin/../lib/gcc/arm-none-eabi/7.3.1/../../../../arm-none-eabi/lib/thumb/v7-m\libc_nano.a(lib_a-init.o)
                0x08000f98                __libc_init_array
 *(.glue_7)
 .glue_7        0x08000fe0        0x0 linker stubs
 *(.glue_7t)
 .glue_7t       0x08000fe0        0x0 linker stubs
 *(.eh_frame)
 .eh_frame      0x08000fe0        0x0 d:/gcc-arm-none-eabi-8-2018-q4-major-win32/bin/../lib/gcc/arm-none-eabi/7.3.1/thumb/v7-m/crtbegin.o
 *(.init)
 .init          0x08000fe0        0x4 d:/gcc-arm-none-eabi-8-2018-q4-major-win32/bin/../lib/gcc/arm-none-eabi/7.3.1/thumb/v7-m/crti.o
                0x08000fe0                _init
 .init          0x08000fe4        0x8 d:/gcc-arm-none-eabi-8-2018-q4-major-win32/bin/../lib/gcc/arm-none-eabi/7.3.1/thumb/v7-m/crtn.o
 *(.fini)
 .fini          0x08000fec        0x4 d:/gcc-arm-none-eabi-8-2018-q4-major-win32/bin/../lib/gcc/arm-none-eabi/7.3.1/thumb/v7-m/crti.o
                0x08000fec                _fini
 .fini          0x08000ff0        0x8 d:/gcc-arm-none-eabi-8-2018-q4-major-win32/bin/../lib/gcc/arm-none-eabi/7.3.1/thumb/v7-m/crtn.o
                0x08000ff8                . = ALIGN (0x4)
                0x08000ff8                _etext = .

.vfp11_veneer   0x08000ff8        0x0
 .vfp11_veneer  0x08000ff8        0x0 linker stubs

.v4_bx          0x08000ff8        0x0
 .v4_bx         0x08000ff8        0x0 linker stubs

.iplt           0x08000ff8        0x0
 .iplt          0x08000ff8        0x0 d:/gcc-arm-none-eabi-8-2018-q4-major-win32/bin/../lib/gcc/arm-none-eabi/7.3.1/thumb/v7-m/crtbegin.o

.rodata         0x08000ff8       0xa4
                0x08000ff8                . = ALIGN (0x4)
 *(.rodata)
 .rodata        0x08000ff8       0x12 build/stm32f1xx_hal_rcc.o
 *(.rodata*)
 *fill*         0x0800100a        0x2 
 .rodata.aSRC_Const_Buffer
                0x0800100c       0x80 build/main.o
                0x0800100c                aSRC_Const_Buffer
 .rodata.AHBPrescTable
                0x0800108c       0x10 build/system_stm32f1xx.o
                0x0800108c                AHBPrescTable
                0x0800109c                . = ALIGN (0x4)

.rel.dyn        0x0800109c        0x0
 .rel.iplt      0x0800109c        0x0 d:/gcc-arm-none-eabi-8-2018-q4-major-win32/bin/../lib/gcc/arm-none-eabi/7.3.1/thumb/v7-m/crtbegin.o

.ARM.extab
 *(.ARM.extab* .gnu.linkonce.armextab.*)

.ARM            0x0800109c        0x0
                0x0800109c                __exidx_start = .
 *(.ARM.exidx*)
                0x0800109c                __exidx_end = .

.preinit_array  0x0800109c        0x0
                0x0800109c                PROVIDE (__preinit_array_start = .)
 *(.preinit_array*)
                0x0800109c                PROVIDE (__preinit_array_end = .)

.init_array     0x0800109c        0x4
                0x0800109c                PROVIDE (__init_array_start = .)
 *(SORT_BY_NAME(.init_array.*))
 *(.init_array*)
 .init_array    0x0800109c        0x4 d:/gcc-arm-none-eabi-8-2018-q4-major-win32/bin/../lib/gcc/arm-none-eabi/7.3.1/thumb/v7-m/crtbegin.o
                0x080010a0                PROVIDE (__init_array_end = .)

.fini_array     0x080010a0        0x4
                [!provide]                PROVIDE (__fini_array_start = .)
 *(SORT_BY_NAME(.fini_array.*))
 *(.fini_array*)
 .fini_array    0x080010a0        0x4 d:/gcc-arm-none-eabi-8-2018-q4-major-win32/bin/../lib/gcc/arm-none-eabi/7.3.1/thumb/v7-m/crtbegin.o
                [!provide]                PROVIDE (__fini_array_end = .)
                0x080010a4                _sidata = LOADADDR (.data)

.data           0x20000000        0xc load address 0x080010a4
                0x20000000                . = ALIGN (0x4)
                0x20000000                _sdata = .
 *(.data)
 *(.data*)
 .data.uwTickFreq
                0x20000000        0x1 build/stm32f1xx_hal.o
                0x20000000                uwTickFreq
 *fill*         0x20000001        0x3 
 .data.uwTickPrio
                0x20000004        0x4 build/stm32f1xx_hal.o
                0x20000004                uwTickPrio
 .data.SystemCoreClock
                0x20000008        0x4 build/system_stm32f1xx.o
                0x20000008                SystemCoreClock
                0x2000000c                . = ALIGN (0x4)
                0x2000000c                _edata = .

.igot.plt       0x2000000c        0x0 load address 0x080010b0
 .igot.plt      0x2000000c        0x0 d:/gcc-arm-none-eabi-8-2018-q4-major-win32/bin/../lib/gcc/arm-none-eabi/7.3.1/thumb/v7-m/crtbegin.o
                0x2000000c                . = ALIGN (0x4)

.bss            0x2000000c       0xe4 load address 0x080010b0
                0x2000000c                _sbss = .
                0x2000000c                __bss_start__ = _sbss
 *(.bss)
 .bss           0x2000000c       0x1c d:/gcc-arm-none-eabi-8-2018-q4-major-win32/bin/../lib/gcc/arm-none-eabi/7.3.1/thumb/v7-m/crtbegin.o
 *(.bss*)
 *(COMMON)
 COMMON         0x20000028       0x80 build/main.o
                0x20000028                aDST_Buffer
 COMMON         0x200000a8       0x44 build/dma.o
                0x200000a8                hdma_memtomem_dma1_channel1
 COMMON         0x200000ec        0x4 build/stm32f1xx_hal.o
                0x200000ec                uwTick
                0x200000f0                . = ALIGN (0x4)
                0x200000f0                _ebss = .
                0x200000f0                __bss_end__ = _ebss

._user_heap_stack
                0x200000f0      0x600 load address 0x080010b0
                0x200000f0                . = ALIGN (0x8)
                [!provide]                PROVIDE (end = .)
                [!provide]                PROVIDE (_end = .)
                0x200002f0                . = (. + _Min_Heap_Size)
 *fill*         0x200000f0      0x200 
                0x200006f0                . = (. + _Min_Stack_Size)
 *fill*         0x200002f0      0x400 
                0x200006f0                . = ALIGN (0x8)

/DISCARD/
 libc.a(*)
 libm.a(*)
 libgcc.a(*)

.ARM.attributes
                0x00000000       0x29
 *(.ARM.attributes)
 .ARM.attributes
                0x00000000       0x1d d:/gcc-arm-none-eabi-8-2018-q4-major-win32/bin/../lib/gcc/arm-none-eabi/7.3.1/thumb/v7-m/crti.o
 .ARM.attributes
                0x0000001d       0x2d d:/gcc-arm-none-eabi-8-2018-q4-major-win32/bin/../lib/gcc/arm-none-eabi/7.3.1/thumb/v7-m/crtbegin.o
 .ARM.attributes
                0x0000004a       0x33 build/main.o
 .ARM.attributes
                0x0000007d       0x33 build/gpio.o
 .ARM.attributes
                0x000000b0       0x33 build/dma.o
 .ARM.attributes
                0x000000e3       0x33 build/stm32f1xx_it.o
 .ARM.attributes
                0x00000116       0x33 build/stm32f1xx_hal_msp.o
 .ARM.attributes
                0x00000149       0x33 build/stm32f1xx_hal.o
 .ARM.attributes
                0x0000017c       0x33 build/stm32f1xx_hal_rcc.o
 .ARM.attributes
                0x000001af       0x33 build/stm32f1xx_hal_gpio.o
 .ARM.attributes
                0x000001e2       0x33 build/stm32f1xx_hal_dma.o
 .ARM.attributes
                0x00000215       0x33 build/stm32f1xx_hal_cortex.o
 .ARM.attributes
                0x00000248       0x33 build/system_stm32f1xx.o
 .ARM.attributes
                0x0000027b       0x21 build/startup_stm32f103xe.o
 .ARM.attributes
                0x0000029c       0x2d d:/gcc-arm-none-eabi-8-2018-q4-major-win32/bin/../lib/gcc/arm-none-eabi/7.3.1/../../../../arm-none-eabi/lib/thumb/v7-m\libc_nano.a(lib_a-init.o)
 .ARM.attributes
                0x000002c9       0x1d d:/gcc-arm-none-eabi-8-2018-q4-major-win32/bin/../lib/gcc/arm-none-eabi/7.3.1/thumb/v7-m/crtn.o
OUTPUT(build/DMA_MtoM.elf elf32-littlearm)

.debug_info     0x00000000     0x4ba4
 .debug_info    0x00000000      0x821 build/main.o
 .debug_info    0x00000821      0x3c8 build/gpio.o
 .debug_info    0x00000be9      0x507 build/dma.o
 .debug_info    0x000010f0      0x247 build/stm32f1xx_it.o
 .debug_info    0x00001337      0x2f9 build/stm32f1xx_hal_msp.o
 .debug_info    0x00001630      0x8bd build/stm32f1xx_hal.o
 .debug_info    0x00001eed      0xa9a build/stm32f1xx_hal_rcc.o
 .debug_info    0x00002987      0x700 build/stm32f1xx_hal_gpio.o
 .debug_info    0x00003087      0x8b7 build/stm32f1xx_hal_dma.o
 .debug_info    0x0000393e      0xdbb build/stm32f1xx_hal_cortex.o
 .debug_info    0x000046f9      0x489 build/system_stm32f1xx.o
 .debug_info    0x00004b82       0x22 build/startup_stm32f103xe.o

.debug_abbrev   0x00000000     0x146a
 .debug_abbrev  0x00000000      0x227 build/main.o
 .debug_abbrev  0x00000227      0x162 build/gpio.o
 .debug_abbrev  0x00000389      0x1a1 build/dma.o
 .debug_abbrev  0x0000052a       0xe4 build/stm32f1xx_it.o
 .debug_abbrev  0x0000060e      0x108 build/stm32f1xx_hal_msp.o
 .debug_abbrev  0x00000716      0x1fe build/stm32f1xx_hal.o
 .debug_abbrev  0x00000914      0x272 build/stm32f1xx_hal_rcc.o
 .debug_abbrev  0x00000b86      0x213 build/stm32f1xx_hal_gpio.o
 .debug_abbrev  0x00000d99      0x274 build/stm32f1xx_hal_dma.o
 .debug_abbrev  0x0000100d      0x318 build/stm32f1xx_hal_cortex.o
 .debug_abbrev  0x00001325      0x133 build/system_stm32f1xx.o
 .debug_abbrev  0x00001458       0x12 build/startup_stm32f103xe.o

.debug_loc      0x00000000     0x1efe
 .debug_loc     0x00000000      0x17c build/main.o
 .debug_loc     0x0000017c       0x38 build/gpio.o
 .debug_loc     0x000001b4       0x44 build/dma.o
 .debug_loc     0x000001f8       0x20 build/stm32f1xx_it.o
 .debug_loc     0x00000218       0x2c build/stm32f1xx_hal_msp.o
 .debug_loc     0x00000244      0x1b0 build/stm32f1xx_hal.o
 .debug_loc     0x000003f4      0x683 build/stm32f1xx_hal_rcc.o
 .debug_loc     0x00000a77      0x48c build/stm32f1xx_hal_gpio.o
 .debug_loc     0x00000f03      0x8df build/stm32f1xx_hal_dma.o
 .debug_loc     0x000017e2      0x63d build/stm32f1xx_hal_cortex.o
 .debug_loc     0x00001e1f       0xdf build/system_stm32f1xx.o

.debug_aranges  0x00000000      0x428
 .debug_aranges
                0x00000000       0x40 build/main.o
 .debug_aranges
                0x00000040       0x20 build/gpio.o
 .debug_aranges
                0x00000060       0x20 build/dma.o
 .debug_aranges
                0x00000080       0x60 build/stm32f1xx_it.o
 .debug_aranges
                0x000000e0       0x20 build/stm32f1xx_hal_msp.o
 .debug_aranges
                0x00000100       0xe0 build/stm32f1xx_hal.o
 .debug_aranges
                0x000001e0       0x90 build/stm32f1xx_hal_rcc.o
 .debug_aranges
                0x00000270       0x58 build/stm32f1xx_hal_gpio.o
 .debug_aranges
                0x000002c8       0x80 build/stm32f1xx_hal_dma.o
 .debug_aranges
                0x00000348       0x90 build/stm32f1xx_hal_cortex.o
 .debug_aranges
                0x000003d8       0x28 build/system_stm32f1xx.o
 .debug_aranges
                0x00000400       0x28 build/startup_stm32f103xe.o

.debug_ranges   0x00000000      0x3f0
 .debug_ranges  0x00000000       0x30 build/main.o
 .debug_ranges  0x00000030       0x10 build/gpio.o
 .debug_ranges  0x00000040       0x10 build/dma.o
 .debug_ranges  0x00000050       0x50 build/stm32f1xx_it.o
 .debug_ranges  0x000000a0       0x10 build/stm32f1xx_hal_msp.o
 .debug_ranges  0x000000b0       0xd0 build/stm32f1xx_hal.o
 .debug_ranges  0x00000180       0xa0 build/stm32f1xx_hal_rcc.o
 .debug_ranges  0x00000220       0x48 build/stm32f1xx_hal_gpio.o
 .debug_ranges  0x00000268       0x70 build/stm32f1xx_hal_dma.o
 .debug_ranges  0x000002d8       0xe0 build/stm32f1xx_hal_cortex.o
 .debug_ranges  0x000003b8       0x18 build/system_stm32f1xx.o
 .debug_ranges  0x000003d0       0x20 build/startup_stm32f103xe.o

.debug_line     0x00000000     0x2440
 .debug_line    0x00000000      0x2be build/main.o
 .debug_line    0x000002be      0x1b6 build/gpio.o
 .debug_line    0x00000474      0x1e3 build/dma.o
 .debug_line    0x00000657      0x210 build/stm32f1xx_it.o
 .debug_line    0x00000867      0x1a4 build/stm32f1xx_hal_msp.o
 .debug_line    0x00000a0b      0x3b8 build/stm32f1xx_hal.o
 .debug_line    0x00000dc3      0x4ff build/stm32f1xx_hal_rcc.o
 .debug_line    0x000012c2      0x39d build/stm32f1xx_hal_gpio.o
 .debug_line    0x0000165f      0x7dc build/stm32f1xx_hal_dma.o
 .debug_line    0x00001e3b      0x3a4 build/stm32f1xx_hal_cortex.o
 .debug_line    0x000021df      0x1ef build/system_stm32f1xx.o
 .debug_line    0x000023ce       0x72 build/startup_stm32f103xe.o

.debug_str      0x00000000     0x177a
 .debug_str     0x00000000      0x602 build/main.o
                                0x68f (size before relaxing)
 .debug_str     0x00000602       0xb9 build/gpio.o
                                0x325 (size before relaxing)
 .debug_str     0x000006bb       0x17 build/dma.o
                                0x4bf (size before relaxing)
 .debug_str     0x000006d2       0xaf build/stm32f1xx_it.o
                                0x2de (size before relaxing)
 .debug_str     0x00000781       0x52 build/stm32f1xx_hal_msp.o
                                0x2c7 (size before relaxing)
 .debug_str     0x000007d3      0x640 build/stm32f1xx_hal.o
                                0x91e (size before relaxing)
 .debug_str     0x00000e13      0x1f1 build/stm32f1xx_hal_rcc.o
                                0x68f (size before relaxing)
 .debug_str     0x00001004      0x127 build/stm32f1xx_hal_gpio.o
                                0x4ad (size before relaxing)
 .debug_str     0x0000112b      0x229 build/stm32f1xx_hal_dma.o
                                0x6aa (size before relaxing)
 .debug_str     0x00001354      0x3b8 build/stm32f1xx_hal_cortex.o
                                0xa40 (size before relaxing)
 .debug_str     0x0000170c       0x4a build/system_stm32f1xx.o
                                0x31c (size before relaxing)
 .debug_str     0x00001756       0x24 build/startup_stm32f103xe.o
                                 0x42 (size before relaxing)

.comment        0x00000000       0x7f
 .comment       0x00000000       0x7f build/main.o
                                 0x80 (size before relaxing)
 .comment       0x0000007f       0x80 build/gpio.o
 .comment       0x0000007f       0x80 build/dma.o
 .comment       0x0000007f       0x80 build/stm32f1xx_it.o
 .comment       0x0000007f       0x80 build/stm32f1xx_hal_msp.o
 .comment       0x0000007f       0x80 build/stm32f1xx_hal.o
 .comment       0x0000007f       0x80 build/stm32f1xx_hal_rcc.o
 .comment       0x0000007f       0x80 build/stm32f1xx_hal_gpio.o
 .comment       0x0000007f       0x80 build/stm32f1xx_hal_dma.o
 .comment       0x0000007f       0x80 build/stm32f1xx_hal_cortex.o
 .comment       0x0000007f       0x80 build/system_stm32f1xx.o

.debug_frame    0x00000000      0x988
 .debug_frame   0x00000000       0x9c build/main.o
 .debug_frame   0x0000009c       0x34 build/gpio.o
 .debug_frame   0x000000d0       0x30 build/dma.o
 .debug_frame   0x00000100       0xac build/stm32f1xx_it.o
 .debug_frame   0x000001ac       0x28 build/stm32f1xx_hal_msp.o
 .debug_frame   0x000001d4      0x1e4 build/stm32f1xx_hal.o
 .debug_frame   0x000003b8      0x1cc build/stm32f1xx_hal_rcc.o
 .debug_frame   0x00000584      0x104 build/stm32f1xx_hal_gpio.o
 .debug_frame   0x00000688      0x168 build/stm32f1xx_hal_dma.o
 .debug_frame   0x000007f0      0x13c build/stm32f1xx_hal_cortex.o
 .debug_frame   0x0000092c       0x30 build/system_stm32f1xx.o
 .debug_frame   0x0000095c       0x2c d:/gcc-arm-none-eabi-8-2018-q4-major-win32/bin/../lib/gcc/arm-none-eabi/7.3.1/../../../../arm-none-eabi/lib/thumb/v7-m\libc_nano.a(lib_a-init.o)

Cross Reference Table

Symbol                                            File
ADC1_2_IRQHandler                                 build/startup_stm32f103xe.o
ADC3_IRQHandler                                   build/startup_stm32f103xe.o
AHBPrescTable                                     build/system_stm32f1xx.o
                                                  build/stm32f1xx_hal_rcc.o
APBPrescTable                                     build/system_stm32f1xx.o
                                                  build/stm32f1xx_hal_rcc.o
Buffercmp                                         build/main.o
BusFault_Handler                                  build/stm32f1xx_it.o
CAN1_RX1_IRQHandler                               build/startup_stm32f103xe.o
CAN1_SCE_IRQHandler                               build/startup_stm32f103xe.o
DMA1_Channel1_IRQHandler                          build/startup_stm32f103xe.o
DMA1_Channel2_IRQHandler                          build/startup_stm32f103xe.o
DMA1_Channel3_IRQHandler                          build/startup_stm32f103xe.o
DMA1_Channel4_IRQHandler                          build/startup_stm32f103xe.o
DMA1_Channel5_IRQHandler                          build/startup_stm32f103xe.o
DMA1_Channel6_IRQHandler                          build/startup_stm32f103xe.o
DMA1_Channel7_IRQHandler                          build/startup_stm32f103xe.o
DMA2_Channel1_IRQHandler                          build/startup_stm32f103xe.o
DMA2_Channel2_IRQHandler                          build/startup_stm32f103xe.o
DMA2_Channel3_IRQHandler                          build/startup_stm32f103xe.o
DMA2_Channel4_5_IRQHandler                        build/startup_stm32f103xe.o
DebugMon_Handler                                  build/stm32f1xx_it.o
Default_Handler                                   build/startup_stm32f103xe.o
EXTI0_IRQHandler                                  build/startup_stm32f103xe.o
EXTI15_10_IRQHandler                              build/startup_stm32f103xe.o
EXTI1_IRQHandler                                  build/startup_stm32f103xe.o
EXTI2_IRQHandler                                  build/startup_stm32f103xe.o
EXTI3_IRQHandler                                  build/startup_stm32f103xe.o
EXTI4_IRQHandler                                  build/startup_stm32f103xe.o
EXTI9_5_IRQHandler                                build/startup_stm32f103xe.o
Error_Handler                                     build/main.o
                                                  build/dma.o
FLASH_IRQHandler                                  build/startup_stm32f103xe.o
FLASH_PageErase                                   build/stm32f1xx_hal_flash_ex.o
                                                  build/stm32f1xx_hal_flash.o
FLASH_WaitForLastOperation                        build/stm32f1xx_hal_flash.o
                                                  build/stm32f1xx_hal_flash_ex.o
FSMC_IRQHandler                                   build/startup_stm32f103xe.o
HAL_DBGMCU_DisableDBGSleepMode                    build/stm32f1xx_hal.o
HAL_DBGMCU_DisableDBGStandbyMode                  build/stm32f1xx_hal.o
HAL_DBGMCU_DisableDBGStopMode                     build/stm32f1xx_hal.o
HAL_DBGMCU_EnableDBGSleepMode                     build/stm32f1xx_hal.o
HAL_DBGMCU_EnableDBGStandbyMode                   build/stm32f1xx_hal.o
HAL_DBGMCU_EnableDBGStopMode                      build/stm32f1xx_hal.o
HAL_DMA_Abort                                     build/stm32f1xx_hal_dma.o
HAL_DMA_Abort_IT                                  build/stm32f1xx_hal_dma.o
HAL_DMA_DeInit                                    build/stm32f1xx_hal_dma.o
HAL_DMA_GetError                                  build/stm32f1xx_hal_dma.o
HAL_DMA_GetState                                  build/stm32f1xx_hal_dma.o
HAL_DMA_IRQHandler                                build/stm32f1xx_hal_dma.o
HAL_DMA_Init                                      build/stm32f1xx_hal_dma.o
                                                  build/dma.o
HAL_DMA_PollForTransfer                           build/stm32f1xx_hal_dma.o
HAL_DMA_RegisterCallback                          build/stm32f1xx_hal_dma.o
HAL_DMA_Start                                     build/stm32f1xx_hal_dma.o
                                                  build/main.o
HAL_DMA_Start_IT                                  build/stm32f1xx_hal_dma.o
HAL_DMA_UnRegisterCallback                        build/stm32f1xx_hal_dma.o
HAL_DeInit                                        build/stm32f1xx_hal.o
HAL_Delay                                         build/stm32f1xx_hal.o
HAL_EXTI_ClearConfigLine                          build/stm32f1xx_hal_exti.o
HAL_EXTI_ClearPending                             build/stm32f1xx_hal_exti.o
HAL_EXTI_GenerateSWI                              build/stm32f1xx_hal_exti.o
HAL_EXTI_GetConfigLine                            build/stm32f1xx_hal_exti.o
HAL_EXTI_GetHandle                                build/stm32f1xx_hal_exti.o
HAL_EXTI_GetPending                               build/stm32f1xx_hal_exti.o
HAL_EXTI_IRQHandler                               build/stm32f1xx_hal_exti.o
HAL_EXTI_RegisterCallback                         build/stm32f1xx_hal_exti.o
HAL_EXTI_SetConfigLine                            build/stm32f1xx_hal_exti.o
HAL_FLASHEx_Erase                                 build/stm32f1xx_hal_flash_ex.o
HAL_FLASHEx_Erase_IT                              build/stm32f1xx_hal_flash_ex.o
HAL_FLASHEx_OBErase                               build/stm32f1xx_hal_flash_ex.o
HAL_FLASHEx_OBGetConfig                           build/stm32f1xx_hal_flash_ex.o
HAL_FLASHEx_OBGetUserData                         build/stm32f1xx_hal_flash_ex.o
HAL_FLASHEx_OBProgram                             build/stm32f1xx_hal_flash_ex.o
HAL_FLASH_EndOfOperationCallback                  build/stm32f1xx_hal_flash.o
HAL_FLASH_GetError                                build/stm32f1xx_hal_flash.o
HAL_FLASH_IRQHandler                              build/stm32f1xx_hal_flash.o
HAL_FLASH_Lock                                    build/stm32f1xx_hal_flash.o
HAL_FLASH_OB_Launch                               build/stm32f1xx_hal_flash.o
HAL_FLASH_OB_Lock                                 build/stm32f1xx_hal_flash.o
HAL_FLASH_OB_Unlock                               build/stm32f1xx_hal_flash.o
HAL_FLASH_OperationErrorCallback                  build/stm32f1xx_hal_flash.o
HAL_FLASH_Program                                 build/stm32f1xx_hal_flash.o
HAL_FLASH_Program_IT                              build/stm32f1xx_hal_flash.o
HAL_FLASH_Unlock                                  build/stm32f1xx_hal_flash.o
HAL_GPIOEx_ConfigEventout                         build/stm32f1xx_hal_gpio_ex.o
HAL_GPIOEx_DisableEventout                        build/stm32f1xx_hal_gpio_ex.o
HAL_GPIOEx_EnableEventout                         build/stm32f1xx_hal_gpio_ex.o
HAL_GPIO_DeInit                                   build/stm32f1xx_hal_gpio.o
HAL_GPIO_EXTI_Callback                            build/stm32f1xx_hal_gpio.o
HAL_GPIO_EXTI_IRQHandler                          build/stm32f1xx_hal_gpio.o
HAL_GPIO_Init                                     build/stm32f1xx_hal_gpio.o
                                                  build/stm32f1xx_hal_rcc.o
                                                  build/gpio.o
HAL_GPIO_LockPin                                  build/stm32f1xx_hal_gpio.o
HAL_GPIO_ReadPin                                  build/stm32f1xx_hal_gpio.o
HAL_GPIO_TogglePin                                build/stm32f1xx_hal_gpio.o
HAL_GPIO_WritePin                                 build/stm32f1xx_hal_gpio.o
                                                  build/gpio.o
HAL_GetDEVID                                      build/stm32f1xx_hal.o
HAL_GetHalVersion                                 build/stm32f1xx_hal.o
HAL_GetREVID                                      build/stm32f1xx_hal.o
HAL_GetTick                                       build/stm32f1xx_hal.o
                                                  build/stm32f1xx_hal_flash.o
                                                  build/stm32f1xx_hal_dma.o
                                                  build/stm32f1xx_hal_rcc_ex.o
                                                  build/stm32f1xx_hal_rcc.o
HAL_GetTickFreq                                   build/stm32f1xx_hal.o
HAL_GetTickPrio                                   build/stm32f1xx_hal.o
HAL_GetUIDw0                                      build/stm32f1xx_hal.o
HAL_GetUIDw1                                      build/stm32f1xx_hal.o
HAL_GetUIDw2                                      build/stm32f1xx_hal.o
HAL_IncTick                                       build/stm32f1xx_hal.o
                                                  build/stm32f1xx_it.o
HAL_Init                                          build/stm32f1xx_hal.o
                                                  build/main.o
HAL_InitTick                                      build/stm32f1xx_hal.o
                                                  build/stm32f1xx_hal_rcc.o
HAL_MspDeInit                                     build/stm32f1xx_hal.o
HAL_MspInit                                       build/stm32f1xx_hal_msp.o
HAL_NVIC_ClearPendingIRQ                          build/stm32f1xx_hal_cortex.o
HAL_NVIC_DisableIRQ                               build/stm32f1xx_hal_cortex.o
HAL_NVIC_EnableIRQ                                build/stm32f1xx_hal_cortex.o
HAL_NVIC_GetActive                                build/stm32f1xx_hal_cortex.o
HAL_NVIC_GetPendingIRQ                            build/stm32f1xx_hal_cortex.o
HAL_NVIC_GetPriority                              build/stm32f1xx_hal_cortex.o
HAL_NVIC_GetPriorityGrouping                      build/stm32f1xx_hal_cortex.o
HAL_NVIC_SetPendingIRQ                            build/stm32f1xx_hal_cortex.o
HAL_NVIC_SetPriority                              build/stm32f1xx_hal_cortex.o
                                                  build/stm32f1xx_hal.o
HAL_NVIC_SetPriorityGrouping                      build/stm32f1xx_hal_cortex.o
                                                  build/stm32f1xx_hal.o
HAL_NVIC_SystemReset                              build/stm32f1xx_hal_cortex.o
                                                  build/stm32f1xx_hal_flash.o
HAL_PWR_ConfigPVD                                 build/stm32f1xx_hal_pwr.o
HAL_PWR_DeInit                                    build/stm32f1xx_hal_pwr.o
HAL_PWR_DisableBkUpAccess                         build/stm32f1xx_hal_pwr.o
HAL_PWR_DisablePVD                                build/stm32f1xx_hal_pwr.o
HAL_PWR_DisableSEVOnPend                          build/stm32f1xx_hal_pwr.o
HAL_PWR_DisableSleepOnExit                        build/stm32f1xx_hal_pwr.o
HAL_PWR_DisableWakeUpPin                          build/stm32f1xx_hal_pwr.o
HAL_PWR_EnableBkUpAccess                          build/stm32f1xx_hal_pwr.o
HAL_PWR_EnablePVD                                 build/stm32f1xx_hal_pwr.o
HAL_PWR_EnableSEVOnPend                           build/stm32f1xx_hal_pwr.o
HAL_PWR_EnableSleepOnExit                         build/stm32f1xx_hal_pwr.o
HAL_PWR_EnableWakeUpPin                           build/stm32f1xx_hal_pwr.o
HAL_PWR_EnterSLEEPMode                            build/stm32f1xx_hal_pwr.o
HAL_PWR_EnterSTANDBYMode                          build/stm32f1xx_hal_pwr.o
HAL_PWR_EnterSTOPMode                             build/stm32f1xx_hal_pwr.o
HAL_PWR_PVDCallback                               build/stm32f1xx_hal_pwr.o
HAL_PWR_PVD_IRQHandler                            build/stm32f1xx_hal_pwr.o
HAL_RCCEx_GetPeriphCLKConfig                      build/stm32f1xx_hal_rcc_ex.o
HAL_RCCEx_GetPeriphCLKFreq                        build/stm32f1xx_hal_rcc_ex.o
HAL_RCCEx_PeriphCLKConfig                         build/stm32f1xx_hal_rcc_ex.o
HAL_RCC_CSSCallback                               build/stm32f1xx_hal_rcc.o
HAL_RCC_ClockConfig                               build/stm32f1xx_hal_rcc.o
                                                  build/main.o
HAL_RCC_DeInit                                    build/stm32f1xx_hal_rcc.o
HAL_RCC_DisableCSS                                build/stm32f1xx_hal_rcc.o
HAL_RCC_EnableCSS                                 build/stm32f1xx_hal_rcc.o
HAL_RCC_GetClockConfig                            build/stm32f1xx_hal_rcc.o
HAL_RCC_GetHCLKFreq                               build/stm32f1xx_hal_rcc.o
HAL_RCC_GetOscConfig                              build/stm32f1xx_hal_rcc.o
HAL_RCC_GetPCLK1Freq                              build/stm32f1xx_hal_rcc.o
HAL_RCC_GetPCLK2Freq                              build/stm32f1xx_hal_rcc.o
                                                  build/stm32f1xx_hal_rcc_ex.o
HAL_RCC_GetSysClockFreq                           build/stm32f1xx_hal_rcc.o
                                                  build/stm32f1xx_hal_rcc_ex.o
HAL_RCC_MCOConfig                                 build/stm32f1xx_hal_rcc.o
HAL_RCC_NMI_IRQHandler                            build/stm32f1xx_hal_rcc.o
HAL_RCC_OscConfig                                 build/stm32f1xx_hal_rcc.o
                                                  build/main.o
HAL_ResumeTick                                    build/stm32f1xx_hal.o
HAL_SYSTICK_CLKSourceConfig                       build/stm32f1xx_hal_cortex.o
HAL_SYSTICK_Callback                              build/stm32f1xx_hal_cortex.o
HAL_SYSTICK_Config                                build/stm32f1xx_hal_cortex.o
                                                  build/stm32f1xx_hal.o
HAL_SYSTICK_IRQHandler                            build/stm32f1xx_hal_cortex.o
HAL_SetTickFreq                                   build/stm32f1xx_hal.o
HAL_SuspendTick                                   build/stm32f1xx_hal.o
HardFault_Handler                                 build/stm32f1xx_it.o
I2C1_ER_IRQHandler                                build/startup_stm32f103xe.o
I2C1_EV_IRQHandler                                build/startup_stm32f103xe.o
I2C2_ER_IRQHandler                                build/startup_stm32f103xe.o
I2C2_EV_IRQHandler                                build/startup_stm32f103xe.o
MX_DMA_Init                                       build/dma.o
                                                  build/main.o
MX_GPIO_Init                                      build/gpio.o
                                                  build/main.o
MemManage_Handler                                 build/stm32f1xx_it.o
NMI_Handler                                       build/stm32f1xx_it.o
PVD_IRQHandler                                    build/startup_stm32f103xe.o
PendSV_Handler                                    build/stm32f1xx_it.o
RCC_IRQHandler                                    build/startup_stm32f103xe.o
RTC_Alarm_IRQHandler                              build/startup_stm32f103xe.o
RTC_IRQHandler                                    build/startup_stm32f103xe.o
Reset_Handler                                     build/startup_stm32f103xe.o
SDIO_IRQHandler                                   build/startup_stm32f103xe.o
SPI1_IRQHandler                                   build/startup_stm32f103xe.o
SPI2_IRQHandler                                   build/startup_stm32f103xe.o
SPI3_IRQHandler                                   build/startup_stm32f103xe.o
SVC_Handler                                       build/stm32f1xx_it.o
SysTick_Handler                                   build/stm32f1xx_it.o
SystemClock_Config                                build/main.o
SystemCoreClock                                   build/system_stm32f1xx.o
                                                  build/stm32f1xx_hal_rcc.o
                                                  build/stm32f1xx_hal.o
SystemCoreClockUpdate                             build/system_stm32f1xx.o
SystemInit                                        build/system_stm32f1xx.o
                                                  build/startup_stm32f103xe.o
TAMPER_IRQHandler                                 build/startup_stm32f103xe.o
TIM1_BRK_IRQHandler                               build/startup_stm32f103xe.o
TIM1_CC_IRQHandler                                build/startup_stm32f103xe.o
TIM1_TRG_COM_IRQHandler                           build/startup_stm32f103xe.o
TIM1_UP_IRQHandler                                build/startup_stm32f103xe.o
TIM2_IRQHandler                                   build/startup_stm32f103xe.o
TIM3_IRQHandler                                   build/startup_stm32f103xe.o
TIM4_IRQHandler                                   build/startup_stm32f103xe.o
TIM5_IRQHandler                                   build/startup_stm32f103xe.o
TIM6_IRQHandler                                   build/startup_stm32f103xe.o
TIM7_IRQHandler                                   build/startup_stm32f103xe.o
TIM8_BRK_IRQHandler                               build/startup_stm32f103xe.o
TIM8_CC_IRQHandler                                build/startup_stm32f103xe.o
TIM8_TRG_COM_IRQHandler                           build/startup_stm32f103xe.o
TIM8_UP_IRQHandler                                build/startup_stm32f103xe.o
UART4_IRQHandler                                  build/startup_stm32f103xe.o
UART5_IRQHandler                                  build/startup_stm32f103xe.o
USART1_IRQHandler                                 build/startup_stm32f103xe.o
USART2_IRQHandler                                 build/startup_stm32f103xe.o
USART3_IRQHandler                                 build/startup_stm32f103xe.o
USBWakeUp_IRQHandler                              build/startup_stm32f103xe.o
USB_HP_CAN1_TX_IRQHandler                         build/startup_stm32f103xe.o
USB_LP_CAN1_RX0_IRQHandler                        build/startup_stm32f103xe.o
UsageFault_Handler                                build/stm32f1xx_it.o
WWDG_IRQHandler                                   build/startup_stm32f103xe.o
__bss_end__                                       d:/gcc-arm-none-eabi-8-2018-q4-major-win32/bin/../lib/gcc/arm-none-eabi/7.3.1/../../../../arm-none-eabi/lib/thumb/v7-m/crt0.o
__bss_start__                                     d:/gcc-arm-none-eabi-8-2018-q4-major-win32/bin/../lib/gcc/arm-none-eabi/7.3.1/../../../../arm-none-eabi/lib/thumb/v7-m/crt0.o
__call_exitprocs                                  d:/gcc-arm-none-eabi-8-2018-q4-major-win32/bin/../lib/gcc/arm-none-eabi/7.3.1/../../../../arm-none-eabi/lib/thumb/v7-m\libc_nano.a(lib_a-exit.o)
__deregister_frame_info                           d:/gcc-arm-none-eabi-8-2018-q4-major-win32/bin/../lib/gcc/arm-none-eabi/7.3.1/thumb/v7-m/crtbegin.o
__dso_handle                                      d:/gcc-arm-none-eabi-8-2018-q4-major-win32/bin/../lib/gcc/arm-none-eabi/7.3.1/thumb/v7-m/crtbegin.o
__init_array_end                                  d:/gcc-arm-none-eabi-8-2018-q4-major-win32/bin/../lib/gcc/arm-none-eabi/7.3.1/../../../../arm-none-eabi/lib/thumb/v7-m\libc_nano.a(lib_a-init.o)
__init_array_start                                d:/gcc-arm-none-eabi-8-2018-q4-major-win32/bin/../lib/gcc/arm-none-eabi/7.3.1/../../../../arm-none-eabi/lib/thumb/v7-m\libc_nano.a(lib_a-init.o)
__libc_fini_array                                 d:/gcc-arm-none-eabi-8-2018-q4-major-win32/bin/../lib/gcc/arm-none-eabi/7.3.1/../../../../arm-none-eabi/lib/thumb/v7-m/crt0.o
__libc_init_array                                 d:/gcc-arm-none-eabi-8-2018-q4-major-win32/bin/../lib/gcc/arm-none-eabi/7.3.1/../../../../arm-none-eabi/lib/thumb/v7-m\libc_nano.a(lib_a-init.o)
                                                  build/startup_stm32f103xe.o
                                                  d:/gcc-arm-none-eabi-8-2018-q4-major-win32/bin/../lib/gcc/arm-none-eabi/7.3.1/../../../../arm-none-eabi/lib/thumb/v7-m/crt0.o
__preinit_array_end                               d:/gcc-arm-none-eabi-8-2018-q4-major-win32/bin/../lib/gcc/arm-none-eabi/7.3.1/../../../../arm-none-eabi/lib/thumb/v7-m\libc_nano.a(lib_a-init.o)
__preinit_array_start                             d:/gcc-arm-none-eabi-8-2018-q4-major-win32/bin/../lib/gcc/arm-none-eabi/7.3.1/../../../../arm-none-eabi/lib/thumb/v7-m\libc_nano.a(lib_a-init.o)
__register_frame_info                             d:/gcc-arm-none-eabi-8-2018-q4-major-win32/bin/../lib/gcc/arm-none-eabi/7.3.1/thumb/v7-m/crtbegin.o
__sf_fake_stderr                                  d:/gcc-arm-none-eabi-8-2018-q4-major-win32/bin/../lib/gcc/arm-none-eabi/7.3.1/../../../../arm-none-eabi/lib/thumb/v7-m\libc_nano.a(lib_a-impure.o)
__sf_fake_stdin                                   d:/gcc-arm-none-eabi-8-2018-q4-major-win32/bin/../lib/gcc/arm-none-eabi/7.3.1/../../../../arm-none-eabi/lib/thumb/v7-m\libc_nano.a(lib_a-impure.o)
__sf_fake_stdout                                  d:/gcc-arm-none-eabi-8-2018-q4-major-win32/bin/../lib/gcc/arm-none-eabi/7.3.1/../../../../arm-none-eabi/lib/thumb/v7-m\libc_nano.a(lib_a-impure.o)
__stack                                           d:/gcc-arm-none-eabi-8-2018-q4-major-win32/bin/../lib/gcc/arm-none-eabi/7.3.1/../../../../arm-none-eabi/lib/thumb/v7-m/crt0.o
_ebss                                             build/startup_stm32f103xe.o
_edata                                            build/startup_stm32f103xe.o
_estack                                           build/startup_stm32f103xe.o
_exit                                             d:/gcc-arm-none-eabi-8-2018-q4-major-win32/bin/../lib/gcc/arm-none-eabi/7.3.1/../../../../arm-none-eabi/lib/thumb/v7-m\libnosys.a(_exit.o)
                                                  d:/gcc-arm-none-eabi-8-2018-q4-major-win32/bin/../lib/gcc/arm-none-eabi/7.3.1/../../../../arm-none-eabi/lib/thumb/v7-m\libc_nano.a(lib_a-exit.o)
_fini                                             d:/gcc-arm-none-eabi-8-2018-q4-major-win32/bin/../lib/gcc/arm-none-eabi/7.3.1/thumb/v7-m/crti.o
_global_impure_ptr                                d:/gcc-arm-none-eabi-8-2018-q4-major-win32/bin/../lib/gcc/arm-none-eabi/7.3.1/../../../../arm-none-eabi/lib/thumb/v7-m\libc_nano.a(lib_a-impure.o)
                                                  d:/gcc-arm-none-eabi-8-2018-q4-major-win32/bin/../lib/gcc/arm-none-eabi/7.3.1/../../../../arm-none-eabi/lib/thumb/v7-m\libc_nano.a(lib_a-exit.o)
_impure_ptr                                       d:/gcc-arm-none-eabi-8-2018-q4-major-win32/bin/../lib/gcc/arm-none-eabi/7.3.1/../../../../arm-none-eabi/lib/thumb/v7-m\libc_nano.a(lib_a-impure.o)
_init                                             d:/gcc-arm-none-eabi-8-2018-q4-major-win32/bin/../lib/gcc/arm-none-eabi/7.3.1/thumb/v7-m/crti.o
                                                  d:/gcc-arm-none-eabi-8-2018-q4-major-win32/bin/../lib/gcc/arm-none-eabi/7.3.1/../../../../arm-none-eabi/lib/thumb/v7-m\libc_nano.a(lib_a-init.o)
_mainCRTStartup                                   d:/gcc-arm-none-eabi-8-2018-q4-major-win32/bin/../lib/gcc/arm-none-eabi/7.3.1/../../../../arm-none-eabi/lib/thumb/v7-m/crt0.o
_sbss                                             build/startup_stm32f103xe.o
_sdata                                            build/startup_stm32f103xe.o
_sidata                                           build/startup_stm32f103xe.o
_start                                            d:/gcc-arm-none-eabi-8-2018-q4-major-win32/bin/../lib/gcc/arm-none-eabi/7.3.1/../../../../arm-none-eabi/lib/thumb/v7-m/crt0.o
aDST_Buffer                                       build/main.o
aSRC_Const_Buffer                                 build/main.o
atexit                                            d:/gcc-arm-none-eabi-8-2018-q4-major-win32/bin/../lib/gcc/arm-none-eabi/7.3.1/../../../../arm-none-eabi/lib/thumb/v7-m/crt0.o
exit                                              d:/gcc-arm-none-eabi-8-2018-q4-major-win32/bin/../lib/gcc/arm-none-eabi/7.3.1/../../../../arm-none-eabi/lib/thumb/v7-m\libc_nano.a(lib_a-exit.o)
                                                  d:/gcc-arm-none-eabi-8-2018-q4-major-win32/bin/../lib/gcc/arm-none-eabi/7.3.1/../../../../arm-none-eabi/lib/thumb/v7-m/crt0.o
g_pfnVectors                                      build/startup_stm32f103xe.o
hardware_init_hook                                d:/gcc-arm-none-eabi-8-2018-q4-major-win32/bin/../lib/gcc/arm-none-eabi/7.3.1/../../../../arm-none-eabi/lib/thumb/v7-m/crt0.o
hdma_memtomem_dma1_channel1                       build/dma.o
                                                  build/main.o
main                                              build/main.o
                                                  build/startup_stm32f103xe.o
                                                  d:/gcc-arm-none-eabi-8-2018-q4-major-win32/bin/../lib/gcc/arm-none-eabi/7.3.1/../../../../arm-none-eabi/lib/thumb/v7-m/crt0.o
memset                                            d:/gcc-arm-none-eabi-8-2018-q4-major-win32/bin/../lib/gcc/arm-none-eabi/7.3.1/../../../../arm-none-eabi/lib/thumb/v7-m\libc_nano.a(lib_a-memset.o)
                                                  d:/gcc-arm-none-eabi-8-2018-q4-major-win32/bin/../lib/gcc/arm-none-eabi/7.3.1/../../../../arm-none-eabi/lib/thumb/v7-m/crt0.o
pFlash                                            build/stm32f1xx_hal_flash.o
                                                  build/stm32f1xx_hal_flash_ex.o
software_init_hook                                d:/gcc-arm-none-eabi-8-2018-q4-major-win32/bin/../lib/gcc/arm-none-eabi/7.3.1/../../../../arm-none-eabi/lib/thumb/v7-m/crt0.o
uwTick                                            build/stm32f1xx_hal.o
uwTickFreq                                        build/stm32f1xx_hal.o
uwTickPrio                                        build/stm32f1xx_hal.o
                                                  build/stm32f1xx_hal_rcc.o
