Archive member included to satisfy reference by file (symbol)

d:/gcc-arm-none-eabi-8-2018-q4-major-win32/bin/../lib/gcc/arm-none-eabi/7.3.1/../../../../arm-none-eabi/lib/thumb/v7-m\libc_nano.a(lib_a-exit.o)
                              d:/gcc-arm-none-eabi-8-2018-q4-major-win32/bin/../lib/gcc/arm-none-eabi/7.3.1/../../../../arm-none-eabi/lib/thumb/v7-m/crt0.o (exit)
d:/gcc-arm-none-eabi-8-2018-q4-major-win32/bin/../lib/gcc/arm-none-eabi/7.3.1/../../../../arm-none-eabi/lib/thumb/v7-m\libc_nano.a(lib_a-impure.o)
                              d:/gcc-arm-none-eabi-8-2018-q4-major-win32/bin/../lib/gcc/arm-none-eabi/7.3.1/../../../../arm-none-eabi/lib/thumb/v7-m\libc_nano.a(lib_a-exit.o) (_global_impure_ptr)
d:/gcc-arm-none-eabi-8-2018-q4-major-win32/bin/../lib/gcc/arm-none-eabi/7.3.1/../../../../arm-none-eabi/lib/thumb/v7-m\libc_nano.a(lib_a-init.o)
                              d:/gcc-arm-none-eabi-8-2018-q4-major-win32/bin/../lib/gcc/arm-none-eabi/7.3.1/../../../../arm-none-eabi/lib/thumb/v7-m/crt0.o (__libc_init_array)
d:/gcc-arm-none-eabi-8-2018-q4-major-win32/bin/../lib/gcc/arm-none-eabi/7.3.1/../../../../arm-none-eabi/lib/thumb/v7-m\libc_nano.a(lib_a-memset.o)
                              d:/gcc-arm-none-eabi-8-2018-q4-major-win32/bin/../lib/gcc/arm-none-eabi/7.3.1/../../../../arm-none-eabi/lib/thumb/v7-m/crt0.o (memset)
d:/gcc-arm-none-eabi-8-2018-q4-major-win32/bin/../lib/gcc/arm-none-eabi/7.3.1/../../../../arm-none-eabi/lib/thumb/v7-m\libc_nano.a(lib_a-puts.o)
                              build/main.o (puts)
d:/gcc-arm-none-eabi-8-2018-q4-major-win32/bin/../lib/gcc/arm-none-eabi/7.3.1/../../../../arm-none-eabi/lib/thumb/v7-m\libc_nano.a(lib_a-wbuf.o)
                              d:/gcc-arm-none-eabi-8-2018-q4-major-win32/bin/../lib/gcc/arm-none-eabi/7.3.1/../../../../arm-none-eabi/lib/thumb/v7-m\libc_nano.a(lib_a-puts.o) (__swbuf_r)
d:/gcc-arm-none-eabi-8-2018-q4-major-win32/bin/../lib/gcc/arm-none-eabi/7.3.1/../../../../arm-none-eabi/lib/thumb/v7-m\libc_nano.a(lib_a-wsetup.o)
                              d:/gcc-arm-none-eabi-8-2018-q4-major-win32/bin/../lib/gcc/arm-none-eabi/7.3.1/../../../../arm-none-eabi/lib/thumb/v7-m\libc_nano.a(lib_a-puts.o) (__swsetup_r)
d:/gcc-arm-none-eabi-8-2018-q4-major-win32/bin/../lib/gcc/arm-none-eabi/7.3.1/../../../../arm-none-eabi/lib/thumb/v7-m\libc_nano.a(lib_a-fflush.o)
                              d:/gcc-arm-none-eabi-8-2018-q4-major-win32/bin/../lib/gcc/arm-none-eabi/7.3.1/../../../../arm-none-eabi/lib/thumb/v7-m\libc_nano.a(lib_a-wbuf.o) (_fflush_r)
d:/gcc-arm-none-eabi-8-2018-q4-major-win32/bin/../lib/gcc/arm-none-eabi/7.3.1/../../../../arm-none-eabi/lib/thumb/v7-m\libc_nano.a(lib_a-findfp.o)
                              d:/gcc-arm-none-eabi-8-2018-q4-major-win32/bin/../lib/gcc/arm-none-eabi/7.3.1/../../../../arm-none-eabi/lib/thumb/v7-m\libc_nano.a(lib_a-puts.o) (__sinit)
d:/gcc-arm-none-eabi-8-2018-q4-major-win32/bin/../lib/gcc/arm-none-eabi/7.3.1/../../../../arm-none-eabi/lib/thumb/v7-m\libc_nano.a(lib_a-fwalk.o)
                              d:/gcc-arm-none-eabi-8-2018-q4-major-win32/bin/../lib/gcc/arm-none-eabi/7.3.1/../../../../arm-none-eabi/lib/thumb/v7-m\libc_nano.a(lib_a-findfp.o) (_fwalk)
d:/gcc-arm-none-eabi-8-2018-q4-major-win32/bin/../lib/gcc/arm-none-eabi/7.3.1/../../../../arm-none-eabi/lib/thumb/v7-m\libc_nano.a(lib_a-makebuf.o)
                              d:/gcc-arm-none-eabi-8-2018-q4-major-win32/bin/../lib/gcc/arm-none-eabi/7.3.1/../../../../arm-none-eabi/lib/thumb/v7-m\libc_nano.a(lib_a-wsetup.o) (__smakebuf_r)
d:/gcc-arm-none-eabi-8-2018-q4-major-win32/bin/../lib/gcc/arm-none-eabi/7.3.1/../../../../arm-none-eabi/lib/thumb/v7-m\libc_nano.a(lib_a-nano-freer.o)
                              d:/gcc-arm-none-eabi-8-2018-q4-major-win32/bin/../lib/gcc/arm-none-eabi/7.3.1/../../../../arm-none-eabi/lib/thumb/v7-m\libc_nano.a(lib_a-wsetup.o) (_free_r)
d:/gcc-arm-none-eabi-8-2018-q4-major-win32/bin/../lib/gcc/arm-none-eabi/7.3.1/../../../../arm-none-eabi/lib/thumb/v7-m\libc_nano.a(lib_a-nano-mallocr.o)
                              d:/gcc-arm-none-eabi-8-2018-q4-major-win32/bin/../lib/gcc/arm-none-eabi/7.3.1/../../../../arm-none-eabi/lib/thumb/v7-m\libc_nano.a(lib_a-findfp.o) (_malloc_r)
d:/gcc-arm-none-eabi-8-2018-q4-major-win32/bin/../lib/gcc/arm-none-eabi/7.3.1/../../../../arm-none-eabi/lib/thumb/v7-m\libc_nano.a(lib_a-sbrkr.o)
                              d:/gcc-arm-none-eabi-8-2018-q4-major-win32/bin/../lib/gcc/arm-none-eabi/7.3.1/../../../../arm-none-eabi/lib/thumb/v7-m\libc_nano.a(lib_a-nano-mallocr.o) (_sbrk_r)
d:/gcc-arm-none-eabi-8-2018-q4-major-win32/bin/../lib/gcc/arm-none-eabi/7.3.1/../../../../arm-none-eabi/lib/thumb/v7-m\libc_nano.a(lib_a-stdio.o)
                              d:/gcc-arm-none-eabi-8-2018-q4-major-win32/bin/../lib/gcc/arm-none-eabi/7.3.1/../../../../arm-none-eabi/lib/thumb/v7-m\libc_nano.a(lib_a-findfp.o) (__sread)
[...]
Memory Configuration

Name             Origin             Length             Attributes
RAM              0x20000000         0x0000c000         xrw
FLASH            0x08000000         0x00040000         xr
*default*        0x00000000         0xffffffff

Linker script and memory map

LOAD d:/gcc-arm-none-eabi-8-2018-q4-major-win32/bin/../lib/gcc/arm-none-eabi/7.3.1/thumb/v7-m/crti.o
LOAD d:/gcc-arm-none-eabi-8-2018-q4-major-win32/bin/../lib/gcc/arm-none-eabi/7.3.1/thumb/v7-m/crtbegin.o
LOAD d:/gcc-arm-none-eabi-8-2018-q4-major-win32/bin/../lib/gcc/arm-none-eabi/7.3.1/../../../../arm-none-eabi/lib/thumb/v7-m/crt0.o
LOAD build/main.o
LOAD build/gpio.o
LOAD build/dma.o
LOAD build/usart.o
LOAD build/stm32f1xx_it.o
LOAD build/stm32f1xx_hal_msp.o
LOAD build/system_stm32f1xx.o
LOAD build/stm32f1xx_hal_gpio_ex.o
LOAD build/stm32f1xx_hal_tim.o
LOAD build/stm32f1xx_hal_tim_ex.o
LOAD build/stm32f1xx_hal_uart.o
LOAD build/stm32f1xx_hal.o
LOAD build/stm32f1xx_hal_rcc.o
LOAD build/stm32f1xx_hal_rcc_ex.o
LOAD build/stm32f1xx_hal_gpio.o
LOAD build/stm32f1xx_hal_dma.o
LOAD build/stm32f1xx_hal_cortex.o
LOAD build/stm32f1xx_hal_pwr.o
LOAD build/stm32f1xx_hal_flash.o
LOAD build/stm32f1xx_hal_flash_ex.o
LOAD build/stm32f1xx_hal_exti.o
LOAD build/startup_stm32f103xe.o
LOAD d:/gcc-arm-none-eabi-8-2018-q4-major-win32/bin/../lib/gcc/arm-none-eabi/7.3.1/../../../../arm-none-eabi/lib/thumb/v7-m\libc_nano.a
LOAD d:/gcc-arm-none-eabi-8-2018-q4-major-win32/bin/../lib/gcc/arm-none-eabi/7.3.1/../../../../arm-none-eabi/lib/thumb/v7-m\libm.a
LOAD d:/gcc-arm-none-eabi-8-2018-q4-major-win32/bin/../lib/gcc/arm-none-eabi/7.3.1/../../../../arm-none-eabi/lib/thumb/v7-m\libnosys.a
START GROUP
LOAD d:/gcc-arm-none-eabi-8-2018-q4-major-win32/bin/../lib/gcc/arm-none-eabi/7.3.1/thumb/v7-m\libgcc.a
LOAD d:/gcc-arm-none-eabi-8-2018-q4-major-win32/bin/../lib/gcc/arm-none-eabi/7.3.1/../../../../arm-none-eabi/lib/thumb/v7-m\libc_nano.a
END GROUP
START GROUP
LOAD d:/gcc-arm-none-eabi-8-2018-q4-major-win32/bin/../lib/gcc/arm-none-eabi/7.3.1/thumb/v7-m\libgcc.a
LOAD d:/gcc-arm-none-eabi-8-2018-q4-major-win32/bin/../lib/gcc/arm-none-eabi/7.3.1/../../../../arm-none-eabi/lib/thumb/v7-m\libc_nano.a
END GROUP
LOAD d:/gcc-arm-none-eabi-8-2018-q4-major-win32/bin/../lib/gcc/arm-none-eabi/7.3.1/thumb/v7-m/crtend.o
LOAD d:/gcc-arm-none-eabi-8-2018-q4-major-win32/bin/../lib/gcc/arm-none-eabi/7.3.1/thumb/v7-m/crtn.o
                0x2000c000                _estack = 0x2000c000
                0x00000200                _Min_Heap_Size = 0x200
                0x00000400                _Min_Stack_Size = 0x400

.isr_vector     0x08000000      0x1e4
                0x08000000                . = ALIGN (0x4)
 *(.isr_vector)
 .isr_vector    0x08000000      0x1e4 build/startup_stm32f103xe.o
                0x08000000                g_pfnVectors
                0x080001e4                . = ALIGN (0x4)

.text           0x080001e4     0x1f48
                0x080001e4                . = ALIGN (0x4)
 *(.text)
 .text          0x080001e4       0x40 d:/gcc-arm-none-eabi-8-2018-q4-major-win32/bin/../lib/gcc/arm-none-eabi/7.3.1/thumb/v7-m/crtbegin.o
 *(.text*)
 .text.SystemClock_Config
                0x08000224       0x52 build/main.o
                0x08000224                SystemClock_Config
 *fill*         0x08000276        0x2 
 .text.main     0x08000278       0x58 build/main.o
                0x08000278                main
 .text.Error_Handler
                0x080002d0        0x2 build/main.o
                0x080002d0                Error_Handler
 *fill*         0x080002d2        0x2 
 .text.MX_GPIO_Init
                0x080002d4       0x74 build/gpio.o
                0x080002d4                MX_GPIO_Init
 .text.MX_DMA_Init
                0x08000348       0x34 build/dma.o
                0x08000348                MX_DMA_Init
 .text.MX_USART1_UART_Init
                0x0800037c       0x34 build/usart.o
                0x0800037c                MX_USART1_UART_Init
 .text.HAL_UART_MspInit
                0x080003b0       0xac build/usart.o
                0x080003b0                HAL_UART_MspInit
 .text.__io_putchar
                0x0800045c       0x24 build/usart.o
                0x0800045c                __io_putchar
 .text._write   0x08000480       0x1c build/usart.o
                0x08000480                _write
 .text.NMI_Handler
                0x0800049c        0x2 build/stm32f1xx_it.o
                0x0800049c                NMI_Handler
 .text.HardFault_Handler
                0x0800049e        0x2 build/stm32f1xx_it.o
                0x0800049e                HardFault_Handler
 .text.MemManage_Handler
                0x080004a0        0x2 build/stm32f1xx_it.o
                0x080004a0                MemManage_Handler
 .text.BusFault_Handler
                0x080004a2        0x2 build/stm32f1xx_it.o
                0x080004a2                BusFault_Handler
 .text.UsageFault_Handler
                0x080004a4        0x2 build/stm32f1xx_it.o
                0x080004a4                UsageFault_Handler
 .text.SVC_Handler
                0x080004a6        0x2 build/stm32f1xx_it.o
                0x080004a6                SVC_Handler
 .text.DebugMon_Handler
                0x080004a8        0x2 build/stm32f1xx_it.o
                0x080004a8                DebugMon_Handler
 .text.PendSV_Handler
                0x080004aa        0x2 build/stm32f1xx_it.o
                0x080004aa                PendSV_Handler
 .text.SysTick_Handler
                0x080004ac        0x8 build/stm32f1xx_it.o
                0x080004ac                SysTick_Handler
 .text.DMA1_Channel4_IRQHandler
                0x080004b4       0x10 build/stm32f1xx_it.o
                0x080004b4                DMA1_Channel4_IRQHandler
 .text.HAL_MspInit
                0x080004c4       0x44 build/stm32f1xx_hal_msp.o
                0x080004c4                HAL_MspInit
 .text.SystemInit
                0x08000508       0x4c build/system_stm32f1xx.o
                0x08000508                SystemInit
 .text.UART_EndTxTransfer
                0x08000554       0x12 build/stm32f1xx_hal_uart.o
 .text.UART_EndRxTransfer
                0x08000566       0x1c build/stm32f1xx_hal_uart.o
 *fill*         0x08000582        0x2 
 .text.UART_SetConfig
                0x08000584       0xcc build/stm32f1xx_hal_uart.o
 .text.UART_WaitOnFlagUntilTimeout
                0x08000650       0x62 build/stm32f1xx_hal_uart.o
 .text.HAL_UART_Init
                0x080006b2       0x5e build/stm32f1xx_hal_uart.o
                0x080006b2                HAL_UART_Init
 .text.HAL_UART_Transmit
                0x08000710       0xe0 build/stm32f1xx_hal_uart.o
                0x08000710                HAL_UART_Transmit
 .text.HAL_UART_Transmit_DMA
                0x080007f0       0x8c build/stm32f1xx_hal_uart.o
                0x080007f0                HAL_UART_Transmit_DMA
 .text.HAL_UART_TxCpltCallback
                0x0800087c        0x2 build/stm32f1xx_hal_uart.o
                0x0800087c                HAL_UART_TxCpltCallback
 .text.UART_DMATransmitCplt
                0x0800087e       0x30 build/stm32f1xx_hal_uart.o
 .text.HAL_UART_TxHalfCpltCallback
                0x080008ae        0x2 build/stm32f1xx_hal_uart.o
                0x080008ae                HAL_UART_TxHalfCpltCallback
 .text.UART_DMATxHalfCplt
                0x080008b0        0xa build/stm32f1xx_hal_uart.o
 .text.HAL_UART_ErrorCallback
                0x080008ba        0x2 build/stm32f1xx_hal_uart.o
                0x080008ba                HAL_UART_ErrorCallback
 .text.UART_DMAError
                0x080008bc       0x58 build/stm32f1xx_hal_uart.o
 .text.HAL_InitTick
                0x08000914       0x4c build/stm32f1xx_hal.o
                0x08000914                HAL_InitTick
 .text.HAL_Init
                0x08000960       0x24 build/stm32f1xx_hal.o
                0x08000960                HAL_Init
 .text.HAL_IncTick
                0x08000984       0x18 build/stm32f1xx_hal.o
                0x08000984                HAL_IncTick
 .text.HAL_GetTick
                0x0800099c        0xc build/stm32f1xx_hal.o
                0x0800099c                HAL_GetTick
 .text.HAL_Delay
                0x080009a8       0x28 build/stm32f1xx_hal.o
                0x080009a8                HAL_Delay
 .text.RCC_Delay
                0x080009d0       0x2c build/stm32f1xx_hal_rcc.o
 .text.HAL_RCC_OscConfig
                0x080009fc      0x410 build/stm32f1xx_hal_rcc.o
                0x080009fc                HAL_RCC_OscConfig
 .text.HAL_RCC_GetSysClockFreq
                0x08000e0c       0x70 build/stm32f1xx_hal_rcc.o
                0x08000e0c                HAL_RCC_GetSysClockFreq
 .text.HAL_RCC_ClockConfig
                0x08000e7c      0x168 build/stm32f1xx_hal_rcc.o
                0x08000e7c                HAL_RCC_ClockConfig
 .text.HAL_RCC_GetHCLKFreq
                0x08000fe4        0xc build/stm32f1xx_hal_rcc.o
                0x08000fe4                HAL_RCC_GetHCLKFreq
 .text.HAL_RCC_GetPCLK1Freq
                0x08000ff0       0x20 build/stm32f1xx_hal_rcc.o
                0x08000ff0                HAL_RCC_GetPCLK1Freq
 .text.HAL_RCC_GetPCLK2Freq
                0x08001010       0x20 build/stm32f1xx_hal_rcc.o
                0x08001010                HAL_RCC_GetPCLK2Freq
 .text.HAL_GPIO_Init
                0x08001030      0x1f4 build/stm32f1xx_hal_gpio.o
                0x08001030                HAL_GPIO_Init
 .text.HAL_GPIO_WritePin
                0x08001224        0xc build/stm32f1xx_hal_gpio.o
                0x08001224                HAL_GPIO_WritePin
 .text.HAL_GPIO_TogglePin
                0x08001230        0xe build/stm32f1xx_hal_gpio.o
                0x08001230                HAL_GPIO_TogglePin
 .text.DMA_SetConfig
                0x0800123e       0x2c build/stm32f1xx_hal_dma.o
 *fill*         0x0800126a        0x2 
 .text.HAL_DMA_Init
                0x0800126c       0x98 build/stm32f1xx_hal_dma.o
                0x0800126c                HAL_DMA_Init
 .text.HAL_DMA_Start_IT
                0x08001304       0x74 build/stm32f1xx_hal_dma.o
                0x08001304                HAL_DMA_Start_IT
 .text.HAL_DMA_IRQHandler
                0x08001378      0x2ec build/stm32f1xx_hal_dma.o
                0x08001378                HAL_DMA_IRQHandler
 .text.HAL_NVIC_SetPriorityGrouping
                0x08001664       0x24 build/stm32f1xx_hal_cortex.o
                0x08001664                HAL_NVIC_SetPriorityGrouping
 .text.HAL_NVIC_SetPriority
                0x08001688       0x68 build/stm32f1xx_hal_cortex.o
                0x08001688                HAL_NVIC_SetPriority
 .text.HAL_NVIC_EnableIRQ
                0x080016f0       0x1c build/stm32f1xx_hal_cortex.o
                0x080016f0                HAL_NVIC_EnableIRQ
 .text.HAL_SYSTICK_Config
                0x0800170c       0x2c build/stm32f1xx_hal_cortex.o
                0x0800170c                HAL_SYSTICK_Config
 .text.Reset_Handler
                0x08001738       0x48 build/startup_stm32f103xe.o
                0x08001738                Reset_Handler
 .text.Default_Handler
                0x08001780        0x2 build/startup_stm32f103xe.o
                0x08001780                RTC_Alarm_IRQHandler
                0x08001780                EXTI2_IRQHandler
                0x08001780                TIM8_TRG_COM_IRQHandler
                0x08001780                TIM8_CC_IRQHandler
                0x08001780                TIM1_CC_IRQHandler
                0x08001780                TIM6_IRQHandler
                0x08001780                PVD_IRQHandler
                0x08001780                SDIO_IRQHandler
                0x08001780                EXTI3_IRQHandler
                0x08001780                EXTI0_IRQHandler
                0x08001780                I2C2_EV_IRQHandler
                0x08001780                ADC1_2_IRQHandler
                0x08001780                SPI1_IRQHandler
                0x08001780                TAMPER_IRQHandler
                0x08001780                TIM8_UP_IRQHandler
                0x08001780                DMA2_Channel2_IRQHandler
                0x08001780                USART3_IRQHandler
                0x08001780                RTC_IRQHandler
                0x08001780                DMA1_Channel7_IRQHandler
                0x08001780                CAN1_RX1_IRQHandler
                0x08001780                UART5_IRQHandler
                0x08001780                ADC3_IRQHandler
                0x08001780                TIM4_IRQHandler
                0x08001780                DMA2_Channel1_IRQHandler
                0x08001780                I2C1_EV_IRQHandler
                0x08001780                DMA1_Channel6_IRQHandler
                0x08001780                UART4_IRQHandler
                0x08001780                TIM3_IRQHandler
                0x08001780                RCC_IRQHandler
                0x08001780                TIM1_TRG_COM_IRQHandler
                0x08001780                DMA1_Channel1_IRQHandler
                0x08001780                Default_Handler
                0x08001780                EXTI15_10_IRQHandler
                0x08001780                TIM7_IRQHandler
                0x08001780                TIM5_IRQHandler
                0x08001780                EXTI9_5_IRQHandler
                0x08001780                SPI2_IRQHandler
                0x08001780                DMA1_Channel5_IRQHandler
                0x08001780                EXTI4_IRQHandler
                0x08001780                USB_LP_CAN1_RX0_IRQHandler
                0x08001780                USB_HP_CAN1_TX_IRQHandler
                0x08001780                DMA1_Channel3_IRQHandler
                0x08001780                FSMC_IRQHandler
                0x08001780                TIM1_UP_IRQHandler
                0x08001780                WWDG_IRQHandler
                0x08001780                TIM2_IRQHandler
                0x08001780                TIM1_BRK_IRQHandler
                0x08001780                EXTI1_IRQHandler
                0x08001780                DMA2_Channel4_5_IRQHandler
                0x08001780                USART2_IRQHandler
                0x08001780                I2C2_ER_IRQHandler
                0x08001780                DMA1_Channel2_IRQHandler
                0x08001780                TIM8_BRK_IRQHandler
                0x08001780                CAN1_SCE_IRQHandler
                0x08001780                FLASH_IRQHandler
                0x08001780                USART1_IRQHandler
                0x08001780                SPI3_IRQHandler
                0x08001780                I2C1_ER_IRQHandler
                0x08001780                USBWakeUp_IRQHandler
                0x08001780                DMA2_Channel3_IRQHandler
 *fill*         0x08001782        0x2 
 .text.__libc_init_array
                0x08001784       0x48 d:/gcc-arm-none-eabi-8-2018-q4-major-win32/bin/../lib/gcc/arm-none-eabi/7.3.1/../../../../arm-none-eabi/lib/thumb/v7-m\libc_nano.a(lib_a-init.o)
                0x08001784                __libc_init_array
 .text.memset   0x080017cc       0x10 d:/gcc-arm-none-eabi-8-2018-q4-major-win32/bin/../lib/gcc/arm-none-eabi/7.3.1/../../../../arm-none-eabi/lib/thumb/v7-m\libc_nano.a(lib_a-memset.o)
                0x080017cc                memset
 .text._puts_r  0x080017dc       0xb8 d:/gcc-arm-none-eabi-8-2018-q4-major-win32/bin/../lib/gcc/arm-none-eabi/7.3.1/../../../../arm-none-eabi/lib/thumb/v7-m\libc_nano.a(lib_a-puts.o)
                0x080017dc                _puts_r
 .text.puts     0x08001894       0x10 d:/gcc-arm-none-eabi-8-2018-q4-major-win32/bin/../lib/gcc/arm-none-eabi/7.3.1/../../../../arm-none-eabi/lib/thumb/v7-m\libc_nano.a(lib_a-puts.o)
                0x08001894                puts
 .text.__swbuf_r
                0x080018a4       0xa4 d:/gcc-arm-none-eabi-8-2018-q4-major-win32/bin/../lib/gcc/arm-none-eabi/7.3.1/../../../../arm-none-eabi/lib/thumb/v7-m\libc_nano.a(lib_a-wbuf.o)
                0x080018a4                __swbuf_r
 .text.__swsetup_r
                0x08001948       0xdc d:/gcc-arm-none-eabi-8-2018-q4-major-win32/bin/../lib/gcc/arm-none-eabi/7.3.1/../../../../arm-none-eabi/lib/thumb/v7-m\libc_nano.a(lib_a-wsetup.o)
                0x08001948                __swsetup_r
 .text.__sflush_r
                0x08001a24      0x10c d:/gcc-arm-none-eabi-8-2018-q4-major-win32/bin/../lib/gcc/arm-none-eabi/7.3.1/../../../../arm-none-eabi/lib/thumb/v7-m\libc_nano.a(lib_a-fflush.o)
                0x08001a24                __sflush_r
 .text._fflush_r
                0x08001b30       0x54 d:/gcc-arm-none-eabi-8-2018-q4-major-win32/bin/../lib/gcc/arm-none-eabi/7.3.1/../../../../arm-none-eabi/lib/thumb/v7-m\libc_nano.a(lib_a-fflush.o)
                0x08001b30                _fflush_r
 .text.std      0x08001b84       0x48 d:/gcc-arm-none-eabi-8-2018-q4-major-win32/bin/../lib/gcc/arm-none-eabi/7.3.1/../../../../arm-none-eabi/lib/thumb/v7-m\libc_nano.a(lib_a-findfp.o)
 .text._cleanup_r
                0x08001bcc        0xc d:/gcc-arm-none-eabi-8-2018-q4-major-win32/bin/../lib/gcc/arm-none-eabi/7.3.1/../../../../arm-none-eabi/lib/thumb/v7-m\libc_nano.a(lib_a-findfp.o)
                0x08001bcc                _cleanup_r
 .text.__sfmoreglue
                0x08001bd8       0x2c d:/gcc-arm-none-eabi-8-2018-q4-major-win32/bin/../lib/gcc/arm-none-eabi/7.3.1/../../../../arm-none-eabi/lib/thumb/v7-m\libc_nano.a(lib_a-findfp.o)
                0x08001bd8                __sfmoreglue
 .text.__sinit  0x08001c04       0x60 d:/gcc-arm-none-eabi-8-2018-q4-major-win32/bin/../lib/gcc/arm-none-eabi/7.3.1/../../../../arm-none-eabi/lib/thumb/v7-m\libc_nano.a(lib_a-findfp.o)
                0x08001c04                __sinit
 .text.__sfp    0x08001c64       0x78 d:/gcc-arm-none-eabi-8-2018-q4-major-win32/bin/../lib/gcc/arm-none-eabi/7.3.1/../../../../arm-none-eabi/lib/thumb/v7-m\libc_nano.a(lib_a-findfp.o)
                0x08001c64                __sfp
 .text._fwalk_reent
                0x08001cdc       0x3c d:/gcc-arm-none-eabi-8-2018-q4-major-win32/bin/../lib/gcc/arm-none-eabi/7.3.1/../../../../arm-none-eabi/lib/thumb/v7-m\libc_nano.a(lib_a-fwalk.o)
                0x08001cdc                _fwalk_reent
 .text.__swhatbuf_r
                0x08001d18       0x48 d:/gcc-arm-none-eabi-8-2018-q4-major-win32/bin/../lib/gcc/arm-none-eabi/7.3.1/../../../../arm-none-eabi/lib/thumb/v7-m\libc_nano.a(lib_a-makebuf.o)
                0x08001d18                __swhatbuf_r
 .text.__smakebuf_r
                0x08001d60       0x80 d:/gcc-arm-none-eabi-8-2018-q4-major-win32/bin/../lib/gcc/arm-none-eabi/7.3.1/../../../../arm-none-eabi/lib/thumb/v7-m\libc_nano.a(lib_a-makebuf.o)
                0x08001d60                __smakebuf_r
 .text._free_r  0x08001de0       0x98 d:/gcc-arm-none-eabi-8-2018-q4-major-win32/bin/../lib/gcc/arm-none-eabi/7.3.1/../../../../arm-none-eabi/lib/thumb/v7-m\libc_nano.a(lib_a-nano-freer.o)
                0x08001de0                _free_r
 .text._malloc_r
                0x08001e78       0xb4 d:/gcc-arm-none-eabi-8-2018-q4-major-win32/bin/../lib/gcc/arm-none-eabi/7.3.1/../../../../arm-none-eabi/lib/thumb/v7-m\libc_nano.a(lib_a-nano-mallocr.o)
                0x08001e78                _malloc_r
 .text._sbrk_r  0x08001f2c       0x20 d:/gcc-arm-none-eabi-8-2018-q4-major-win32/bin/../lib/gcc/arm-none-eabi/7.3.1/../../../../arm-none-eabi/lib/thumb/v7-m\libc_nano.a(lib_a-sbrkr.o)
                0x08001f2c                _sbrk_r
 .text.__sread  0x08001f4c       0x22 d:/gcc-arm-none-eabi-8-2018-q4-major-win32/bin/../lib/gcc/arm-none-eabi/7.3.1/../../../../arm-none-eabi/lib/thumb/v7-m\libc_nano.a(lib_a-stdio.o)
                0x08001f4c                __sread
 .text.__swrite
                0x08001f6e       0x38 d:/gcc-arm-none-eabi-8-2018-q4-major-win32/bin/../lib/gcc/arm-none-eabi/7.3.1/../../../../arm-none-eabi/lib/thumb/v7-m\libc_nano.a(lib_a-stdio.o)
                0x08001f6e                __swrite
 .text.__sseek  0x08001fa6       0x24 d:/gcc-arm-none-eabi-8-2018-q4-major-win32/bin/../lib/gcc/arm-none-eabi/7.3.1/../../../../arm-none-eabi/lib/thumb/v7-m\libc_nano.a(lib_a-stdio.o)
                0x08001fa6                __sseek
 .text.__sclose
                0x08001fca        0x8 d:/gcc-arm-none-eabi-8-2018-q4-major-win32/bin/../lib/gcc/arm-none-eabi/7.3.1/../../../../arm-none-eabi/lib/thumb/v7-m\libc_nano.a(lib_a-stdio.o)
                0x08001fca                __sclose
 *fill*         0x08001fd2        0x2 
 .text._write_r
                0x08001fd4       0x24 d:/gcc-arm-none-eabi-8-2018-q4-major-win32/bin/../lib/gcc/arm-none-eabi/7.3.1/../../../../arm-none-eabi/lib/thumb/v7-m\libc_nano.a(lib_a-writer.o)
                0x08001fd4                _write_r
 .text._close_r
                0x08001ff8       0x20 d:/gcc-arm-none-eabi-8-2018-q4-major-win32/bin/../lib/gcc/arm-none-eabi/7.3.1/../../../../arm-none-eabi/lib/thumb/v7-m\libc_nano.a(lib_a-closer.o)
                0x08001ff8                _close_r
 .text._fstat_r
                0x08002018       0x24 d:/gcc-arm-none-eabi-8-2018-q4-major-win32/bin/../lib/gcc/arm-none-eabi/7.3.1/../../../../arm-none-eabi/lib/thumb/v7-m\libc_nano.a(lib_a-fstatr.o)
                0x08002018                _fstat_r
 .text._isatty_r
                0x0800203c       0x20 d:/gcc-arm-none-eabi-8-2018-q4-major-win32/bin/../lib/gcc/arm-none-eabi/7.3.1/../../../../arm-none-eabi/lib/thumb/v7-m\libc_nano.a(lib_a-isattyr.o)
                0x0800203c                _isatty_r
 .text._lseek_r
                0x0800205c       0x24 d:/gcc-arm-none-eabi-8-2018-q4-major-win32/bin/../lib/gcc/arm-none-eabi/7.3.1/../../../../arm-none-eabi/lib/thumb/v7-m\libc_nano.a(lib_a-lseekr.o)
                0x0800205c                _lseek_r
 .text.__malloc_lock
                0x08002080        0x2 d:/gcc-arm-none-eabi-8-2018-q4-major-win32/bin/../lib/gcc/arm-none-eabi/7.3.1/../../../../arm-none-eabi/lib/thumb/v7-m\libc_nano.a(lib_a-mlock.o)
                0x08002080                __malloc_lock
 .text.__malloc_unlock
                0x08002082        0x2 d:/gcc-arm-none-eabi-8-2018-q4-major-win32/bin/../lib/gcc/arm-none-eabi/7.3.1/../../../../arm-none-eabi/lib/thumb/v7-m\libc_nano.a(lib_a-mlock.o)
                0x08002082                __malloc_unlock
 .text._read_r  0x08002084       0x24 d:/gcc-arm-none-eabi-8-2018-q4-major-win32/bin/../lib/gcc/arm-none-eabi/7.3.1/../../../../arm-none-eabi/lib/thumb/v7-m\libc_nano.a(lib_a-readr.o)
                0x08002084                _read_r
 .text._close   0x080020a8       0x10 d:/gcc-arm-none-eabi-8-2018-q4-major-win32/bin/../lib/gcc/arm-none-eabi/7.3.1/../../../../arm-none-eabi/lib/thumb/v7-m\libnosys.a(close.o)
                0x080020a8                _close
 .text._fstat   0x080020b8       0x10 d:/gcc-arm-none-eabi-8-2018-q4-major-win32/bin/../lib/gcc/arm-none-eabi/7.3.1/../../../../arm-none-eabi/lib/thumb/v7-m\libnosys.a(fstat.o)
                0x080020b8                _fstat
 .text._isatty  0x080020c8       0x10 d:/gcc-arm-none-eabi-8-2018-q4-major-win32/bin/../lib/gcc/arm-none-eabi/7.3.1/../../../../arm-none-eabi/lib/thumb/v7-m\libnosys.a(isatty.o)
                0x080020c8                _isatty
 .text._lseek   0x080020d8       0x10 d:/gcc-arm-none-eabi-8-2018-q4-major-win32/bin/../lib/gcc/arm-none-eabi/7.3.1/../../../../arm-none-eabi/lib/thumb/v7-m\libnosys.a(lseek.o)
                0x080020d8                _lseek
 .text._read    0x080020e8       0x10 d:/gcc-arm-none-eabi-8-2018-q4-major-win32/bin/../lib/gcc/arm-none-eabi/7.3.1/../../../../arm-none-eabi/lib/thumb/v7-m\libnosys.a(read.o)
                0x080020e8                _read
 .text._sbrk    0x080020f8       0x1c d:/gcc-arm-none-eabi-8-2018-q4-major-win32/bin/../lib/gcc/arm-none-eabi/7.3.1/../../../../arm-none-eabi/lib/thumb/v7-m\libnosys.a(sbrk.o)
                0x080020f8                _sbrk
 *(.glue_7)
 .glue_7        0x08002114        0x0 linker stubs
 *(.glue_7t)
 .glue_7t       0x08002114        0x0 linker stubs
 *(.eh_frame)
 .eh_frame      0x08002114        0x0 d:/gcc-arm-none-eabi-8-2018-q4-major-win32/bin/../lib/gcc/arm-none-eabi/7.3.1/thumb/v7-m/crtbegin.o
 *(.init)
 .init          0x08002114        0x4 d:/gcc-arm-none-eabi-8-2018-q4-major-win32/bin/../lib/gcc/arm-none-eabi/7.3.1/thumb/v7-m/crti.o
                0x08002114                _init
 .init          0x08002118        0x8 d:/gcc-arm-none-eabi-8-2018-q4-major-win32/bin/../lib/gcc/arm-none-eabi/7.3.1/thumb/v7-m/crtn.o
 *(.fini)
 .fini          0x08002120        0x4 d:/gcc-arm-none-eabi-8-2018-q4-major-win32/bin/../lib/gcc/arm-none-eabi/7.3.1/thumb/v7-m/crti.o
                0x08002120                _fini
 .fini          0x08002124        0x8 d:/gcc-arm-none-eabi-8-2018-q4-major-win32/bin/../lib/gcc/arm-none-eabi/7.3.1/thumb/v7-m/crtn.o
                0x0800212c                . = ALIGN (0x4)
                0x0800212c                _etext = .

.vfp11_veneer   0x0800212c        0x0
 .vfp11_veneer  0x0800212c        0x0 linker stubs

.v4_bx          0x0800212c        0x0
 .v4_bx         0x0800212c        0x0 linker stubs

.iplt           0x0800212c        0x0
 .iplt          0x0800212c        0x0 d:/gcc-arm-none-eabi-8-2018-q4-major-win32/bin/../lib/gcc/arm-none-eabi/7.3.1/thumb/v7-m/crtbegin.o

.rodata         0x0800212c       0xa8
                0x0800212c                . = ALIGN (0x4)
 *(.rodata)
 .rodata        0x0800212c       0x12 build/stm32f1xx_hal_rcc.o
 *(.rodata*)
 *fill*         0x0800213e        0x2 
 .rodata.main.str1.4
                0x08002140       0x18 build/main.o
 .rodata.AHBPrescTable
                0x08002158       0x10 build/system_stm32f1xx.o
                0x08002158                AHBPrescTable
 .rodata.APBPrescTable
                0x08002168        0x8 build/system_stm32f1xx.o
                0x08002168                APBPrescTable
 .rodata._global_impure_ptr
                0x08002170        0x4 d:/gcc-arm-none-eabi-8-2018-q4-major-win32/bin/../lib/gcc/arm-none-eabi/7.3.1/../../../../arm-none-eabi/lib/thumb/v7-m\libc_nano.a(lib_a-impure.o)
                0x08002170                _global_impure_ptr
 .rodata.__sf_fake_stderr
                0x08002174       0x20 d:/gcc-arm-none-eabi-8-2018-q4-major-win32/bin/../lib/gcc/arm-none-eabi/7.3.1/../../../../arm-none-eabi/lib/thumb/v7-m\libc_nano.a(lib_a-findfp.o)
                0x08002174                __sf_fake_stderr
 .rodata.__sf_fake_stdin
                0x08002194       0x20 d:/gcc-arm-none-eabi-8-2018-q4-major-win32/bin/../lib/gcc/arm-none-eabi/7.3.1/../../../../arm-none-eabi/lib/thumb/v7-m\libc_nano.a(lib_a-findfp.o)
                0x08002194                __sf_fake_stdin
 .rodata.__sf_fake_stdout
                0x080021b4       0x20 d:/gcc-arm-none-eabi-8-2018-q4-major-win32/bin/../lib/gcc/arm-none-eabi/7.3.1/../../../../arm-none-eabi/lib/thumb/v7-m\libc_nano.a(lib_a-findfp.o)
                0x080021b4                __sf_fake_stdout
                0x080021d4                . = ALIGN (0x4)

.rel.dyn        0x080021d4        0x0
 .rel.iplt      0x080021d4        0x0 d:/gcc-arm-none-eabi-8-2018-q4-major-win32/bin/../lib/gcc/arm-none-eabi/7.3.1/thumb/v7-m/crtbegin.o

.ARM.extab
 *(.ARM.extab* .gnu.linkonce.armextab.*)

.ARM            0x080021d4        0x0
                0x080021d4                __exidx_start = .
 *(.ARM.exidx*)
                0x080021d4                __exidx_end = .

.preinit_array  0x080021d4        0x0
                0x080021d4                PROVIDE (__preinit_array_start = .)
 *(.preinit_array*)
                0x080021d4                PROVIDE (__preinit_array_end = .)

.init_array     0x080021d4        0x4
                0x080021d4                PROVIDE (__init_array_start = .)
 *(SORT_BY_NAME(.init_array.*))
 *(.init_array*)
 .init_array    0x080021d4        0x4 d:/gcc-arm-none-eabi-8-2018-q4-major-win32/bin/../lib/gcc/arm-none-eabi/7.3.1/thumb/v7-m/crtbegin.o
                0x080021d8                PROVIDE (__init_array_end = .)

.fini_array     0x080021d8        0x4
                [!provide]                PROVIDE (__fini_array_start = .)
 *(SORT_BY_NAME(.fini_array.*))
 *(.fini_array*)
 .fini_array    0x080021d8        0x4 d:/gcc-arm-none-eabi-8-2018-q4-major-win32/bin/../lib/gcc/arm-none-eabi/7.3.1/thumb/v7-m/crtbegin.o
                [!provide]                PROVIDE (__fini_array_end = .)
                0x080021dc                _sidata = LOADADDR (.data)

.data           0x20000000       0x70 load address 0x080021dc
                0x20000000                . = ALIGN (0x4)
                0x20000000                _sdata = .
 *(.data)
 *(.data*)
 .data.SystemCoreClock
                0x20000000        0x4 build/system_stm32f1xx.o
                0x20000000                SystemCoreClock
 .data.uwTickFreq
                0x20000004        0x1 build/stm32f1xx_hal.o
                0x20000004                uwTickFreq
 *fill*         0x20000005        0x3 
 .data.uwTickPrio
                0x20000008        0x4 build/stm32f1xx_hal.o
                0x20000008                uwTickPrio
 .data._impure_ptr
                0x2000000c        0x4 d:/gcc-arm-none-eabi-8-2018-q4-major-win32/bin/../lib/gcc/arm-none-eabi/7.3.1/../../../../arm-none-eabi/lib/thumb/v7-m\libc_nano.a(lib_a-impure.o)
                0x2000000c                _impure_ptr
 .data.impure_data
                0x20000010       0x60 d:/gcc-arm-none-eabi-8-2018-q4-major-win32/bin/../lib/gcc/arm-none-eabi/7.3.1/../../../../arm-none-eabi/lib/thumb/v7-m\libc_nano.a(lib_a-impure.o)
                0x20000070                . = ALIGN (0x4)
                0x20000070                _edata = .

.igot.plt       0x20000070        0x0 load address 0x0800224c
 .igot.plt      0x20000070        0x0 d:/gcc-arm-none-eabi-8-2018-q4-major-win32/bin/../lib/gcc/arm-none-eabi/7.3.1/thumb/v7-m/crtbegin.o
                0x20000070                . = ALIGN (0x4)

.bss            0x20000070      0x118 load address 0x0800224c
                0x20000070                _sbss = .
                0x20000070                __bss_start__ = _sbss
 *(.bss)
 .bss           0x20000070       0x1c d:/gcc-arm-none-eabi-8-2018-q4-major-win32/bin/../lib/gcc/arm-none-eabi/7.3.1/thumb/v7-m/crtbegin.o
 *(.bss*)
 .bss.__malloc_free_list
                0x2000008c        0x4 d:/gcc-arm-none-eabi-8-2018-q4-major-win32/bin/../lib/gcc/arm-none-eabi/7.3.1/../../../../arm-none-eabi/lib/thumb/v7-m\libc_nano.a(lib_a-nano-mallocr.o)
                0x2000008c                __malloc_free_list
 .bss.__malloc_sbrk_start
                0x20000090        0x4 d:/gcc-arm-none-eabi-8-2018-q4-major-win32/bin/../lib/gcc/arm-none-eabi/7.3.1/../../../../arm-none-eabi/lib/thumb/v7-m\libc_nano.a(lib_a-nano-mallocr.o)
                0x20000090                __malloc_sbrk_start
 .bss.heap_end.4102
                0x20000094        0x4 d:/gcc-arm-none-eabi-8-2018-q4-major-win32/bin/../lib/gcc/arm-none-eabi/7.3.1/../../../../arm-none-eabi/lib/thumb/v7-m\libnosys.a(sbrk.o)
 *(COMMON)
 COMMON         0x20000098       0x64 build/main.o
                0x20000098                SendBuff
 COMMON         0x200000fc       0x84 build/usart.o
                0x200000fc                hdma_usart1_tx
                0x20000140                huart1
 COMMON         0x20000180        0x4 build/stm32f1xx_hal.o
                0x20000180                uwTick
 COMMON         0x20000184        0x4 d:/gcc-arm-none-eabi-8-2018-q4-major-win32/bin/../lib/gcc/arm-none-eabi/7.3.1/../../../../arm-none-eabi/lib/thumb/v7-m\libc_nano.a(lib_a-reent.o)
                0x20000184                errno
                0x20000188                . = ALIGN (0x4)
                0x20000188                _ebss = .
                0x20000188                __bss_end__ = _ebss

._user_heap_stack
                0x20000188      0x600 load address 0x0800224c
                0x20000188                . = ALIGN (0x8)
                0x20000188                PROVIDE (end = .)
                [!provide]                PROVIDE (_end = .)
                0x20000388                . = (. + _Min_Heap_Size)
 *fill*         0x20000188      0x200 
                0x20000788                . = (. + _Min_Stack_Size)
 *fill*         0x20000388      0x400 
                0x20000788                . = ALIGN (0x8)

/DISCARD/
 libc.a(*)
 libm.a(*)
 libgcc.a(*)

.ARM.attributes
                0x00000000       0x29
 *(.ARM.attributes)
 .ARM.attributes
                0x00000000       0x1d d:/gcc-arm-none-eabi-8-2018-q4-major-win32/bin/../lib/gcc/arm-none-eabi/7.3.1/thumb/v7-m/crti.o
 .ARM.attributes
                0x0000001d       0x2d d:/gcc-arm-none-eabi-8-2018-q4-major-win32/bin/../lib/gcc/arm-none-eabi/7.3.1/thumb/v7-m/crtbegin.o
 .ARM.attributes
                0x0000004a       0x33 build/main.o
 .ARM.attributes
                0x0000007d       0x33 build/gpio.o
 .ARM.attributes
                0x000000b0       0x33 build/dma.o
 .ARM.attributes
                0x000000e3       0x33 build/usart.o
 .ARM.attributes
                0x00000116       0x33 build/stm32f1xx_it.o
 .ARM.attributes
                0x00000149       0x33 build/stm32f1xx_hal_msp.o
 .ARM.attributes
                0x0000017c       0x33 build/system_stm32f1xx.o
 .ARM.attributes
                0x000001af       0x33 build/stm32f1xx_hal_uart.o
 .ARM.attributes
                0x000001e2       0x33 build/stm32f1xx_hal.o
 .ARM.attributes
                0x00000215       0x33 build/stm32f1xx_hal_rcc.o
 .ARM.attributes
                0x00000248       0x33 build/stm32f1xx_hal_gpio.o
 .ARM.attributes
                0x0000027b       0x33 build/stm32f1xx_hal_dma.o
 .ARM.attributes
                0x000002ae       0x33 build/stm32f1xx_hal_cortex.o
 .ARM.attributes
                0x000002e1       0x21 build/startup_stm32f103xe.o
 .ARM.attributes
                0x00000302       0x2d d:/gcc-arm-none-eabi-8-2018-q4-major-win32/bin/../lib/gcc/arm-none-eabi/7.3.1/../../../../arm-none-eabi/lib/thumb/v7-m\libc_nano.a(lib_a-impure.o)
 .ARM.attributes
                0x0000032f       0x2d d:/gcc-arm-none-eabi-8-2018-q4-major-win32/bin/../lib/gcc/arm-none-eabi/7.3.1/../../../../arm-none-eabi/lib/thumb/v7-m\libc_nano.a(lib_a-init.o)
 .ARM.attributes
                0x0000035c       0x2d d:/gcc-arm-none-eabi-8-2018-q4-major-win32/bin/../lib/gcc/arm-none-eabi/7.3.1/../../../../arm-none-eabi/lib/thumb/v7-m\libc_nano.a(lib_a-memset.o)
 .ARM.attributes
                0x00000389       0x2d d:/gcc-arm-none-eabi-8-2018-q4-major-win32/bin/../lib/gcc/arm-none-eabi/7.3.1/../../../../arm-none-eabi/lib/thumb/v7-m\libc_nano.a(lib_a-puts.o)
 .ARM.attributes
                0x000003b6       0x2d d:/gcc-arm-none-eabi-8-2018-q4-major-win32/bin/../lib/gcc/arm-none-eabi/7.3.1/../../../../arm-none-eabi/lib/thumb/v7-m\libc_nano.a(lib_a-wbuf.o)
 .ARM.attributes
                0x000003e3       0x2d d:/gcc-arm-none-eabi-8-2018-q4-major-win32/bin/../lib/gcc/arm-none-eabi/7.3.1/../../../../arm-none-eabi/lib/thumb/v7-m\libc_nano.a(lib_a-wsetup.o)
 .ARM.attributes
                0x00000410       0x2d d:/gcc-arm-none-eabi-8-2018-q4-major-win32/bin/../lib/gcc/arm-none-eabi/7.3.1/../../../../arm-none-eabi/lib/thumb/v7-m\libc_nano.a(lib_a-fflush.o)
 .ARM.attributes
                0x0000043d       0x2d d:/gcc-arm-none-eabi-8-2018-q4-major-win32/bin/../lib/gcc/arm-none-eabi/7.3.1/../../../../arm-none-eabi/lib/thumb/v7-m\libc_nano.a(lib_a-findfp.o)
 .ARM.attributes
                0x0000046a       0x2d d:/gcc-arm-none-eabi-8-2018-q4-major-win32/bin/../lib/gcc/arm-none-eabi/7.3.1/../../../../arm-none-eabi/lib/thumb/v7-m\libc_nano.a(lib_a-fwalk.o)
 .ARM.attributes
                0x00000497       0x2d d:/gcc-arm-none-eabi-8-2018-q4-major-win32/bin/../lib/gcc/arm-none-eabi/7.3.1/../../../../arm-none-eabi/lib/thumb/v7-m\libc_nano.a(lib_a-makebuf.o)
 .ARM.attributes
                0x000004c4       0x2d d:/gcc-arm-none-eabi-8-2018-q4-major-win32/bin/../lib/gcc/arm-none-eabi/7.3.1/../../../../arm-none-eabi/lib/thumb/v7-m\libc_nano.a(lib_a-nano-freer.o)
 .ARM.attributes
                0x000004f1       0x2d d:/gcc-arm-none-eabi-8-2018-q4-major-win32/bin/../lib/gcc/arm-none-eabi/7.3.1/../../../../arm-none-eabi/lib/thumb/v7-m\libc_nano.a(lib_a-nano-mallocr.o)
 .ARM.attributes
                0x0000051e       0x2d d:/gcc-arm-none-eabi-8-2018-q4-major-win32/bin/../lib/gcc/arm-none-eabi/7.3.1/../../../../arm-none-eabi/lib/thumb/v7-m\libc_nano.a(lib_a-sbrkr.o)
 .ARM.attributes
                0x0000054b       0x2d d:/gcc-arm-none-eabi-8-2018-q4-major-win32/bin/../lib/gcc/arm-none-eabi/7.3.1/../../../../arm-none-eabi/lib/thumb/v7-m\libc_nano.a(lib_a-stdio.o)
 .ARM.attributes
                0x00000578       0x2d d:/gcc-arm-none-eabi-8-2018-q4-major-win32/bin/../lib/gcc/arm-none-eabi/7.3.1/../../../../arm-none-eabi/lib/thumb/v7-m\libc_nano.a(lib_a-writer.o)
 .ARM.attributes
                0x000005a5       0x2d d:/gcc-arm-none-eabi-8-2018-q4-major-win32/bin/../lib/gcc/arm-none-eabi/7.3.1/../../../../arm-none-eabi/lib/thumb/v7-m\libc_nano.a(lib_a-closer.o)
 .ARM.attributes
                0x000005d2       0x2d d:/gcc-arm-none-eabi-8-2018-q4-major-win32/bin/../lib/gcc/arm-none-eabi/7.3.1/../../../../arm-none-eabi/lib/thumb/v7-m\libc_nano.a(lib_a-fstatr.o)
 .ARM.attributes
                0x000005ff       0x2d d:/gcc-arm-none-eabi-8-2018-q4-major-win32/bin/../lib/gcc/arm-none-eabi/7.3.1/../../../../arm-none-eabi/lib/thumb/v7-m\libc_nano.a(lib_a-isattyr.o)
 .ARM.attributes
                0x0000062c       0x2d d:/gcc-arm-none-eabi-8-2018-q4-major-win32/bin/../lib/gcc/arm-none-eabi/7.3.1/../../../../arm-none-eabi/lib/thumb/v7-m\libc_nano.a(lib_a-lseekr.o)
 .ARM.attributes
                0x00000659       0x2d d:/gcc-arm-none-eabi-8-2018-q4-major-win32/bin/../lib/gcc/arm-none-eabi/7.3.1/../../../../arm-none-eabi/lib/thumb/v7-m\libc_nano.a(lib_a-mlock.o)
 .ARM.attributes
                0x00000686       0x2d d:/gcc-arm-none-eabi-8-2018-q4-major-win32/bin/../lib/gcc/arm-none-eabi/7.3.1/../../../../arm-none-eabi/lib/thumb/v7-m\libc_nano.a(lib_a-readr.o)
 .ARM.attributes
                0x000006b3       0x2d d:/gcc-arm-none-eabi-8-2018-q4-major-win32/bin/../lib/gcc/arm-none-eabi/7.3.1/../../../../arm-none-eabi/lib/thumb/v7-m\libc_nano.a(lib_a-reent.o)
 .ARM.attributes
                0x000006e0       0x2d d:/gcc-arm-none-eabi-8-2018-q4-major-win32/bin/../lib/gcc/arm-none-eabi/7.3.1/../../../../arm-none-eabi/lib/thumb/v7-m\libnosys.a(close.o)
 .ARM.attributes
                0x0000070d       0x2d d:/gcc-arm-none-eabi-8-2018-q4-major-win32/bin/../lib/gcc/arm-none-eabi/7.3.1/../../../../arm-none-eabi/lib/thumb/v7-m\libnosys.a(fstat.o)
 .ARM.attributes
                0x0000073a       0x2d d:/gcc-arm-none-eabi-8-2018-q4-major-win32/bin/../lib/gcc/arm-none-eabi/7.3.1/../../../../arm-none-eabi/lib/thumb/v7-m\libnosys.a(isatty.o)
 .ARM.attributes
                0x00000767       0x2d d:/gcc-arm-none-eabi-8-2018-q4-major-win32/bin/../lib/gcc/arm-none-eabi/7.3.1/../../../../arm-none-eabi/lib/thumb/v7-m\libnosys.a(lseek.o)
 .ARM.attributes
                0x00000794       0x2d d:/gcc-arm-none-eabi-8-2018-q4-major-win32/bin/../lib/gcc/arm-none-eabi/7.3.1/../../../../arm-none-eabi/lib/thumb/v7-m\libnosys.a(read.o)
 .ARM.attributes
                0x000007c1       0x2d d:/gcc-arm-none-eabi-8-2018-q4-major-win32/bin/../lib/gcc/arm-none-eabi/7.3.1/../../../../arm-none-eabi/lib/thumb/v7-m\libnosys.a(sbrk.o)
 .ARM.attributes
                0x000007ee       0x1d d:/gcc-arm-none-eabi-8-2018-q4-major-win32/bin/../lib/gcc/arm-none-eabi/7.3.1/thumb/v7-m/crtn.o
OUTPUT(build/DMA_MtoP.elf elf32-littlearm)

.debug_info     0x00000000     0x7a3f
 .debug_info    0x00000000     0x12a2 build/main.o
 .debug_info    0x000012a2      0x3e4 build/gpio.o
 .debug_info    0x00001686      0x448 build/dma.o
 .debug_info    0x00001ace      0xa33 build/usart.o
 .debug_info    0x00002501      0x4c3 build/stm32f1xx_it.o
 .debug_info    0x000029c4      0x2f9 build/stm32f1xx_hal_msp.o
 .debug_info    0x00002cbd      0x489 build/system_stm32f1xx.o
 .debug_info    0x00003146     0x180e build/stm32f1xx_hal_uart.o
 .debug_info    0x00004954      0x8bd build/stm32f1xx_hal.o
 .debug_info    0x00005211      0xa9a build/stm32f1xx_hal_rcc.o
 .debug_info    0x00005cab      0x700 build/stm32f1xx_hal_gpio.o
 .debug_info    0x000063ab      0x8b7 build/stm32f1xx_hal_dma.o
 .debug_info    0x00006c62      0xdbb build/stm32f1xx_hal_cortex.o
 .debug_info    0x00007a1d       0x22 build/startup_stm32f103xe.o

.debug_abbrev   0x00000000     0x19ad
 .debug_abbrev  0x00000000      0x288 build/main.o
 .debug_abbrev  0x00000288      0x162 build/gpio.o
 .debug_abbrev  0x000003ea      0x140 build/dma.o
 .debug_abbrev  0x0000052a      0x213 build/usart.o
 .debug_abbrev  0x0000073d      0x167 build/stm32f1xx_it.o
 .debug_abbrev  0x000008a4      0x108 build/stm32f1xx_hal_msp.o
 .debug_abbrev  0x000009ac      0x133 build/system_stm32f1xx.o
 .debug_abbrev  0x00000adf      0x2ad build/stm32f1xx_hal_uart.o
 .debug_abbrev  0x00000d8c      0x1fe build/stm32f1xx_hal.o
 .debug_abbrev  0x00000f8a      0x272 build/stm32f1xx_hal_rcc.o
 .debug_abbrev  0x000011fc      0x213 build/stm32f1xx_hal_gpio.o
 .debug_abbrev  0x0000140f      0x274 build/stm32f1xx_hal_dma.o
 .debug_abbrev  0x00001683      0x318 build/stm32f1xx_hal_cortex.o
 .debug_abbrev  0x0000199b       0x12 build/startup_stm32f103xe.o

.debug_loc      0x00000000     0x39da
 .debug_loc     0x00000000       0x78 build/main.o
 .debug_loc     0x00000078       0x38 build/gpio.o
 .debug_loc     0x000000b0       0x38 build/dma.o
 .debug_loc     0x000000e8      0x1e5 build/usart.o
 .debug_loc     0x000002cd       0x40 build/stm32f1xx_it.o
 .debug_loc     0x0000030d       0x2c build/stm32f1xx_hal_msp.o
 .debug_loc     0x00000339       0xdf build/system_stm32f1xx.o
 .debug_loc     0x00000418     0x19e7 build/stm32f1xx_hal_uart.o
 .debug_loc     0x00001dff      0x1b0 build/stm32f1xx_hal.o
 .debug_loc     0x00001faf      0x683 build/stm32f1xx_hal_rcc.o
 .debug_loc     0x00002632      0x48c build/stm32f1xx_hal_gpio.o
 .debug_loc     0x00002abe      0x8df build/stm32f1xx_hal_dma.o
 .debug_loc     0x0000339d      0x63d build/stm32f1xx_hal_cortex.o

.debug_aranges  0x00000000      0x630
 .debug_aranges
                0x00000000       0x30 build/main.o
 .debug_aranges
                0x00000030       0x20 build/gpio.o
 .debug_aranges
                0x00000050       0x20 build/dma.o
 .debug_aranges
                0x00000070       0x40 build/usart.o
 .debug_aranges
                0x000000b0       0x68 build/stm32f1xx_it.o
 .debug_aranges
                0x00000118       0x20 build/stm32f1xx_hal_msp.o
 .debug_aranges
                0x00000138       0x28 build/system_stm32f1xx.o
 .debug_aranges
                0x00000160      0x1d0 build/stm32f1xx_hal_uart.o
 .debug_aranges
                0x00000330       0xe0 build/stm32f1xx_hal.o
 .debug_aranges
                0x00000410       0x90 build/stm32f1xx_hal_rcc.o
 .debug_aranges
                0x000004a0       0x58 build/stm32f1xx_hal_gpio.o
 .debug_aranges
                0x000004f8       0x80 build/stm32f1xx_hal_dma.o
 .debug_aranges
                0x00000578       0x90 build/stm32f1xx_hal_cortex.o
 .debug_aranges
                0x00000608       0x28 build/startup_stm32f103xe.o

.debug_ranges   0x00000000      0x5d8
 .debug_ranges  0x00000000       0x20 build/main.o
 .debug_ranges  0x00000020       0x10 build/gpio.o
 .debug_ranges  0x00000030       0x10 build/dma.o
 .debug_ranges  0x00000040       0x30 build/usart.o
 .debug_ranges  0x00000070       0x58 build/stm32f1xx_it.o
 .debug_ranges  0x000000c8       0x10 build/stm32f1xx_hal_msp.o
 .debug_ranges  0x000000d8       0x18 build/system_stm32f1xx.o
 .debug_ranges  0x000000f0      0x1c0 build/stm32f1xx_hal_uart.o
 .debug_ranges  0x000002b0       0xd0 build/stm32f1xx_hal.o
 .debug_ranges  0x00000380       0xa0 build/stm32f1xx_hal_rcc.o
 .debug_ranges  0x00000420       0x48 build/stm32f1xx_hal_gpio.o
 .debug_ranges  0x00000468       0x70 build/stm32f1xx_hal_dma.o
 .debug_ranges  0x000004d8       0xe0 build/stm32f1xx_hal_cortex.o
 .debug_ranges  0x000005b8       0x20 build/startup_stm32f103xe.o

.debug_line     0x00000000     0x357d
 .debug_line    0x00000000      0x35c build/main.o
 .debug_line    0x0000035c      0x1ef build/gpio.o
 .debug_line    0x0000054b      0x1e9 build/dma.o
 .debug_line    0x00000734      0x2cc build/usart.o
 .debug_line    0x00000a00      0x29b build/stm32f1xx_it.o
 .debug_line    0x00000c9b      0x1de build/stm32f1xx_hal_msp.o
 .debug_line    0x00000e79      0x229 build/system_stm32f1xx.o
 .debug_line    0x000010a2      0xb73 build/stm32f1xx_hal_uart.o
 .debug_line    0x00001c15      0x3f2 build/stm32f1xx_hal.o
 .debug_line    0x00002007      0x539 build/stm32f1xx_hal_rcc.o
 .debug_line    0x00002540      0x3d7 build/stm32f1xx_hal_gpio.o
 .debug_line    0x00002917      0x816 build/stm32f1xx_hal_dma.o
 .debug_line    0x0000312d      0x3de build/stm32f1xx_hal_cortex.o
 .debug_line    0x0000350b       0x72 build/startup_stm32f103xe.o

.debug_str      0x00000000     0x2219
 .debug_str     0x00000000      0xb1f build/main.o
                                0xbdc (size before relaxing)
 .debug_str     0x00000b1f       0xb9 build/gpio.o
                                0x325 (size before relaxing)
 .debug_str     0x00000bd8      0x3eb build/dma.o
                                0x66c (size before relaxing)
 .debug_str     0x00000fc3       0xab build/usart.o
                                0x76c (size before relaxing)
 .debug_str     0x0000106e       0xdb build/stm32f1xx_it.o
                                0x4f0 (size before relaxing)
 .debug_str     0x00001149       0x52 build/stm32f1xx_hal_msp.o
                                0x2c7 (size before relaxing)
 .debug_str     0x0000119b       0x9e build/system_stm32f1xx.o
                                0x31c (size before relaxing)
 .debug_str     0x00001239      0x592 build/stm32f1xx_hal_uart.o
                                0xc26 (size before relaxing)
 .debug_str     0x000017cb      0x252 build/stm32f1xx_hal.o
                                0x91e (size before relaxing)
 .debug_str     0x00001a1d      0x1bc build/stm32f1xx_hal_rcc.o
                                0x68f (size before relaxing)
 .debug_str     0x00001bd9      0x104 build/stm32f1xx_hal_gpio.o
                                0x4ad (size before relaxing)
 .debug_str     0x00001cdd      0x1c7 build/stm32f1xx_hal_dma.o
                                0x6aa (size before relaxing)
 .debug_str     0x00001ea4      0x351 build/stm32f1xx_hal_cortex.o
                                0xa40 (size before relaxing)
 .debug_str     0x000021f5       0x24 build/startup_stm32f103xe.o
                                 0x42 (size before relaxing)

.comment        0x00000000       0x7f
 .comment       0x00000000       0x7f build/main.o
                                 0x80 (size before relaxing)
 .comment       0x0000007f       0x80 build/gpio.o
 .comment       0x0000007f       0x80 build/dma.o
 .comment       0x0000007f       0x80 build/usart.o
 .comment       0x0000007f       0x80 build/stm32f1xx_it.o
 .comment       0x0000007f       0x80 build/stm32f1xx_hal_msp.o
 .comment       0x0000007f       0x80 build/system_stm32f1xx.o
 .comment       0x0000007f       0x80 build/stm32f1xx_hal_uart.o
 .comment       0x0000007f       0x80 build/stm32f1xx_hal.o
 .comment       0x0000007f       0x80 build/stm32f1xx_hal_rcc.o
 .comment       0x0000007f       0x80 build/stm32f1xx_hal_gpio.o
 .comment       0x0000007f       0x80 build/stm32f1xx_hal_dma.o
 .comment       0x0000007f       0x80 build/stm32f1xx_hal_cortex.o

.debug_frame    0x00000000     0x15e8
 .debug_frame   0x00000000       0x60 build/main.o
 .debug_frame   0x00000060       0x34 build/gpio.o
 .debug_frame   0x00000094       0x2c build/dma.o
 .debug_frame   0x000000c0       0xb0 build/usart.o
 .debug_frame   0x00000170       0xc8 build/stm32f1xx_it.o
 .debug_frame   0x00000238       0x28 build/stm32f1xx_hal_msp.o
 .debug_frame   0x00000260       0x30 build/system_stm32f1xx.o
 .debug_frame   0x00000290      0x570 build/stm32f1xx_hal_uart.o
 .debug_frame   0x00000800      0x1e4 build/stm32f1xx_hal.o
 .debug_frame   0x000009e4      0x1cc build/stm32f1xx_hal_rcc.o
 .debug_frame   0x00000bb0      0x104 build/stm32f1xx_hal_gpio.o
 .debug_frame   0x00000cb4      0x168 build/stm32f1xx_hal_dma.o
 .debug_frame   0x00000e1c      0x13c build/stm32f1xx_hal_cortex.o
 .debug_frame   0x00000f58       0x2c d:/gcc-arm-none-eabi-8-2018-q4-major-win32/bin/../lib/gcc/arm-none-eabi/7.3.1/../../../../arm-none-eabi/lib/thumb/v7-m\libc_nano.a(lib_a-init.o)
 .debug_frame   0x00000f84       0x20 d:/gcc-arm-none-eabi-8-2018-q4-major-win32/bin/../lib/gcc/arm-none-eabi/7.3.1/../../../../arm-none-eabi/lib/thumb/v7-m\libc_nano.a(lib_a-memset.o)
 .debug_frame   0x00000fa4       0x3c d:/gcc-arm-none-eabi-8-2018-q4-major-win32/bin/../lib/gcc/arm-none-eabi/7.3.1/../../../../arm-none-eabi/lib/thumb/v7-m\libc_nano.a(lib_a-puts.o)
 .debug_frame   0x00000fe0       0x40 d:/gcc-arm-none-eabi-8-2018-q4-major-win32/bin/../lib/gcc/arm-none-eabi/7.3.1/../../../../arm-none-eabi/lib/thumb/v7-m\libc_nano.a(lib_a-wbuf.o)
 .debug_frame   0x00001020       0x2c d:/gcc-arm-none-eabi-8-2018-q4-major-win32/bin/../lib/gcc/arm-none-eabi/7.3.1/../../../../arm-none-eabi/lib/thumb/v7-m\libc_nano.a(lib_a-wsetup.o)
 .debug_frame   0x0000104c       0x68 d:/gcc-arm-none-eabi-8-2018-q4-major-win32/bin/../lib/gcc/arm-none-eabi/7.3.1/../../../../arm-none-eabi/lib/thumb/v7-m\libc_nano.a(lib_a-fflush.o)
 .debug_frame   0x000010b4      0x11c d:/gcc-arm-none-eabi-8-2018-q4-major-win32/bin/../lib/gcc/arm-none-eabi/7.3.1/../../../../arm-none-eabi/lib/thumb/v7-m\libc_nano.a(lib_a-findfp.o)
 .debug_frame   0x000011d0       0x54 d:/gcc-arm-none-eabi-8-2018-q4-major-win32/bin/../lib/gcc/arm-none-eabi/7.3.1/../../../../arm-none-eabi/lib/thumb/v7-m\libc_nano.a(lib_a-fwalk.o)
 .debug_frame   0x00001224       0x58 d:/gcc-arm-none-eabi-8-2018-q4-major-win32/bin/../lib/gcc/arm-none-eabi/7.3.1/../../../../arm-none-eabi/lib/thumb/v7-m\libc_nano.a(lib_a-makebuf.o)
 .debug_frame   0x0000127c       0x38 d:/gcc-arm-none-eabi-8-2018-q4-major-win32/bin/../lib/gcc/arm-none-eabi/7.3.1/../../../../arm-none-eabi/lib/thumb/v7-m\libc_nano.a(lib_a-nano-freer.o)
 .debug_frame   0x000012b4       0x2c d:/gcc-arm-none-eabi-8-2018-q4-major-win32/bin/../lib/gcc/arm-none-eabi/7.3.1/../../../../arm-none-eabi/lib/thumb/v7-m\libc_nano.a(lib_a-nano-mallocr.o)
 .debug_frame   0x000012e0       0x2c d:/gcc-arm-none-eabi-8-2018-q4-major-win32/bin/../lib/gcc/arm-none-eabi/7.3.1/../../../../arm-none-eabi/lib/thumb/v7-m\libc_nano.a(lib_a-sbrkr.o)
 .debug_frame   0x0000130c       0x88 d:/gcc-arm-none-eabi-8-2018-q4-major-win32/bin/../lib/gcc/arm-none-eabi/7.3.1/../../../../arm-none-eabi/lib/thumb/v7-m\libc_nano.a(lib_a-stdio.o)
 .debug_frame   0x00001394       0x2c d:/gcc-arm-none-eabi-8-2018-q4-major-win32/bin/../lib/gcc/arm-none-eabi/7.3.1/../../../../arm-none-eabi/lib/thumb/v7-m\libc_nano.a(lib_a-writer.o)
 .debug_frame   0x000013c0       0x2c d:/gcc-arm-none-eabi-8-2018-q4-major-win32/bin/../lib/gcc/arm-none-eabi/7.3.1/../../../../arm-none-eabi/lib/thumb/v7-m\libc_nano.a(lib_a-closer.o)
 .debug_frame   0x000013ec       0x2c d:/gcc-arm-none-eabi-8-2018-q4-major-win32/bin/../lib/gcc/arm-none-eabi/7.3.1/../../../../arm-none-eabi/lib/thumb/v7-m\libc_nano.a(lib_a-fstatr.o)
 .debug_frame   0x00001418       0x2c d:/gcc-arm-none-eabi-8-2018-q4-major-win32/bin/../lib/gcc/arm-none-eabi/7.3.1/../../../../arm-none-eabi/lib/thumb/v7-m\libc_nano.a(lib_a-isattyr.o)
 .debug_frame   0x00001444       0x2c d:/gcc-arm-none-eabi-8-2018-q4-major-win32/bin/../lib/gcc/arm-none-eabi/7.3.1/../../../../arm-none-eabi/lib/thumb/v7-m\libc_nano.a(lib_a-lseekr.o)
 .debug_frame   0x00001470       0x30 d:/gcc-arm-none-eabi-8-2018-q4-major-win32/bin/../lib/gcc/arm-none-eabi/7.3.1/../../../../arm-none-eabi/lib/thumb/v7-m\libc_nano.a(lib_a-mlock.o)
 .debug_frame   0x000014a0       0x2c d:/gcc-arm-none-eabi-8-2018-q4-major-win32/bin/../lib/gcc/arm-none-eabi/7.3.1/../../../../arm-none-eabi/lib/thumb/v7-m\libc_nano.a(lib_a-readr.o)
 .debug_frame   0x000014cc       0x5c d:/gcc-arm-none-eabi-8-2018-q4-major-win32/bin/../lib/gcc/arm-none-eabi/7.3.1/../../../../arm-none-eabi/lib/thumb/v7-m\libc_nano.a(lib_a-reent.o)
 .debug_frame   0x00001528       0x20 d:/gcc-arm-none-eabi-8-2018-q4-major-win32/bin/../lib/gcc/arm-none-eabi/7.3.1/../../../../arm-none-eabi/lib/thumb/v7-m\libnosys.a(close.o)
 .debug_frame   0x00001548       0x20 d:/gcc-arm-none-eabi-8-2018-q4-major-win32/bin/../lib/gcc/arm-none-eabi/7.3.1/../../../../arm-none-eabi/lib/thumb/v7-m\libnosys.a(fstat.o)
 .debug_frame   0x00001568       0x20 d:/gcc-arm-none-eabi-8-2018-q4-major-win32/bin/../lib/gcc/arm-none-eabi/7.3.1/../../../../arm-none-eabi/lib/thumb/v7-m\libnosys.a(isatty.o)
 .debug_frame   0x00001588       0x20 d:/gcc-arm-none-eabi-8-2018-q4-major-win32/bin/../lib/gcc/arm-none-eabi/7.3.1/../../../../arm-none-eabi/lib/thumb/v7-m\libnosys.a(lseek.o)
 .debug_frame   0x000015a8       0x20 d:/gcc-arm-none-eabi-8-2018-q4-major-win32/bin/../lib/gcc/arm-none-eabi/7.3.1/../../../../arm-none-eabi/lib/thumb/v7-m\libnosys.a(read.o)
 .debug_frame   0x000015c8       0x20 d:/gcc-arm-none-eabi-8-2018-q4-major-win32/bin/../lib/gcc/arm-none-eabi/7.3.1/../../../../arm-none-eabi/lib/thumb/v7-m\libnosys.a(sbrk.o)

.stab           0x00000000       0x84
 .stab          0x00000000       0x24 d:/gcc-arm-none-eabi-8-2018-q4-major-win32/bin/../lib/gcc/arm-none-eabi/7.3.1/../../../../arm-none-eabi/lib/thumb/v7-m\libnosys.a(close.o)
 .stab          0x00000024       0x18 d:/gcc-arm-none-eabi-8-2018-q4-major-win32/bin/../lib/gcc/arm-none-eabi/7.3.1/../../../../arm-none-eabi/lib/thumb/v7-m\libnosys.a(fstat.o)
                                 0x24 (size before relaxing)
 .stab          0x0000003c       0x18 d:/gcc-arm-none-eabi-8-2018-q4-major-win32/bin/../lib/gcc/arm-none-eabi/7.3.1/../../../../arm-none-eabi/lib/thumb/v7-m\libnosys.a(isatty.o)
                                 0x24 (size before relaxing)
 .stab          0x00000054       0x18 d:/gcc-arm-none-eabi-8-2018-q4-major-win32/bin/../lib/gcc/arm-none-eabi/7.3.1/../../../../arm-none-eabi/lib/thumb/v7-m\libnosys.a(lseek.o)
                                 0x24 (size before relaxing)
 .stab          0x0000006c       0x18 d:/gcc-arm-none-eabi-8-2018-q4-major-win32/bin/../lib/gcc/arm-none-eabi/7.3.1/../../../../arm-none-eabi/lib/thumb/v7-m\libnosys.a(read.o)
                                 0x24 (size before relaxing)

.stabstr        0x00000000      0x117
 .stabstr       0x00000000      0x117 d:/gcc-arm-none-eabi-8-2018-q4-major-win32/bin/../lib/gcc/arm-none-eabi/7.3.1/../../../../arm-none-eabi/lib/thumb/v7-m\libnosys.a(close.o)

Cross Reference Table

Symbol                                            File
ADC1_2_IRQHandler                                 build/startup_stm32f103xe.o
ADC3_IRQHandler                                   build/startup_stm32f103xe.o
AHBPrescTable                                     build/system_stm32f1xx.o
                                                  build/stm32f1xx_hal_rcc.o
APBPrescTable                                     build/system_stm32f1xx.o
                                                  build/stm32f1xx_hal_rcc.o
BusFault_Handler                                  build/stm32f1xx_it.o
CAN1_RX1_IRQHandler                               build/startup_stm32f103xe.o
CAN1_SCE_IRQHandler                               build/startup_stm32f103xe.o
DMA1_Channel1_IRQHandler                          build/startup_stm32f103xe.o
DMA1_Channel2_IRQHandler                          build/startup_stm32f103xe.o
DMA1_Channel3_IRQHandler                          build/startup_stm32f103xe.o
DMA1_Channel4_IRQHandler                          build/stm32f1xx_it.o
DMA1_Channel5_IRQHandler                          build/startup_stm32f103xe.o
DMA1_Channel6_IRQHandler                          build/startup_stm32f103xe.o
DMA1_Channel7_IRQHandler                          build/startup_stm32f103xe.o
DMA2_Channel1_IRQHandler                          build/startup_stm32f103xe.o
DMA2_Channel2_IRQHandler                          build/startup_stm32f103xe.o
DMA2_Channel3_IRQHandler                          build/startup_stm32f103xe.o
DMA2_Channel4_5_IRQHandler                        build/startup_stm32f103xe.o
DebugMon_Handler                                  build/stm32f1xx_it.o
Default_Handler                                   build/startup_stm32f103xe.o
EXTI0_IRQHandler                                  build/startup_stm32f103xe.o
EXTI15_10_IRQHandler                              build/startup_stm32f103xe.o
EXTI1_IRQHandler                                  build/startup_stm32f103xe.o
EXTI2_IRQHandler                                  build/startup_stm32f103xe.o
EXTI3_IRQHandler                                  build/startup_stm32f103xe.o
EXTI4_IRQHandler                                  build/startup_stm32f103xe.o
EXTI9_5_IRQHandler                                build/startup_stm32f103xe.o
Error_Handler                                     build/main.o
                                                  build/usart.o
FLASH_IRQHandler                                  build/startup_stm32f103xe.o
FLASH_PageErase                                   build/stm32f1xx_hal_flash_ex.o
                                                  build/stm32f1xx_hal_flash.o
FLASH_WaitForLastOperation                        build/stm32f1xx_hal_flash.o
                                                  build/stm32f1xx_hal_flash_ex.o
FSMC_IRQHandler                                   build/startup_stm32f103xe.o
HAL_DBGMCU_DisableDBGSleepMode                    build/stm32f1xx_hal.o
HAL_DBGMCU_DisableDBGStandbyMode                  build/stm32f1xx_hal.o
HAL_DBGMCU_DisableDBGStopMode                     build/stm32f1xx_hal.o
HAL_DBGMCU_EnableDBGSleepMode                     build/stm32f1xx_hal.o
HAL_DBGMCU_EnableDBGStandbyMode                   build/stm32f1xx_hal.o
HAL_DBGMCU_EnableDBGStopMode                      build/stm32f1xx_hal.o
HAL_DMA_Abort                                     build/stm32f1xx_hal_dma.o
                                                  build/stm32f1xx_hal_uart.o
HAL_DMA_Abort_IT                                  build/stm32f1xx_hal_dma.o
                                                  build/stm32f1xx_hal_uart.o
HAL_DMA_DeInit                                    build/stm32f1xx_hal_dma.o
                                                  build/usart.o
HAL_DMA_GetError                                  build/stm32f1xx_hal_dma.o
                                                  build/stm32f1xx_hal_uart.o
HAL_DMA_GetState                                  build/stm32f1xx_hal_dma.o
HAL_DMA_IRQHandler                                build/stm32f1xx_hal_dma.o
                                                  build/stm32f1xx_it.o
HAL_DMA_Init                                      build/stm32f1xx_hal_dma.o
                                                  build/usart.o
HAL_DMA_PollForTransfer                           build/stm32f1xx_hal_dma.o
HAL_DMA_RegisterCallback                          build/stm32f1xx_hal_dma.o
HAL_DMA_Start                                     build/stm32f1xx_hal_dma.o
HAL_DMA_Start_IT                                  build/stm32f1xx_hal_dma.o
                                                  build/stm32f1xx_hal_uart.o
HAL_DMA_UnRegisterCallback                        build/stm32f1xx_hal_dma.o
HAL_DeInit                                        build/stm32f1xx_hal.o
HAL_Delay                                         build/stm32f1xx_hal.o
                                                  build/main.o
HAL_EXTI_ClearConfigLine                          build/stm32f1xx_hal_exti.o
HAL_EXTI_ClearPending                             build/stm32f1xx_hal_exti.o
HAL_EXTI_GenerateSWI                              build/stm32f1xx_hal_exti.o
HAL_EXTI_GetConfigLine                            build/stm32f1xx_hal_exti.o
HAL_EXTI_GetHandle                                build/stm32f1xx_hal_exti.o
HAL_EXTI_GetPending                               build/stm32f1xx_hal_exti.o
HAL_EXTI_IRQHandler                               build/stm32f1xx_hal_exti.o
HAL_EXTI_RegisterCallback                         build/stm32f1xx_hal_exti.o
HAL_EXTI_SetConfigLine                            build/stm32f1xx_hal_exti.o
HAL_FLASHEx_Erase                                 build/stm32f1xx_hal_flash_ex.o
HAL_FLASHEx_Erase_IT                              build/stm32f1xx_hal_flash_ex.o
HAL_FLASHEx_OBErase                               build/stm32f1xx_hal_flash_ex.o
HAL_FLASHEx_OBGetConfig                           build/stm32f1xx_hal_flash_ex.o
HAL_FLASHEx_OBGetUserData                         build/stm32f1xx_hal_flash_ex.o
HAL_FLASHEx_OBProgram                             build/stm32f1xx_hal_flash_ex.o
HAL_FLASH_EndOfOperationCallback                  build/stm32f1xx_hal_flash.o
HAL_FLASH_GetError                                build/stm32f1xx_hal_flash.o
HAL_FLASH_IRQHandler                              build/stm32f1xx_hal_flash.o
HAL_FLASH_Lock                                    build/stm32f1xx_hal_flash.o
HAL_FLASH_OB_Launch                               build/stm32f1xx_hal_flash.o
HAL_FLASH_OB_Lock                                 build/stm32f1xx_hal_flash.o
HAL_FLASH_OB_Unlock                               build/stm32f1xx_hal_flash.o
HAL_FLASH_OperationErrorCallback                  build/stm32f1xx_hal_flash.o
HAL_FLASH_Program                                 build/stm32f1xx_hal_flash.o
HAL_FLASH_Program_IT                              build/stm32f1xx_hal_flash.o
HAL_FLASH_Unlock                                  build/stm32f1xx_hal_flash.o
HAL_GPIOEx_ConfigEventout                         build/stm32f1xx_hal_gpio_ex.o
HAL_GPIOEx_DisableEventout                        build/stm32f1xx_hal_gpio_ex.o
HAL_GPIOEx_EnableEventout                         build/stm32f1xx_hal_gpio_ex.o
HAL_GPIO_DeInit                                   build/stm32f1xx_hal_gpio.o
                                                  build/usart.o
HAL_GPIO_EXTI_Callback                            build/stm32f1xx_hal_gpio.o
HAL_GPIO_EXTI_IRQHandler                          build/stm32f1xx_hal_gpio.o
HAL_GPIO_Init                                     build/stm32f1xx_hal_gpio.o
                                                  build/stm32f1xx_hal_rcc.o
                                                  build/usart.o
                                                  build/gpio.o
HAL_GPIO_LockPin                                  build/stm32f1xx_hal_gpio.o
HAL_GPIO_ReadPin                                  build/stm32f1xx_hal_gpio.o
HAL_GPIO_TogglePin                                build/stm32f1xx_hal_gpio.o
                                                  build/main.o
HAL_GPIO_WritePin                                 build/stm32f1xx_hal_gpio.o
                                                  build/gpio.o
HAL_GetDEVID                                      build/stm32f1xx_hal.o
HAL_GetHalVersion                                 build/stm32f1xx_hal.o
HAL_GetREVID                                      build/stm32f1xx_hal.o
HAL_GetTick                                       build/stm32f1xx_hal.o
                                                  build/stm32f1xx_hal_flash.o
                                                  build/stm32f1xx_hal_dma.o
                                                  build/stm32f1xx_hal_rcc_ex.o
                                                  build/stm32f1xx_hal_rcc.o
                                                  build/stm32f1xx_hal_uart.o
HAL_GetTickFreq                                   build/stm32f1xx_hal.o
HAL_GetTickPrio                                   build/stm32f1xx_hal.o
HAL_GetUIDw0                                      build/stm32f1xx_hal.o
HAL_GetUIDw1                                      build/stm32f1xx_hal.o
HAL_GetUIDw2                                      build/stm32f1xx_hal.o
HAL_HalfDuplex_EnableReceiver                     build/stm32f1xx_hal_uart.o
HAL_HalfDuplex_EnableTransmitter                  build/stm32f1xx_hal_uart.o
HAL_HalfDuplex_Init                               build/stm32f1xx_hal_uart.o
HAL_IncTick                                       build/stm32f1xx_hal.o
                                                  build/stm32f1xx_it.o
HAL_Init                                          build/stm32f1xx_hal.o
                                                  build/main.o
HAL_InitTick                                      build/stm32f1xx_hal.o
                                                  build/stm32f1xx_hal_rcc.o
HAL_LIN_Init                                      build/stm32f1xx_hal_uart.o
HAL_LIN_SendBreak                                 build/stm32f1xx_hal_uart.o
HAL_MspDeInit                                     build/stm32f1xx_hal.o
HAL_MspInit                                       build/stm32f1xx_hal_msp.o
HAL_MultiProcessor_EnterMuteMode                  build/stm32f1xx_hal_uart.o
HAL_MultiProcessor_ExitMuteMode                   build/stm32f1xx_hal_uart.o
HAL_MultiProcessor_Init                           build/stm32f1xx_hal_uart.o
HAL_NVIC_ClearPendingIRQ                          build/stm32f1xx_hal_cortex.o
HAL_NVIC_DisableIRQ                               build/stm32f1xx_hal_cortex.o
HAL_NVIC_EnableIRQ                                build/stm32f1xx_hal_cortex.o
                                                  build/dma.o
HAL_NVIC_GetActive                                build/stm32f1xx_hal_cortex.o
HAL_NVIC_GetPendingIRQ                            build/stm32f1xx_hal_cortex.o
HAL_NVIC_GetPriority                              build/stm32f1xx_hal_cortex.o
HAL_NVIC_GetPriorityGrouping                      build/stm32f1xx_hal_cortex.o
HAL_NVIC_SetPendingIRQ                            build/stm32f1xx_hal_cortex.o
HAL_NVIC_SetPriority                              build/stm32f1xx_hal_cortex.o
                                                  build/stm32f1xx_hal.o
                                                  build/dma.o
HAL_NVIC_SetPriorityGrouping                      build/stm32f1xx_hal_cortex.o
                                                  build/stm32f1xx_hal.o
HAL_NVIC_SystemReset                              build/stm32f1xx_hal_cortex.o
                                                  build/stm32f1xx_hal_flash.o
HAL_PWR_ConfigPVD                                 build/stm32f1xx_hal_pwr.o
HAL_PWR_DeInit                                    build/stm32f1xx_hal_pwr.o
HAL_PWR_DisableBkUpAccess                         build/stm32f1xx_hal_pwr.o
HAL_PWR_DisablePVD                                build/stm32f1xx_hal_pwr.o
HAL_PWR_DisableSEVOnPend                          build/stm32f1xx_hal_pwr.o
HAL_PWR_DisableSleepOnExit                        build/stm32f1xx_hal_pwr.o
HAL_PWR_DisableWakeUpPin                          build/stm32f1xx_hal_pwr.o
HAL_PWR_EnableBkUpAccess                          build/stm32f1xx_hal_pwr.o
HAL_PWR_EnablePVD                                 build/stm32f1xx_hal_pwr.o
HAL_PWR_EnableSEVOnPend                           build/stm32f1xx_hal_pwr.o
HAL_PWR_EnableSleepOnExit                         build/stm32f1xx_hal_pwr.o
HAL_PWR_EnableWakeUpPin                           build/stm32f1xx_hal_pwr.o
HAL_PWR_EnterSLEEPMode                            build/stm32f1xx_hal_pwr.o
HAL_PWR_EnterSTANDBYMode                          build/stm32f1xx_hal_pwr.o
HAL_PWR_EnterSTOPMode                             build/stm32f1xx_hal_pwr.o
HAL_PWR_PVDCallback                               build/stm32f1xx_hal_pwr.o
HAL_PWR_PVD_IRQHandler                            build/stm32f1xx_hal_pwr.o
HAL_RCCEx_GetPeriphCLKConfig                      build/stm32f1xx_hal_rcc_ex.o
HAL_RCCEx_GetPeriphCLKFreq                        build/stm32f1xx_hal_rcc_ex.o
HAL_RCCEx_PeriphCLKConfig                         build/stm32f1xx_hal_rcc_ex.o
HAL_RCC_CSSCallback                               build/stm32f1xx_hal_rcc.o
HAL_RCC_ClockConfig                               build/stm32f1xx_hal_rcc.o
                                                  build/main.o
HAL_RCC_DeInit                                    build/stm32f1xx_hal_rcc.o
HAL_RCC_DisableCSS                                build/stm32f1xx_hal_rcc.o
HAL_RCC_EnableCSS                                 build/stm32f1xx_hal_rcc.o
HAL_RCC_GetClockConfig                            build/stm32f1xx_hal_rcc.o
HAL_RCC_GetHCLKFreq                               build/stm32f1xx_hal_rcc.o
HAL_RCC_GetOscConfig                              build/stm32f1xx_hal_rcc.o
HAL_RCC_GetPCLK1Freq                              build/stm32f1xx_hal_rcc.o
                                                  build/stm32f1xx_hal_uart.o
HAL_RCC_GetPCLK2Freq                              build/stm32f1xx_hal_rcc.o
                                                  build/stm32f1xx_hal_rcc_ex.o
                                                  build/stm32f1xx_hal_uart.o
HAL_RCC_GetSysClockFreq                           build/stm32f1xx_hal_rcc.o
                                                  build/stm32f1xx_hal_rcc_ex.o
HAL_RCC_MCOConfig                                 build/stm32f1xx_hal_rcc.o
HAL_RCC_NMI_IRQHandler                            build/stm32f1xx_hal_rcc.o
HAL_RCC_OscConfig                                 build/stm32f1xx_hal_rcc.o
                                                  build/main.o
HAL_ResumeTick                                    build/stm32f1xx_hal.o
HAL_SYSTICK_CLKSourceConfig                       build/stm32f1xx_hal_cortex.o
HAL_SYSTICK_Callback                              build/stm32f1xx_hal_cortex.o
HAL_SYSTICK_Config                                build/stm32f1xx_hal_cortex.o
                                                  build/stm32f1xx_hal.o
HAL_SYSTICK_IRQHandler                            build/stm32f1xx_hal_cortex.o
HAL_SetTickFreq                                   build/stm32f1xx_hal.o
HAL_SuspendTick                                   build/stm32f1xx_hal.o
HAL_UART_Abort                                    build/stm32f1xx_hal_uart.o
HAL_UART_AbortCpltCallback                        build/stm32f1xx_hal_uart.o
HAL_UART_AbortReceive                             build/stm32f1xx_hal_uart.o
HAL_UART_AbortReceiveCpltCallback                 build/stm32f1xx_hal_uart.o
HAL_UART_AbortReceive_IT                          build/stm32f1xx_hal_uart.o
HAL_UART_AbortTransmit                            build/stm32f1xx_hal_uart.o
HAL_UART_AbortTransmitCpltCallback                build/stm32f1xx_hal_uart.o
HAL_UART_AbortTransmit_IT                         build/stm32f1xx_hal_uart.o
HAL_UART_Abort_IT                                 build/stm32f1xx_hal_uart.o
HAL_UART_DMAPause                                 build/stm32f1xx_hal_uart.o
HAL_UART_DMAResume                                build/stm32f1xx_hal_uart.o
HAL_UART_DMAStop                                  build/stm32f1xx_hal_uart.o
HAL_UART_DeInit                                   build/stm32f1xx_hal_uart.o
HAL_UART_ErrorCallback                            build/stm32f1xx_hal_uart.o
HAL_UART_GetError                                 build/stm32f1xx_hal_uart.o
HAL_UART_GetState                                 build/stm32f1xx_hal_uart.o
HAL_UART_IRQHandler                               build/stm32f1xx_hal_uart.o
HAL_UART_Init                                     build/stm32f1xx_hal_uart.o
                                                  build/usart.o
HAL_UART_MspDeInit                                build/usart.o
HAL_UART_MspInit                                  build/usart.o
HAL_UART_Receive                                  build/stm32f1xx_hal_uart.o
HAL_UART_Receive_DMA                              build/stm32f1xx_hal_uart.o
HAL_UART_Receive_IT                               build/stm32f1xx_hal_uart.o
HAL_UART_RxCpltCallback                           build/stm32f1xx_hal_uart.o
HAL_UART_RxHalfCpltCallback                       build/stm32f1xx_hal_uart.o
HAL_UART_Transmit                                 build/stm32f1xx_hal_uart.o
                                                  build/usart.o
HAL_UART_Transmit_DMA                             build/stm32f1xx_hal_uart.o
                                                  build/main.o
HAL_UART_Transmit_IT                              build/stm32f1xx_hal_uart.o
HAL_UART_TxCpltCallback                           build/stm32f1xx_hal_uart.o
HAL_UART_TxHalfCpltCallback                       build/stm32f1xx_hal_uart.o
HardFault_Handler                                 build/stm32f1xx_it.o
I2C1_ER_IRQHandler                                build/startup_stm32f103xe.o
I2C1_EV_IRQHandler                                build/startup_stm32f103xe.o
I2C2_ER_IRQHandler                                build/startup_stm32f103xe.o
I2C2_EV_IRQHandler                                build/startup_stm32f103xe.o
MX_DMA_Init                                       build/dma.o
                                                  build/main.o
MX_GPIO_Init                                      build/gpio.o
                                                  build/main.o
MX_USART1_UART_Init                               build/usart.o
                                                  build/main.o
MemManage_Handler                                 build/stm32f1xx_it.o
NMI_Handler                                       build/stm32f1xx_it.o
PVD_IRQHandler                                    build/startup_stm32f103xe.o
PendSV_Handler                                    build/stm32f1xx_it.o
RCC_IRQHandler                                    build/startup_stm32f103xe.o
RTC_Alarm_IRQHandler                              build/startup_stm32f103xe.o
RTC_IRQHandler                                    build/startup_stm32f103xe.o
Reset_Handler                                     build/startup_stm32f103xe.o
SDIO_IRQHandler                                   build/startup_stm32f103xe.o
SPI1_IRQHandler                                   build/startup_stm32f103xe.o
SPI2_IRQHandler                                   build/startup_stm32f103xe.o
SPI3_IRQHandler                                   build/startup_stm32f103xe.o
SVC_Handler                                       build/stm32f1xx_it.o
SendBuff                                          build/main.o
SysTick_Handler                                   build/stm32f1xx_it.o
SystemClock_Config                                build/main.o
SystemCoreClock                                   build/system_stm32f1xx.o
                                                  build/stm32f1xx_hal_rcc.o
                                                  build/stm32f1xx_hal.o
SystemCoreClockUpdate                             build/system_stm32f1xx.o
SystemInit                                        build/system_stm32f1xx.o
                                                  build/startup_stm32f103xe.o
TAMPER_IRQHandler                                 build/startup_stm32f103xe.o
TIM1_BRK_IRQHandler                               build/startup_stm32f103xe.o
TIM1_CC_IRQHandler                                build/startup_stm32f103xe.o
TIM1_TRG_COM_IRQHandler                           build/startup_stm32f103xe.o
TIM1_UP_IRQHandler                                build/startup_stm32f103xe.o
TIM2_IRQHandler                                   build/startup_stm32f103xe.o
TIM3_IRQHandler                                   build/startup_stm32f103xe.o
TIM4_IRQHandler                                   build/startup_stm32f103xe.o
TIM5_IRQHandler                                   build/startup_stm32f103xe.o
TIM6_IRQHandler                                   build/startup_stm32f103xe.o
TIM7_IRQHandler                                   build/startup_stm32f103xe.o
TIM8_BRK_IRQHandler                               build/startup_stm32f103xe.o
TIM8_CC_IRQHandler                                build/startup_stm32f103xe.o
TIM8_TRG_COM_IRQHandler                           build/startup_stm32f103xe.o
TIM8_UP_IRQHandler                                build/startup_stm32f103xe.o
UART4_IRQHandler                                  build/startup_stm32f103xe.o
UART5_IRQHandler                                  build/startup_stm32f103xe.o
USART1_IRQHandler                                 build/startup_stm32f103xe.o
USART2_IRQHandler                                 build/startup_stm32f103xe.o
USART3_IRQHandler                                 build/startup_stm32f103xe.o
USBWakeUp_IRQHandler                              build/startup_stm32f103xe.o
USB_HP_CAN1_TX_IRQHandler                         build/startup_stm32f103xe.o
USB_LP_CAN1_RX0_IRQHandler                        build/startup_stm32f103xe.o
UsageFault_Handler                                build/stm32f1xx_it.o
WWDG_IRQHandler                                   build/startup_stm32f103xe.o
__bss_end__                                       d:/gcc-arm-none-eabi-8-2018-q4-major-win32/bin/../lib/gcc/arm-none-eabi/7.3.1/../../../../arm-none-eabi/lib/thumb/v7-m/crt0.o
__bss_start__                                     d:/gcc-arm-none-eabi-8-2018-q4-major-win32/bin/../lib/gcc/arm-none-eabi/7.3.1/../../../../arm-none-eabi/lib/thumb/v7-m/crt0.o
__call_exitprocs                                  d:/gcc-arm-none-eabi-8-2018-q4-major-win32/bin/../lib/gcc/arm-none-eabi/7.3.1/../../../../arm-none-eabi/lib/thumb/v7-m\libc_nano.a(lib_a-exit.o)
__deregister_frame_info                           d:/gcc-arm-none-eabi-8-2018-q4-major-win32/bin/../lib/gcc/arm-none-eabi/7.3.1/thumb/v7-m/crtbegin.o
__dso_handle                                      d:/gcc-arm-none-eabi-8-2018-q4-major-win32/bin/../lib/gcc/arm-none-eabi/7.3.1/thumb/v7-m/crtbegin.o
__fp_lock_all                                     d:/gcc-arm-none-eabi-8-2018-q4-major-win32/bin/../lib/gcc/arm-none-eabi/7.3.1/../../../../arm-none-eabi/lib/thumb/v7-m\libc_nano.a(lib_a-findfp.o)
__fp_unlock_all                                   d:/gcc-arm-none-eabi-8-2018-q4-major-win32/bin/../lib/gcc/arm-none-eabi/7.3.1/../../../../arm-none-eabi/lib/thumb/v7-m\libc_nano.a(lib_a-findfp.o)
__init_array_end                                  d:/gcc-arm-none-eabi-8-2018-q4-major-win32/bin/../lib/gcc/arm-none-eabi/7.3.1/../../../../arm-none-eabi/lib/thumb/v7-m\libc_nano.a(lib_a-init.o)
__init_array_start                                d:/gcc-arm-none-eabi-8-2018-q4-major-win32/bin/../lib/gcc/arm-none-eabi/7.3.1/../../../../arm-none-eabi/lib/thumb/v7-m\libc_nano.a(lib_a-init.o)
__io_putchar                                      build/usart.o
__libc_fini_array                                 d:/gcc-arm-none-eabi-8-2018-q4-major-win32/bin/../lib/gcc/arm-none-eabi/7.3.1/../../../../arm-none-eabi/lib/thumb/v7-m/crt0.o
__libc_init_array                                 d:/gcc-arm-none-eabi-8-2018-q4-major-win32/bin/../lib/gcc/arm-none-eabi/7.3.1/../../../../arm-none-eabi/lib/thumb/v7-m\libc_nano.a(lib_a-init.o)
                                                  build/startup_stm32f103xe.o
                                                  d:/gcc-arm-none-eabi-8-2018-q4-major-win32/bin/../lib/gcc/arm-none-eabi/7.3.1/../../../../arm-none-eabi/lib/thumb/v7-m/crt0.o
__malloc_free_list                                d:/gcc-arm-none-eabi-8-2018-q4-major-win32/bin/../lib/gcc/arm-none-eabi/7.3.1/../../../../arm-none-eabi/lib/thumb/v7-m\libc_nano.a(lib_a-nano-mallocr.o)
                                                  d:/gcc-arm-none-eabi-8-2018-q4-major-win32/bin/../lib/gcc/arm-none-eabi/7.3.1/../../../../arm-none-eabi/lib/thumb/v7-m\libc_nano.a(lib_a-nano-freer.o)
__malloc_lock                                     d:/gcc-arm-none-eabi-8-2018-q4-major-win32/bin/../lib/gcc/arm-none-eabi/7.3.1/../../../../arm-none-eabi/lib/thumb/v7-m\libc_nano.a(lib_a-mlock.o)
                                                  d:/gcc-arm-none-eabi-8-2018-q4-major-win32/bin/../lib/gcc/arm-none-eabi/7.3.1/../../../../arm-none-eabi/lib/thumb/v7-m\libc_nano.a(lib_a-nano-mallocr.o)
                                                  d:/gcc-arm-none-eabi-8-2018-q4-major-win32/bin/../lib/gcc/arm-none-eabi/7.3.1/../../../../arm-none-eabi/lib/thumb/v7-m\libc_nano.a(lib_a-nano-freer.o)
__malloc_sbrk_start                               d:/gcc-arm-none-eabi-8-2018-q4-major-win32/bin/../lib/gcc/arm-none-eabi/7.3.1/../../../../arm-none-eabi/lib/thumb/v7-m\libc_nano.a(lib_a-nano-mallocr.o)
__malloc_unlock                                   d:/gcc-arm-none-eabi-8-2018-q4-major-win32/bin/../lib/gcc/arm-none-eabi/7.3.1/../../../../arm-none-eabi/lib/thumb/v7-m\libc_nano.a(lib_a-mlock.o)
                                                  d:/gcc-arm-none-eabi-8-2018-q4-major-win32/bin/../lib/gcc/arm-none-eabi/7.3.1/../../../../arm-none-eabi/lib/thumb/v7-m\libc_nano.a(lib_a-nano-mallocr.o)
                                                  d:/gcc-arm-none-eabi-8-2018-q4-major-win32/bin/../lib/gcc/arm-none-eabi/7.3.1/../../../../arm-none-eabi/lib/thumb/v7-m\libc_nano.a(lib_a-nano-freer.o)
__preinit_array_end                               d:/gcc-arm-none-eabi-8-2018-q4-major-win32/bin/../lib/gcc/arm-none-eabi/7.3.1/../../../../arm-none-eabi/lib/thumb/v7-m\libc_nano.a(lib_a-init.o)
__preinit_array_start                             d:/gcc-arm-none-eabi-8-2018-q4-major-win32/bin/../lib/gcc/arm-none-eabi/7.3.1/../../../../arm-none-eabi/lib/thumb/v7-m\libc_nano.a(lib_a-init.o)
__register_frame_info                             d:/gcc-arm-none-eabi-8-2018-q4-major-win32/bin/../lib/gcc/arm-none-eabi/7.3.1/thumb/v7-m/crtbegin.o
__sclose                                          d:/gcc-arm-none-eabi-8-2018-q4-major-win32/bin/../lib/gcc/arm-none-eabi/7.3.1/../../../../arm-none-eabi/lib/thumb/v7-m\libc_nano.a(lib_a-stdio.o)
                                                  d:/gcc-arm-none-eabi-8-2018-q4-major-win32/bin/../lib/gcc/arm-none-eabi/7.3.1/../../../../arm-none-eabi/lib/thumb/v7-m\libc_nano.a(lib_a-findfp.o)
__seofread                                        d:/gcc-arm-none-eabi-8-2018-q4-major-win32/bin/../lib/gcc/arm-none-eabi/7.3.1/../../../../arm-none-eabi/lib/thumb/v7-m\libc_nano.a(lib_a-stdio.o)
__sf_fake_stderr                                  d:/gcc-arm-none-eabi-8-2018-q4-major-win32/bin/../lib/gcc/arm-none-eabi/7.3.1/../../../../arm-none-eabi/lib/thumb/v7-m\libc_nano.a(lib_a-findfp.o)
                                                  d:/gcc-arm-none-eabi-8-2018-q4-major-win32/bin/../lib/gcc/arm-none-eabi/7.3.1/../../../../arm-none-eabi/lib/thumb/v7-m\libc_nano.a(lib_a-fflush.o)
                                                  d:/gcc-arm-none-eabi-8-2018-q4-major-win32/bin/../lib/gcc/arm-none-eabi/7.3.1/../../../../arm-none-eabi/lib/thumb/v7-m\libc_nano.a(lib_a-wsetup.o)
                                                  d:/gcc-arm-none-eabi-8-2018-q4-major-win32/bin/../lib/gcc/arm-none-eabi/7.3.1/../../../../arm-none-eabi/lib/thumb/v7-m\libc_nano.a(lib_a-wbuf.o)
                                                  d:/gcc-arm-none-eabi-8-2018-q4-major-win32/bin/../lib/gcc/arm-none-eabi/7.3.1/../../../../arm-none-eabi/lib/thumb/v7-m\libc_nano.a(lib_a-puts.o)
                                                  d:/gcc-arm-none-eabi-8-2018-q4-major-win32/bin/../lib/gcc/arm-none-eabi/7.3.1/../../../../arm-none-eabi/lib/thumb/v7-m\libc_nano.a(lib_a-impure.o)
__sf_fake_stdin                                   d:/gcc-arm-none-eabi-8-2018-q4-major-win32/bin/../lib/gcc/arm-none-eabi/7.3.1/../../../../arm-none-eabi/lib/thumb/v7-m\libc_nano.a(lib_a-findfp.o)
                                                  d:/gcc-arm-none-eabi-8-2018-q4-major-win32/bin/../lib/gcc/arm-none-eabi/7.3.1/../../../../arm-none-eabi/lib/thumb/v7-m\libc_nano.a(lib_a-fflush.o)
                                                  d:/gcc-arm-none-eabi-8-2018-q4-major-win32/bin/../lib/gcc/arm-none-eabi/7.3.1/../../../../arm-none-eabi/lib/thumb/v7-m\libc_nano.a(lib_a-wsetup.o)
                                                  d:/gcc-arm-none-eabi-8-2018-q4-major-win32/bin/../lib/gcc/arm-none-eabi/7.3.1/../../../../arm-none-eabi/lib/thumb/v7-m\libc_nano.a(lib_a-wbuf.o)
                                                  d:/gcc-arm-none-eabi-8-2018-q4-major-win32/bin/../lib/gcc/arm-none-eabi/7.3.1/../../../../arm-none-eabi/lib/thumb/v7-m\libc_nano.a(lib_a-puts.o)
                                                  d:/gcc-arm-none-eabi-8-2018-q4-major-win32/bin/../lib/gcc/arm-none-eabi/7.3.1/../../../../arm-none-eabi/lib/thumb/v7-m\libc_nano.a(lib_a-impure.o)
__sf_fake_stdout                                  d:/gcc-arm-none-eabi-8-2018-q4-major-win32/bin/../lib/gcc/arm-none-eabi/7.3.1/../../../../arm-none-eabi/lib/thumb/v7-m\libc_nano.a(lib_a-findfp.o)
                                                  d:/gcc-arm-none-eabi-8-2018-q4-major-win32/bin/../lib/gcc/arm-none-eabi/7.3.1/../../../../arm-none-eabi/lib/thumb/v7-m\libc_nano.a(lib_a-fflush.o)
                                                  d:/gcc-arm-none-eabi-8-2018-q4-major-win32/bin/../lib/gcc/arm-none-eabi/7.3.1/../../../../arm-none-eabi/lib/thumb/v7-m\libc_nano.a(lib_a-wsetup.o)
                                                  d:/gcc-arm-none-eabi-8-2018-q4-major-win32/bin/../lib/gcc/arm-none-eabi/7.3.1/../../../../arm-none-eabi/lib/thumb/v7-m\libc_nano.a(lib_a-wbuf.o)
                                                  d:/gcc-arm-none-eabi-8-2018-q4-major-win32/bin/../lib/gcc/arm-none-eabi/7.3.1/../../../../arm-none-eabi/lib/thumb/v7-m\libc_nano.a(lib_a-puts.o)
                                                  d:/gcc-arm-none-eabi-8-2018-q4-major-win32/bin/../lib/gcc/arm-none-eabi/7.3.1/../../../../arm-none-eabi/lib/thumb/v7-m\libc_nano.a(lib_a-impure.o)
__sflush_r                                        d:/gcc-arm-none-eabi-8-2018-q4-major-win32/bin/../lib/gcc/arm-none-eabi/7.3.1/../../../../arm-none-eabi/lib/thumb/v7-m\libc_nano.a(lib_a-fflush.o)
__sfmoreglue                                      d:/gcc-arm-none-eabi-8-2018-q4-major-win32/bin/../lib/gcc/arm-none-eabi/7.3.1/../../../../arm-none-eabi/lib/thumb/v7-m\libc_nano.a(lib_a-findfp.o)
__sfp                                             d:/gcc-arm-none-eabi-8-2018-q4-major-win32/bin/../lib/gcc/arm-none-eabi/7.3.1/../../../../arm-none-eabi/lib/thumb/v7-m\libc_nano.a(lib_a-findfp.o)
__sfp_lock_acquire                                d:/gcc-arm-none-eabi-8-2018-q4-major-win32/bin/../lib/gcc/arm-none-eabi/7.3.1/../../../../arm-none-eabi/lib/thumb/v7-m\libc_nano.a(lib_a-findfp.o)
__sfp_lock_release                                d:/gcc-arm-none-eabi-8-2018-q4-major-win32/bin/../lib/gcc/arm-none-eabi/7.3.1/../../../../arm-none-eabi/lib/thumb/v7-m\libc_nano.a(lib_a-findfp.o)
__sinit                                           d:/gcc-arm-none-eabi-8-2018-q4-major-win32/bin/../lib/gcc/arm-none-eabi/7.3.1/../../../../arm-none-eabi/lib/thumb/v7-m\libc_nano.a(lib_a-findfp.o)
                                                  d:/gcc-arm-none-eabi-8-2018-q4-major-win32/bin/../lib/gcc/arm-none-eabi/7.3.1/../../../../arm-none-eabi/lib/thumb/v7-m\libc_nano.a(lib_a-fflush.o)
                                                  d:/gcc-arm-none-eabi-8-2018-q4-major-win32/bin/../lib/gcc/arm-none-eabi/7.3.1/../../../../arm-none-eabi/lib/thumb/v7-m\libc_nano.a(lib_a-wsetup.o)
                                                  d:/gcc-arm-none-eabi-8-2018-q4-major-win32/bin/../lib/gcc/arm-none-eabi/7.3.1/../../../../arm-none-eabi/lib/thumb/v7-m\libc_nano.a(lib_a-wbuf.o)
                                                  d:/gcc-arm-none-eabi-8-2018-q4-major-win32/bin/../lib/gcc/arm-none-eabi/7.3.1/../../../../arm-none-eabi/lib/thumb/v7-m\libc_nano.a(lib_a-puts.o)
__sinit_lock_acquire                              d:/gcc-arm-none-eabi-8-2018-q4-major-win32/bin/../lib/gcc/arm-none-eabi/7.3.1/../../../../arm-none-eabi/lib/thumb/v7-m\libc_nano.a(lib_a-findfp.o)
__sinit_lock_release                              d:/gcc-arm-none-eabi-8-2018-q4-major-win32/bin/../lib/gcc/arm-none-eabi/7.3.1/../../../../arm-none-eabi/lib/thumb/v7-m\libc_nano.a(lib_a-findfp.o)
__smakebuf_r                                      d:/gcc-arm-none-eabi-8-2018-q4-major-win32/bin/../lib/gcc/arm-none-eabi/7.3.1/../../../../arm-none-eabi/lib/thumb/v7-m\libc_nano.a(lib_a-makebuf.o)
                                                  d:/gcc-arm-none-eabi-8-2018-q4-major-win32/bin/../lib/gcc/arm-none-eabi/7.3.1/../../../../arm-none-eabi/lib/thumb/v7-m\libc_nano.a(lib_a-wsetup.o)
__sread                                           d:/gcc-arm-none-eabi-8-2018-q4-major-win32/bin/../lib/gcc/arm-none-eabi/7.3.1/../../../../arm-none-eabi/lib/thumb/v7-m\libc_nano.a(lib_a-stdio.o)
                                                  d:/gcc-arm-none-eabi-8-2018-q4-major-win32/bin/../lib/gcc/arm-none-eabi/7.3.1/../../../../arm-none-eabi/lib/thumb/v7-m\libc_nano.a(lib_a-findfp.o)
__sseek                                           d:/gcc-arm-none-eabi-8-2018-q4-major-win32/bin/../lib/gcc/arm-none-eabi/7.3.1/../../../../arm-none-eabi/lib/thumb/v7-m\libc_nano.a(lib_a-stdio.o)
                                                  d:/gcc-arm-none-eabi-8-2018-q4-major-win32/bin/../lib/gcc/arm-none-eabi/7.3.1/../../../../arm-none-eabi/lib/thumb/v7-m\libc_nano.a(lib_a-findfp.o)
__stack                                           d:/gcc-arm-none-eabi-8-2018-q4-major-win32/bin/../lib/gcc/arm-none-eabi/7.3.1/../../../../arm-none-eabi/lib/thumb/v7-m/crt0.o
__swbuf                                           d:/gcc-arm-none-eabi-8-2018-q4-major-win32/bin/../lib/gcc/arm-none-eabi/7.3.1/../../../../arm-none-eabi/lib/thumb/v7-m\libc_nano.a(lib_a-wbuf.o)
__swbuf_r                                         d:/gcc-arm-none-eabi-8-2018-q4-major-win32/bin/../lib/gcc/arm-none-eabi/7.3.1/../../../../arm-none-eabi/lib/thumb/v7-m\libc_nano.a(lib_a-wbuf.o)
                                                  d:/gcc-arm-none-eabi-8-2018-q4-major-win32/bin/../lib/gcc/arm-none-eabi/7.3.1/../../../../arm-none-eabi/lib/thumb/v7-m\libc_nano.a(lib_a-puts.o)
__swhatbuf_r                                      d:/gcc-arm-none-eabi-8-2018-q4-major-win32/bin/../lib/gcc/arm-none-eabi/7.3.1/../../../../arm-none-eabi/lib/thumb/v7-m\libc_nano.a(lib_a-makebuf.o)
__swrite                                          d:/gcc-arm-none-eabi-8-2018-q4-major-win32/bin/../lib/gcc/arm-none-eabi/7.3.1/../../../../arm-none-eabi/lib/thumb/v7-m\libc_nano.a(lib_a-stdio.o)
                                                  d:/gcc-arm-none-eabi-8-2018-q4-major-win32/bin/../lib/gcc/arm-none-eabi/7.3.1/../../../../arm-none-eabi/lib/thumb/v7-m\libc_nano.a(lib_a-findfp.o)
__swsetup_r                                       d:/gcc-arm-none-eabi-8-2018-q4-major-win32/bin/../lib/gcc/arm-none-eabi/7.3.1/../../../../arm-none-eabi/lib/thumb/v7-m\libc_nano.a(lib_a-wsetup.o)
                                                  d:/gcc-arm-none-eabi-8-2018-q4-major-win32/bin/../lib/gcc/arm-none-eabi/7.3.1/../../../../arm-none-eabi/lib/thumb/v7-m\libc_nano.a(lib_a-wbuf.o)
                                                  d:/gcc-arm-none-eabi-8-2018-q4-major-win32/bin/../lib/gcc/arm-none-eabi/7.3.1/../../../../arm-none-eabi/lib/thumb/v7-m\libc_nano.a(lib_a-puts.o)
_cleanup                                          d:/gcc-arm-none-eabi-8-2018-q4-major-win32/bin/../lib/gcc/arm-none-eabi/7.3.1/../../../../arm-none-eabi/lib/thumb/v7-m\libc_nano.a(lib_a-findfp.o)
_cleanup_r                                        d:/gcc-arm-none-eabi-8-2018-q4-major-win32/bin/../lib/gcc/arm-none-eabi/7.3.1/../../../../arm-none-eabi/lib/thumb/v7-m\libc_nano.a(lib_a-findfp.o)
                                                  d:/gcc-arm-none-eabi-8-2018-q4-major-win32/bin/../lib/gcc/arm-none-eabi/7.3.1/../../../../arm-none-eabi/lib/thumb/v7-m\libc_nano.a(lib_a-makebuf.o)
_close                                            d:/gcc-arm-none-eabi-8-2018-q4-major-win32/bin/../lib/gcc/arm-none-eabi/7.3.1/../../../../arm-none-eabi/lib/thumb/v7-m\libnosys.a(close.o)
                                                  d:/gcc-arm-none-eabi-8-2018-q4-major-win32/bin/../lib/gcc/arm-none-eabi/7.3.1/../../../../arm-none-eabi/lib/thumb/v7-m\libc_nano.a(lib_a-closer.o)
_close_r                                          d:/gcc-arm-none-eabi-8-2018-q4-major-win32/bin/../lib/gcc/arm-none-eabi/7.3.1/../../../../arm-none-eabi/lib/thumb/v7-m\libc_nano.a(lib_a-closer.o)
                                                  d:/gcc-arm-none-eabi-8-2018-q4-major-win32/bin/../lib/gcc/arm-none-eabi/7.3.1/../../../../arm-none-eabi/lib/thumb/v7-m\libc_nano.a(lib_a-stdio.o)
_ebss                                             build/startup_stm32f103xe.o
_edata                                            build/startup_stm32f103xe.o
_estack                                           build/startup_stm32f103xe.o
_exit                                             d:/gcc-arm-none-eabi-8-2018-q4-major-win32/bin/../lib/gcc/arm-none-eabi/7.3.1/../../../../arm-none-eabi/lib/thumb/v7-m\libnosys.a(_exit.o)
                                                  d:/gcc-arm-none-eabi-8-2018-q4-major-win32/bin/../lib/gcc/arm-none-eabi/7.3.1/../../../../arm-none-eabi/lib/thumb/v7-m\libc_nano.a(lib_a-exit.o)
_fflush_r                                         d:/gcc-arm-none-eabi-8-2018-q4-major-win32/bin/../lib/gcc/arm-none-eabi/7.3.1/../../../../arm-none-eabi/lib/thumb/v7-m\libc_nano.a(lib_a-fflush.o)
                                                  d:/gcc-arm-none-eabi-8-2018-q4-major-win32/bin/../lib/gcc/arm-none-eabi/7.3.1/../../../../arm-none-eabi/lib/thumb/v7-m\libc_nano.a(lib_a-findfp.o)